
> nextn@1.2.0 test
> npm run validate:plugin-ui-contract && NODE_ENV=test node --import tsx --test


> nextn@1.2.0 validate:plugin-ui-contract
> node --import tsx scripts/validate-plugin-ui-contract.ts

✅ Plugin UI contract validation passed.
✔ github-sync manifest declares the expected settings tab copy and icon (0.741635ms)
✔ github-sync manifest evidence tracks sync-specific UX safeguards (0.648421ms)
✔ returns a validation error when owner or repo are missing (0.733615ms)
✔ deriveGitHubSettingsControlState returns deterministic button states/labels for edge combinations (0.417283ms)
✔ builds failure messages for API/network errors (0.198569ms)
✔ deriveDisableOutcome returns deterministic results for edge destructive states (0.986688ms)
✔ deriveClearOutcome returns deterministic results for edge destructive states (0.307935ms)
✔ runLoadGitHubSyncHistory maps error and empty responses to semantic user-facing messages (18.965637ms)
✔ runLoadGitHubSyncHistory maps summary payload fields and warnings into success state data (0.794414ms)
✔ runLoadGitHubSyncHistory supports retry callback behavior by allowing a second invocation to recover from an error (0.856156ms)
✔ initPlugin registers github settings renderer (0.996172ms)
✔ createDomSafePathId returns deterministic, DOM-safe ids for complex paths (0.873092ms)
✔ parseApiResponse surfaces JSON error payload message (3.740469ms)
✔ parseApiResponse handles text/plain error payload with status and route hint (0.648206ms)
✔ parseApiResponse handles HTML 404 payload with clear fallback messaging (0.478241ms)
✔ parseApiResponse reports malformed JSON payload with controlled message (0.508589ms)
✔ apply confirmation requires strong APPLY phrase (0.710761ms)
✔ canceling reset confirmation does not mutate diagnostics state (0.308694ms)
✔ confirming reset returns empty state and keeps undo snapshot (0.738683ms)
✔ audit review content groups flags with plain-language headings and helper text (2.403298ms)
✔ createUiState returns idle state copy (1.616052ms)
✔ createUiState returns loading state with long-running messaging (0.289682ms)
✔ createUiState returns empty state for no logs and no findings (0.440804ms)
✔ createUiState returns error state with concise reason and recovery step (0.323077ms)
✔ createUiState returns success state (0.23162ms)
✔ createUiState interruption flow uses cancellation next step guidance (0.504871ms)
✔ createUiState error for config issues uses server/proxy guidance (0.381096ms)
✔ createUiState error for generic preview failures keeps refresh guidance (0.443445ms)
✔ detectNoTechniquesHighEffort: flags high effort (>= 4) with zero techniques (1.909196ms)
✔ detectNoTechniquesHighEffort: flags effort 5 with zero techniques (1.193513ms)
✔ detectNoTechniquesHighEffort: does not flag effort 3 with zero techniques (0.228577ms)
✔ detectNoTechniquesHighEffort: does not flag effort 5 with techniques (0.174732ms)
✔ detectNoTechniquesHighEffort: respects custom effort threshold (0.162258ms)
✔ detectEmptyDescription: flags missing description (0.230798ms)
✔ detectEmptyDescription: flags empty string description (0.187256ms)
✔ detectEmptyDescription: flags whitespace-only description (0.227516ms)
✔ detectEmptyDescription: does not flag non-empty description (0.203548ms)
✔ detectEmptyNotes: flags missing notes (0.761463ms)
✔ detectEmptyNotes: flags empty notes (0.182129ms)
✔ detectEmptyNotes: flags whitespace-only notes (0.213789ms)
✔ detectEmptyNotes: does not flag non-empty notes (0.19383ms)
✔ detectDurationOutlier: does not flag when duration is undefined (0.277277ms)
✔ detectDurationOutlier: does not flag when less than 3 sessions with duration (0.215824ms)
✔ detectDurationOutlier: flags large duration outliers with 1 std dev multiplier (0.217002ms)
✔ detectDurationOutlier: flags small duration outliers with 1 std dev multiplier (0.179428ms)
✔ detectDurationOutlier: does not flag duration within 2 std deviations (0.283109ms)
✔ detectDurationOutlier: respects custom std dev multiplier (0.157471ms)
✔ runAuditRules: runs all enabled rules (0.371656ms)
✔ runAuditRules: skips disabled rules (0.221221ms)
✔ runAuditRules: returns empty array for clean session (0.181403ms)
✔ runAuditRulesForAllSessions: returns flagged sessions only (0.362507ms)
✔ runAuditRulesForAllSessions: includes sessions with no flags in original list (0.164177ms)
✔ github-sync manifest contract (12.284665ms)
✔ log-doctor manifest contract (0.815274ms)
✔ prompt-settings manifest contract (0.684574ms)
✔ tag-manager manifest contract (0.465917ms)
✔ video-library manifest contract (0.42064ms)
✔ initPlugin registers github-sync ids exactly once (10.935ms)
✔ initPlugin registers log-doctor ids exactly once (0.264496ms)
✔ initPlugin registers prompt-settings ids exactly once (0.209568ms)
✔ initPlugin registers tag-manager ids exactly once (6.517949ms)
✔ initPlugin registers video-library ids exactly once (0.267114ms)
✔ plugin sources avoid hardcoded semantic color utility classes (2.705255ms)
✔ composition conformance passes for a sectioned dashboard shell with destructive flow wrapper (10.121722ms)
✔ composition conformance fails when layout is not shell-rooted, not sectioned, and uses raw destructive button (1.231097ms)
✔ composition conformance fails when required blocks are outside PluginPageShell even if helpers are imported (2.30636ms)
✔ github-sync uses standardized plugin state helpers (1.071202ms)
✔ prompt-settings uses standardized plugin state helpers (0.30081ms)
✔ tag-manager uses standardized plugin state helpers (0.280782ms)
✔ video-library uses standardized plugin state helpers (0.282062ms)
✔ log-doctor uses standardized plugin state helpers (0.36746ms)
✔ required helper contract check fails when helper is missing (0.65789ms)
✔ prompt-settings manifest declares the expected dashboard tab copy and icon (0.733527ms)
✔ prompt-settings manifest evidence tracks prompt settings UX coverage (0.822894ms)
✔ delete flow exposes loading labels and disabled actions while async work is in progress (0.89273ms)
✔ delete flow surfaces recoverable errors and supports retry after apply failure (0.558396ms)
✔ initPlugin registers tag manager renderer with refresh wiring (1.0371ms)
✔ plugins/test-plugin-manifest-contract.ts (290.405788ms)
✔ plugins/test-plugin-registration-contract.ts (213.369484ms)
✔ fallback prompt uses shared default constant with mixed-discipline preservation guidance (1.420327ms)
✔ prompt payload keeps custom prompt override and raw mixed-language input unchanged (0.192179ms)
✔ log-doctor fix route proxies to /api/go/github/log-doctor/fix with expected body mapping (9.427466ms)
✔ log-doctor fix route rejects invalid payloads before proxying (12.519641ms)
✔ log-doctor fix route maps malformed proxy base URL to a configuration-specific 500 message (1.01737ms)
✔ log-doctor route proxies to /api/go/github/log-doctor and trims owner/repo/branch (7.062913ms)
✔ log-doctor route rejects invalid body before proxying (1.815478ms)
✔ log-doctor route returns upstream 404 when proxied go route is absent (1.353353ms)
✔ log-doctor route maps malformed proxy base URL to a configuration-specific 500 message (0.511868ms)
✔ derivePluginManagerInstalledViewState maps lifecycle scenarios to visible UI states (20.87078ms)
✔ installed content renders behavior-defining UI surfaces for each scenario state (4.042005ms)
✔ deriveInstalledPlugins keeps tag-manager priority and does not mutate source rows across repeated calls (7.750819ms)
✔ isActiveRefreshRequest only applies responses for the latest mounted refresh (0.158045ms)
✔ isActiveRefreshRequest prevents out-of-order completion from regressing current UI state (0.40109ms)
✔ installed table uses semantic tone utility classes for maturity and severity badges (2.346567ms)
✔ PluginPageShell renders title, description, icon, and content regions (11.808696ms)
✔ PluginNotice renders notice title and description content (1.821634ms)
✔ VersionHistoryModal clears loading and renders release content after a successful fetch (149.267037ms)
✔ VersionHistoryModal clears loading and surfaces an error message after a failed fetch (4.271128ms)
✔ useSessionFormAi hook structure is verified (0.665568ms)
✔ APP_VERSION matches package.json version (6.491932ms)
✔ APP_VERSION matches the latest CHANGELOG.md entry (5.234527ms)
✔ guest normalization (null/undefined/blank -> guest) (1.058116ms)
✔ active user switching (0.282865ms)
✔ scoped key generation for explicit user (0.457169ms)
✔ guest-mode predicate behavior (0.365484ms)
▶ dashboard utilities - user initials generation
  ✔ generates initials from display name (0.837652ms)
  ✔ generates initials from email when display name is unavailable (0.221397ms)
  ✔ uses guest label when both display name and email are unavailable in guest mode (0.136784ms)
  ✔ uses MM default when both display name and email are unavailable in non-guest mode (0.112004ms)
  ✔ handles single-word display names (0.09317ms)
  ✔ limits initials to 2 characters maximum (0.164283ms)
  ✔ converts initials to uppercase (0.124851ms)
  ✔ handles email with multiple domains correctly (0.17898ms)
✔ dashboard utilities - user initials generation (3.169916ms)
▶ dashboard utilities - guest badge label
  ✔ returns guest workspace label for custom source (0.206499ms)
  ✔ returns demo preview label for demo source (0.118098ms)
✔ dashboard utilities - guest badge label (0.648554ms)
▶ dashboard utilities - sync status text generation
  ✔ returns offline when not online (1.076167ms)
  ✔ returns syncing when actively syncing (0.15283ms)
  ✔ returns pending count when online but not syncing with pending items (0.134747ms)
  ✔ returns synced when online with no pending items (0.109756ms)
  ✔ prioritizes offline status over syncing (0.128386ms)
  ✔ prioritizes syncing status over pending count (0.121264ms)
  ✔ handles single pending item correctly (0.111471ms)
  ✔ handles large pending counts (0.132555ms)
✔ dashboard utilities - sync status text generation (2.691457ms)
▶ dashboard utilities - guest workspace description
  ✔ returns custom description for custom source (0.122521ms)
  ✔ returns demo description for demo source (0.062063ms)
✔ dashboard utilities - guest workspace description (0.380434ms)
▶ dashboard utilities - guest mode alert message
  ✔ returns custom workspace message with auth available (0.188003ms)
  ✔ returns custom workspace message without auth available (0.067242ms)
  ✔ returns demo workspace message with auth available (0.058824ms)
  ✔ returns demo workspace message without auth available (0.065389ms)
✔ dashboard utilities - guest mode alert message (0.588903ms)
▶ dashboard utilities - sign in button text
  ✔ returns unlock button text when auth is available (0.096946ms)
  ✔ returns setup button text when auth is not available (0.049998ms)
✔ dashboard utilities - sign in button text (0.273064ms)
✔ canonical design token keys match DESIGN.md section 2 source of truth (1.626208ms)
✔ canonical design token keys remain kebab-case and do not introduce underscores (0.25787ms)
✔ updateSession moves the markdown file when the session date changes (38.596691ms)
✔ updateSession leaves exactly one markdown file for the session after a date move (12.731782ms)
✔ findSessionFileById locates a session even when the file path month no longer matches frontmatter date (5.654662ms)
✔ updateSession rejects a conflicting destination file and preserves the original file (12.258555ms)
✔ updateSession overwrites an existing destination file when it has the same session ID with stale content (23.350942ms)
✔ concurrent updateSession calls for the same file return a conflict for one caller (11.796747ms)
✔ updateSession releases same-path lock when commit rename fails (16.015471ms)
✔ concurrent deleteSession and updateSession cannot resurrect a session (21.420629ms)
✔ updateSession returns SessionNotFoundError when delete wins before update acquires the lock (15.33255ms)
✔ shouldReclaimSessionUpdateLock keeps alive PID locks even when old (1.896174ms)
✔ updateSession reclaims same-path lock when owner PID is dead regardless of age (12.237854ms)
✔ updateSession reclaims malformed same-path lock metadata (12.32441ms)
✔ updateSession keeps conflict behavior when same-path lock is active (5.184061ms)
✔ acquireSessionUpdateLock allows same-owner reentrant acquisition (10.534167ms)
✔ acquireSessionUpdateLock keeps conflicts for different-owner active locks (3.496394ms)
✔ reentrant release ordering cannot delete another owner reclaimed lock (5.231555ms)
✔ shouldReclaimSessionUpdateLock reclaims unknown PID locks only after timeout age (2.249992ms)
✔ concurrent date-move updates avoid deadlock and resolve with one winner (14.855279ms)
✔ deleteSession racing with date move yields deterministic deleted state (13.682271ms)
✔ updateSession release lock is robust on normal and ENOENT cleanup paths (15.447226ms)
✔ late release does not delete a reclaimed lock owned by another caller (22.062202ms)
✔ createSession rejects same-ID concurrent creates across different dates and preserves a single canonical file (5.284838ms)
✔ createSession resolves concurrent create when the winning writer completes after 200ms (570.409053ms)
✔ findSessionFileById throws DuplicateSessionIdError when multiple files share an ID (7.954301ms)
Skipping unreadable or malformed session file during lookup for session-duplicate-with-malformed: /tmp/matmetrics-file-storage-s2i8tP/2025/03/20250310-matmetrics-session-malformed-neighbor.md Error: Missing or invalid "id" in frontmatter
    at validateId (/workspaces/matmetrics/src/lib/markdown-serializer.ts:117:11)
    at markdownToSession (/workspaces/matmetrics/src/lib/markdown-serializer.ts:84:14)
    at tryParseSessionFile (/workspaces/matmetrics/src/lib/file-storage.ts:1314:27)
    at async scanMonthDirectory (/workspaces/matmetrics/src/lib/file-storage.ts:1395:25)
    at async scanYearDirectory (/workspaces/matmetrics/src/lib/file-storage.ts:1427:26)
    at async findSessionFileById (/workspaces/matmetrics/src/lib/file-storage.ts:1481:25)
    at async waitForActual (node:assert:646:5)
    at async strict.rejects (node:assert:769:25)
    at async <anonymous> (/workspaces/matmetrics/src/lib/file-storage.test.ts:1244:7)
    at async withTempDataDir (/workspaces/matmetrics/src/lib/file-storage.test.ts:66:5)
✔ findSessionFileById still detects duplicate IDs when malformed files are present (39.360928ms)
Skipping unreadable or malformed session file during lookup for session-read-error: /tmp/matmetrics-file-storage-fHhw17/2025/01/20250110-matmetrics-session-read-error-bad.md Error: Missing or invalid "id" in frontmatter
    at validateId (/workspaces/matmetrics/src/lib/markdown-serializer.ts:117:11)
    at markdownToSession (/workspaces/matmetrics/src/lib/markdown-serializer.ts:84:14)
    at tryParseSessionFile (/workspaces/matmetrics/src/lib/file-storage.ts:1314:27)
    at async scanMonthDirectory (/workspaces/matmetrics/src/lib/file-storage.ts:1395:25)
    at async scanYearDirectory (/workspaces/matmetrics/src/lib/file-storage.ts:1427:26)
    at async findSessionFileById (/workspaces/matmetrics/src/lib/file-storage.ts:1481:25)
    at async <anonymous> (/workspaces/matmetrics/src/lib/file-storage.test.ts:1275:20)
    at async withTempDataDir (/workspaces/matmetrics/src/lib/file-storage.test.ts:66:5)
    at async TestContext.<anonymous> (/workspaces/matmetrics/src/lib/file-storage.test.ts:1263:5)
    at async Test.run (node:internal/test_runner/test:1113:7)
✔ findSessionFileById skips malformed sibling markdown files and still finds valid matches (11.008505ms)
Skipping invalid indexed session record for session-malformed-indexed; falling back to directory scan Error: Missing or invalid "date" in frontmatter
    at validateDate (/workspaces/matmetrics/src/lib/markdown-serializer.ts:124:11)
    at markdownToSession (/workspaces/matmetrics/src/lib/markdown-serializer.ts:85:16)
    at checkIndexedSessionRecord (/workspaces/matmetrics/src/lib/file-storage.ts:1348:27)
    at async findSessionFileById (/workspaces/matmetrics/src/lib/file-storage.ts:1460:23)
    at async <anonymous> (/workspaces/matmetrics/src/lib/file-storage.test.ts:1306:20)
    at async withTempDataDir (/workspaces/matmetrics/src/lib/file-storage.test.ts:66:5)
    at async TestContext.<anonymous> (/workspaces/matmetrics/src/lib/file-storage.test.ts:1284:5)
    at async Test.run (node:internal/test_runner/test:1113:7)
    at async Test.processPendingSubtests (node:internal/test_runner/test:788:7)
Skipping unreadable or malformed session file during lookup for session-malformed-indexed: /tmp/matmetrics-file-storage-q7y1Td/2025/04/20250421-matmetrics-session-malformed-indexed.md Error: Missing or invalid "date" in frontmatter
    at validateDate (/workspaces/matmetrics/src/lib/markdown-serializer.ts:124:11)
    at markdownToSession (/workspaces/matmetrics/src/lib/markdown-serializer.ts:85:16)
    at tryParseSessionFile (/workspaces/matmetrics/src/lib/file-storage.ts:1314:27)
    at async scanMonthDirectory (/workspaces/matmetrics/src/lib/file-storage.ts:1395:25)
    at async scanYearDirectory (/workspaces/matmetrics/src/lib/file-storage.ts:1427:26)
    at async findSessionFileById (/workspaces/matmetrics/src/lib/file-storage.ts:1481:25)
    at async <anonymous> (/workspaces/matmetrics/src/lib/file-storage.test.ts:1306:20)
    at async withTempDataDir (/workspaces/matmetrics/src/lib/file-storage.test.ts:66:5)
    at async TestContext.<anonymous> (/workspaces/matmetrics/src/lib/file-storage.test.ts:1284:5)
    at async Test.run (node:internal/test_runner/test:1113:7)
✔ findSessionFileById falls back to full scan when indexed file is malformed (9.881658ms)
Skipping invalid indexed session record for session-caller-read-error; falling back to directory scan Error: simulated io failure
    at Object.import_fs.promises.readFile (/workspaces/matmetrics/src/lib/file-storage.test.ts:1323:31)
    at checkIndexedSessionRecord (/workspaces/matmetrics/src/lib/file-storage.ts:1344:31)
    at async findSessionFileById (/workspaces/matmetrics/src/lib/file-storage.ts:1460:23)
    at async updateSession (/workspaces/matmetrics/src/lib/file-storage.ts:1078:24)
    at async waitForActual (node:assert:646:5)
    at async strict.rejects (node:assert:769:25)
    at async <anonymous> (/workspaces/matmetrics/src/lib/file-storage.test.ts:1331:9)
    at async withTempDataDir (/workspaces/matmetrics/src/lib/file-storage.test.ts:66:5)
    at async TestContext.<anonymous> (/workspaces/matmetrics/src/lib/file-storage.test.ts:1315:5)
    at async Test.run (node:internal/test_runner/test:1113:7) {
  code: 'EIO'
}
Skipping unreadable or malformed session file during lookup for session-caller-read-error: /tmp/matmetrics-file-storage-nQ4XYX/2025/01/20250110-matmetrics-session-caller-read-error.md Error: simulated io failure
    at Object.import_fs.promises.readFile (/workspaces/matmetrics/src/lib/file-storage.test.ts:1323:31)
    at tryParseSessionFile (/workspaces/matmetrics/src/lib/file-storage.ts:1313:31)
    at async scanMonthDirectory (/workspaces/matmetrics/src/lib/file-storage.ts:1395:25)
    at async scanYearDirectory (/workspaces/matmetrics/src/lib/file-storage.ts:1427:26)
    at async findSessionFileById (/workspaces/matmetrics/src/lib/file-storage.ts:1481:25)
    at async updateSession (/workspaces/matmetrics/src/lib/file-storage.ts:1078:24)
    at async waitForActual (node:assert:646:5)
    at async strict.rejects (node:assert:769:25)
    at async <anonymous> (/workspaces/matmetrics/src/lib/file-storage.test.ts:1331:9)
    at async withTempDataDir (/workspaces/matmetrics/src/lib/file-storage.test.ts:66:5) {
  code: 'EIO'
}
Skipping invalid indexed session record for session-caller-read-error; falling back to directory scan Error: simulated io failure
    at Object.import_fs.promises.readFile (/workspaces/matmetrics/src/lib/file-storage.test.ts:1323:31)
    at checkIndexedSessionRecord (/workspaces/matmetrics/src/lib/file-storage.ts:1344:31)
    at async findSessionFileById (/workspaces/matmetrics/src/lib/file-storage.ts:1460:23)
    at async deleteSession (/workspaces/matmetrics/src/lib/file-storage.ts:1198:23)
    at async waitForActual (node:assert:646:5)
    at async strict.rejects (node:assert:769:25)
    at async <anonymous> (/workspaces/matmetrics/src/lib/file-storage.test.ts:1338:9)
    at async withTempDataDir (/workspaces/matmetrics/src/lib/file-storage.test.ts:66:5)
    at async TestContext.<anonymous> (/workspaces/matmetrics/src/lib/file-storage.test.ts:1315:5)
    at async Test.run (node:internal/test_runner/test:1113:7) {
  code: 'EIO'
}
Skipping unreadable or malformed session file during lookup for session-caller-read-error: /tmp/matmetrics-file-storage-nQ4XYX/2025/01/20250110-matmetrics-session-caller-read-error.md Error: simulated io failure
    at Object.import_fs.promises.readFile (/workspaces/matmetrics/src/lib/file-storage.test.ts:1323:31)
    at tryParseSessionFile (/workspaces/matmetrics/src/lib/file-storage.ts:1313:31)
    at async scanMonthDirectory (/workspaces/matmetrics/src/lib/file-storage.ts:1395:25)
    at async scanYearDirectory (/workspaces/matmetrics/src/lib/file-storage.ts:1427:26)
    at async findSessionFileById (/workspaces/matmetrics/src/lib/file-storage.ts:1481:25)
    at async deleteSession (/workspaces/matmetrics/src/lib/file-storage.ts:1198:23)
    at async waitForActual (node:assert:646:5)
    at async strict.rejects (node:assert:769:25)
    at async <anonymous> (/workspaces/matmetrics/src/lib/file-storage.test.ts:1338:9)
    at async withTempDataDir (/workspaces/matmetrics/src/lib/file-storage.test.ts:66:5) {
  code: 'EIO'
}
✔ updateSession and deleteSession return not-found when all matching files are unreadable (9.875934ms)
✔ updateSession and deleteSession throw DuplicateSessionIdError when session ID is duplicated (8.749925ms)
✔ deleteSession treats ENOENT as already deleted and still removes the index entry (10.592778ms)
✔ deleteSession retries once after ENOENT and deletes a moved session file (16.434162ms)
✔ createSession rolls back index lock when markdown write fails (4.58696ms)
✔ listSessions and hasAnySessions ignore index-only directories (2.249159ms)
Failed to read session index for session-outside-index Error: Resolved session file path escapes data directory
    at ensureResolvedPathWithinDataDir (/workspaces/matmetrics/src/lib/file-storage.ts:154:11)
    at ensureExistingPathWithinDataDir (/workspaces/matmetrics/src/lib/file-storage.ts:175:20)
    at readSessionIndex (/workspaces/matmetrics/src/lib/file-storage.ts:675:21)
    at async checkIndexedSessionRecord (/workspaces/matmetrics/src/lib/file-storage.ts:1338:25)
    at async findSessionFileById (/workspaces/matmetrics/src/lib/file-storage.ts:1460:23)
    at async <anonymous> (/workspaces/matmetrics/src/lib/file-storage.test.ts:1589:22)
    at async withTempDataDir (/workspaces/matmetrics/src/lib/file-storage.test.ts:66:5)
    at async TestContext.<anonymous> (/workspaces/matmetrics/src/lib/file-storage.test.ts:1560:5)
    at async Test.run (node:internal/test_runner/test:1113:7)
    at async Test.processPendingSubtests (node:internal/test_runner/test:788:7)
✔ findSessionFileById ignores index records that point outside the data root (8.239556ms)
✔ listSessions and hasAnySessions ignore symlinked year directories that escape the data root (2.849941ms)
✔ getNextCounter rejects invalid dates before constructing paths (1.638935ms)
✔ getNextCounter counts existing sessions for a normalized valid date (7.115787ms)
✔ extractDateFromPath extracts dates from POSIX-style session paths (0.234868ms)
✔ extractDateFromPath extracts dates from Windows-style session paths (0.123823ms)
Skipping unreadable or malformed session file during lookup for session-duplicate-unreadable: /tmp/matmetrics-file-storage-whO6D5/2025/02/20250210-matmetrics-session-duplicate-unreadable.md Error: simulated read failure
    at Object.import_fs.promises.readFile (/workspaces/matmetrics/src/lib/file-storage.test.ts:1742:33)
    at tryParseSessionFile (/workspaces/matmetrics/src/lib/file-storage.ts:1313:31)
    at async scanMonthDirectory (/workspaces/matmetrics/src/lib/file-storage.ts:1395:25)
    at async scanYearDirectory (/workspaces/matmetrics/src/lib/file-storage.ts:1427:26)
    at async findSessionFileById (/workspaces/matmetrics/src/lib/file-storage.ts:1481:25)
    at async <anonymous> (/workspaces/matmetrics/src/lib/file-storage.test.ts:1752:23)
    at async withTempDataDir (/workspaces/matmetrics/src/lib/file-storage.test.ts:66:5)
    at async TestContext.<anonymous> (/workspaces/matmetrics/src/lib/file-storage.test.ts:1714:5)
    at async Test.run (node:internal/test_runner/test:1113:7)
    at async Test.processPendingSubtests (node:internal/test_runner/test:788:7) {
  code: 'EACCES'
}
✔ findSessionFileById skips unreadable duplicates and returns the readable one (12.737215ms)
✔ findSessionFileById skips symlink year directories and continues scanning (5.955237ms)
✔ findSessionFileById skips symlink month directories and continues scanning (5.227828ms)
✔ findSessionFileById collects all matching paths before checking for duplicates (10.943939ms)
FIREBASE_SERVICE_ACCOUNT_KEY contains malformed JSON. SyntaxError: Expected property name or '}' in JSON at position 1 (line 1 column 2)
    at JSON.parse (<anonymous>)
    at parseServiceAccountKey (/workspaces/matmetrics/src/lib/firebase-admin.ts:60:19)
    at TestContext.<anonymous> (/workspaces/matmetrics/src/lib/firebase-admin.test.ts:142:22)
    at Test.runInAsyncScope (node:async_hooks:214:14)
    at Test.run (node:internal/test_runner/test:1106:25)
    at Test.start (node:internal/test_runner/test:1003:17)
    at TestContext.test (node:internal/test_runner/test:378:20)
    at TestContext.<anonymous> (/workspaces/matmetrics/src/lib/firebase-admin.test.ts:141:13)
    at async Test.run (node:internal/test_runner/test:1113:7)
    at async startSubtestAfterBootstrap (node:internal/test_runner/harness:358:3)
▶ parseServiceAccountKey table-driven behavior
  ✔ returns null for undefined input (0.638155ms)
  ✔ returns null for malformed JSON (2.726086ms)
  ✔ returns null when required fields are missing (0.197511ms)
  ✔ rejects non-string project_id (0.127566ms)
  ✔ rejects non-string client_email (0.121181ms)
  ✔ rejects non-string private_key (0.09298ms)
  ✔ rejects empty project_id after trimming (0.113051ms)
  ✔ rejects empty client_email after trimming (0.136555ms)
  ✔ rejects empty private_key after trimming (0.140636ms)
  ✔ tolerates extra fields and returns exact parsed shape (0.754804ms)
  ✔ rejects non-object JSON payload (0.068737ms)
  ✔ normalizes escaped private key newlines (0.125156ms)
  ✔ preserves already normalized private key newlines (0.110742ms)
✔ parseServiceAccountKey table-driven behavior (7.314196ms)
✔ getGitHubSessionPath encodes reserved characters and rejects oversized IDs (1.825596ms)
✔ findSessionPathOnGitHubById traverses directory listings when the tree is truncated (20.095608ms)
✔ findSessionPathOnGitHubById returns null when the branch ref is missing (0.680313ms)
✔ findSessionPathOnGitHubById does not reuse manifest entries across branches (2.279978ms)
✔ findSessionPathOnGitHubById evicts stale manifest entry and falls back to tree scan (0.952759ms)
✔ default branch refresh invalidates prior-branch manifest scope (3.510693ms)
✔ findSessionPathOnGitHubById surfaces non-404 GitHub errors (0.679753ms)
✔ bulkPushSessions reports README update failure after pushing session content (1.76569ms)
✔ createSessionOnGitHub treats an identical existing file as success (1.167141ms)
✔ updateSessionOnGitHub moves the file when the session date changes (2.196155ms)
✔ resolveBranch cache is isolated by token fingerprint (1.989951ms)
✔ default branch cache expires after TTL (1.70173ms)
✔ createSessionOnGitHub invalidates stale default branch cache and retries once on invalid ref write failure (1.014458ms)
✔ proxyGoFunction returns JSON payloads for JSON upstream errors (6.604135ms)
✔ proxyGoFunction returns plain text responses with status and key headers (1.187006ms)
✔ proxyGoFunction preserves empty non-JSON responses (0.676874ms)
✔ proxyGoFunction throws a controlled error for malformed MATMETRICS_GO_PROXY_BASE_URL (0.806381ms)
✔ guest workspace seeds demo data the first time guest mode initializes (1.898568ms)
✔ demo sessions fixture enforces stable product invariants (0.547987ms)
✔ guest workspace becomes importable after local edits and can be dismissed (8.046004ms)
✔ clearing guest workspace removes guest sessions and metadata (0.44566ms)
✔ action feedback controller eventually transitions success and error to idle (1.467613ms)
✔ error reset is scheduled later than success reset (0.347087ms)
✔ reset() and dispose() cancel pending idle resets (0.301846ms)
✔ EOF without trailing newline preserves notes text (4.089272ms)
✔ CRLF and mixed newline parsing preserve sections (1.305167ms)
✔ Roundtrip preserves techniques/description/notes (1.586014ms)
✔ Roundtrip preserves videoUrl when present (0.850236ms)
✔ sessionToMarkdown writes videoUrl in frontmatter when present (0.499557ms)
✔ markdownToSession reads videoUrl from frontmatter when present (0.41314ms)
✔ markdown without videoUrl still parses (0.367679ms)
✔ serializer always emits description and notes headings (0.233699ms)
✔ title may differ from frontmatter and still parse (0.443972ms)
✔ Description and notes preserve embedded "## " strings in paragraphs (0.460792ms)
✔ Description and notes preserve fenced code blocks with "## " lines (0.290458ms)
✔ title must still be a level-1 heading (0.685412ms)
✔ invalid date frontmatter values are rejected (0.217602ms)
✔ invalid effort frontmatter values are rejected (0.218771ms)
✔ invalid category frontmatter values are rejected (0.248227ms)
✔ invalid duration frontmatter values are rejected (0.291013ms)
✔ videoUrl SSRF-protected hosts are rejected (1.862868ms)
✔ videoUrl with public hosts is allowed (0.815114ms)
✔ missing each required section is rejected (0.460403ms)
✔ required headings only inside fenced code blocks are rejected (0.220496ms)
✔ fully valid canonical markdown passes required section validation (0.221525ms)
Plugin runtime warning {
  code: 'dashboard_tab_renderer_unresolved',
  severity: 'warning',
  path: 'plugins.missing-renderer-plugin.uiExtensions.missing-renderer-extension.config.component',
  message: 'Dashboard tab component "unknown_component" is not registered to a renderer.',
  pluginId: 'missing-renderer-plugin',
  extensionId: 'missing-renderer-extension',
  componentId: 'unknown_component'
}
Plugin runtime warning {
  code: 'dashboard_tab_missing_capability',
  severity: 'warning',
  path: 'plugins.missing-capability-plugin.capabilities',
  message: 'Dashboard extension "tag-manager-dashboard-tab" requires capability "tag_mutation" and was not rendered.',
  pluginId: 'missing-capability-plugin',
  extensionId: 'tag-manager-dashboard-tab'
}
✔ maps dashboard tab extension fixture into plugin tab metadata (169.016797ms)
✔ integration: loadEnabledDashboardTabExtensions wires into tab mapping (13.988181ms)
✔ core tabs no longer include prompt settings (0.278405ms)
✔ plugins is the last core navigation item (0.165447ms)
✔ resolves plugin tab when renderer is registered in the registry (4.798287ms)
✔ captures structured runtime warning when plugin component cannot be resolved (3.621506ms)
✔ captures runtime warning and skips tab when required capability is missing (1.824351ms)
Plugin runtime warning {
  code: 'dashboard_tab_design_token_variants_missing',
  severity: 'warning',
  path: 'plugins.wide-plugin.uiContract.designTokenVariants',
  message: 'Dashboard extension "wide-extension" should declare uiContract.designTokenVariants to document shared token usage and prevent style drift.',
  pluginId: 'wide-plugin',
  extensionId: 'wide-extension'
}
✔ awaits async plugin init before resolving renderers to avoid timing warnings (29.665067ms)
✔ wraps plugin tab renderer in wide layout surface when uiContract.layoutVariant is wide (34.979759ms)
✔ emits runtime warning when required UX state helpers are missing from plugin render tree (2.83183ms)
✔ emits runtime warning when uiContract.designTokenVariants is missing for a dashboard tab (4.616928ms)
✔ blocks hostname policy for localhost and local domains (1.120613ms)
✔ blocks URL bypass targets across ipv4 and ipv6 (0.698311ms)
✔ blocks additional private and internal address families (0.372532ms)
✔ allows public internet hosts and addresses (0.213553ms)
✔ treats malformed ip literals as blocked (0.202225ms)
✔ handles valid expanded and compressed ipv6 addresses (0.224231ms)
✔ autoDisablePluginIfNeeded - returns manifest unchanged if no issues (32.639438ms)
✔ autoDisablePluginIfNeeded - disables plugin with missing capabilities (2.18944ms)
✔ autoDisablePluginIfNeeded - disables plugin with version mismatch (1.557049ms)
✔ autoDisablePluginIfNeeded - respects already disabled plugins (1.308419ms)
✔ autoDisablePluginIfNeeded - handles non-object manifests gracefully (1.079277ms)
✔ toValidationTable skips runtime renderer checks by default (server-safe) (1.9231ms)
✔ server-side validation files avoid static bootstrap import chains (2.708143ms)
✔ returns required capability for extension types covered by policy (0.782864ms)
✔ returns null for malformed extension config shape (0.19447ms)
✔ returns null for unknown ids and unknown extension types (0.13421ms)
✔ discoverEnabledDashboardTabExtensions returns empty list when no plugins exist (19.199793ms)
✔ discoverEnabledDashboardTabExtensions returns one extension for one valid plugin (5.897675ms)
✔ discoverEnabledDashboardTabExtensions skips invalid plugin manifests (4.333933ms)
✔ discoverEnabledDashboardTabExtensions ignores disabled plugins (3.524131ms)
✔ discoverEnabledDashboardTabExtensions applies enabled overrides over manifest defaults (3.026871ms)
✔ github-sync initPlugin tolerates missing runtime registration hooks (1.137577ms)
✔ github-sync runtime wiring registers a renderer that returns GitHubSettings (0.829515ms)
✔ loadDashboardTabExtensions uses discovery API response when available (22.343339ms)
✔ loadDashboardTabExtensions falls back to local registry when discovery fails (0.503511ms)
✔ loadDashboardTabExtensions logs API error payload before falling back (0.626803ms)
✔ loadDashboardTabExtensions legacy fallback respects enabled filtering (632.609253ms)
✔ scorePluginMaturity returns Bronze for minimally documented plugin (13.464666ms)
✔ scorePluginMaturity caps plugin at Bronze when capability warning exists (11.523792ms)
✔ scorePluginMaturity returns Silver for a fully documented and tested first-party plugin (11.281867ms)
✔ scorePluginMaturity requires explicit manifest gold tier for Gold promotion (13.011718ms)
✔ scorePluginMaturity blocks Gold when evidence is heuristic-only even if review tier is gold (9.394314ms)
✔ scorePluginMaturity blocks Gold when support docs are missing (6.935242ms)
✔ scorePluginMaturity awards feature-quality points for test-asserted UX states even with different implementation text (8.040232ms)
✔ scorePluginMaturity does not require undeclared error/empty criteria when policy gates relevance (5.507268ms)
✔ scorePluginMaturity ignores keyword-only UX matches when no criterion is relevant (7.146066ms)
✔ scorePluginMaturity still warns when declared error criterion lacks test assertion evidence (4.213104ms)
✔ scorePluginMaturity preserves destructive-action relevance gating when no signal marks it relevant (5.34337ms)
✔ scorePluginMaturity does not warn when manifest component matches plugin registration and file (4.043301ms)
✔ scorePluginMaturity static scan matches optional/non-optional and spacing variants for registerPluginComponent (12.307462ms)
✔ scorePluginMaturity warns when manifest component is missing from plugin registration (5.09783ms)
✔ scorePluginMaturity accepts runtime registration without local/shared component files (3.860209ms)
✔ scorePluginMaturity accepts plugin-local component files as component evidence (7.235198ms)
✔ scorePluginMaturity warns when declared component has no local, shared, or runtime evidence (3.528069ms)
✔ scorePluginMaturity counts src/lib/tags/service.test.ts as evidence for tag-manager (6.180315ms)
✔ scorePluginMaturity accepts explicit ux evidence without heuristic keywords in tests (4.996398ms)
✔ scorePluginMaturity exposes heuristic verification details when explicit evidence is absent (8.580273ms)
✔ runPluginContractGate passes when entrypoint, component, and README checks succeed (9.814845ms)
✔ runPluginContractGate fails when required files and sections are missing (3.288018ms)
✔ runPluginContractGate accepts explicit runtime registration from src/index.ts (3.625505ms)
✔ runPluginContractGate emits non-blocking warning when packaged runtime lacks source artifacts (3.245885ms)
✔ runPluginContractGate accepts README heading contracts for plugin operation docs (6.998311ms)
✔ runPluginContractGate fails when entrypoint imports plugin UI from shared src/components (3.497211ms)
✔ getPluginManagerAccessState requires auth configuration before plugin access (0.751731ms)
✔ normalizeInstalledPluginRows keeps only valid manifest rows (0.331628ms)
✔ normalizeInstalledPluginRows keeps maturity when contract gate errors exist (0.172986ms)
✔ fetchInstalledPlugins adds auth headers and parses valid plugin rows (18.326754ms)
✔ fetchInstalledPlugins ignores non-string maturity metadata values (0.518733ms)
✔ fetchInstalledPlugins surfaces API error payloads for auth failures (0.754041ms)
✔ toggleInstalledPlugin sends auth headers and toggle payload (0.999258ms)
✔ published maturity scorecard artifact matches current manifest evidence (39.00563ms)
✔ published plugin UI migration artifact matches current plugin entrypoint usage (24.610161ms)
✔ validateManifestComponentRenderers resolves declared github-sync component id (555.668402ms)
✔ validateManifestComponentRenderers flags unresolved component id predictably (0.432443ms)
✔ persistPluginEnabledOverride stores and loads overrides in auth test mode (1.541931ms)
✔ persistPluginEnabledOverride rejects when firebase admin is unavailable outside test mode (0.655268ms)
✔ applyPluginEnabledOverrides changes enabled state only when an override exists (0.29499ms)
✔ tag-manager manifest contract includes required runtime fields (1.503023ms)
✔ tag-manager initPlugin wires register and registerPluginComponent (0.313699ms)
✔ tag-manager renderer returns TagManager and forwards refreshSessions as onRefresh (0.531771ms)
✔ tag-manager dashboard renderer resolves after plugin bootstrap (169.589276ms)
✔ valid manifest passes with no issues (2.744129ms)
✔ invalid manifest reports normalized errors with paths and severity (0.960875ms)
✔ unknown extension type is warning by default (0.261197ms)
✔ unknown extension type can be explicitly accepted as experimental (0.326007ms)
✔ sensitive extension without required capability returns warning (0.255894ms)
✔ unknown capability returns warning (0.195682ms)
✔ known capability declaration passes without warnings (0.236726ms)
✔ video audit capability declaration passes without warnings (0.160017ms)
✔ manifest accepts optional first-party metadata and maturity metadata (0.510181ms)
✔ plugin with acceptable minVersion passes (0.434459ms)
✔ plugin with too-high minVersion returns warning (0.20917ms)
✔ plugin without explicit minVersion passes regardless of version (0.188626ms)
✔ runtime component renderer checks run only when explicitly enabled (629.789945ms)
✔ manifest accepts uiContract metadata (0.758195ms)
✔ malformed uiContract is rejected (1.179579ms)
✔ uiContract designTokenVariants reject unknown underscore token keys (0.403192ms)
✔ uiContract designTokenVariants warn on explicit legacy migration mappings (0.379223ms)
✔ compareVersions - compares semantic versions correctly (0.80993ms)
✔ compareVersions - handles missing patch versions (0.166685ms)
✔ meetsMinimumVersion - returns true when version meets or exceeds minimum (0.137339ms)
✔ meetsMinimumVersion - returns false when version is below minimum (0.094277ms)
✔ meetsMinimumVersion - handles real-world version scenarios (0.153397ms)
✔ parseChangelog parses releases in descending order (1.982955ms)
✔ getRecentReleasesFromSource returns the latest three releases (0.305131ms)
✔ parseChangelog rejects unsupported section labels (0.402263ms)
✔ parseChangelog rejects invalid release dates (0.153618ms)
✔ assertReleaseVersionConsistency rejects mismatched versions (0.251574ms)
Failed to verify Firebase ID token Error: Invalid test token
    at verifyToken (/workspaces/matmetrics/src/lib/server-auth.ts:32:13)
    at requireAuthenticatedUser (/workspaces/matmetrics/src/lib/server-auth.ts:71:18)
    at <anonymous> (/workspaces/matmetrics/src/lib/server-auth.test.ts:140:28)
    at withEnv (/workspaces/matmetrics/src/lib/server-auth.test.ts:35:11)
    at TestContext.<anonymous> (/workspaces/matmetrics/src/lib/server-auth.test.ts:137:9)
    at Test.runInAsyncScope (node:async_hooks:214:14)
    at Test.run (node:internal/test_runner/test:1106:25)
    at Test.processPendingSubtests (node:internal/test_runner/test:788:18)
    at Test.postRun (node:internal/test_runner/test:1235:19)
    at Test.run (node:internal/test_runner/test:1163:12)
✔ test env + MATMETRICS_AUTH_TEST_MODE accepts valid Bearer authorization (3.517144ms)
✔ non-test env + MATMETRICS_AUTH_TEST_MODE rejects shortcut and uses normal auth path (4.926322ms)
✔ normal auth path unchanged when test mode is disabled (0.683243ms)
✔ requireAuthenticatedUser rejects malformed authorization header variants (3.194354ms)
✔ requireAuthenticatedUser rejects invalid test-mode token in test env (4.668317ms)
✔ resolveAuthorizedGitHubConfig treats null and undefined missing-state inputs identically (1.735489ms)
✔ resolveAuthorizedGitHubConfig allows omitted requested branch when stored branch is present (0.555345ms)
✔ resolveAuthorizedGitHubConfig rejects explicit mismatched branch (2.472433ms)
[CORRUPT] Skipping GitHub session file at data/2025/03/20250315-matmetrics-broken-session.md: Missing or invalid "id" in frontmatter
✔ listSessionsFromGitHub includes modern and legacy matmetrics session markdown paths (30.249824ms)
✔ scanSessionsFromGitHub returns sessions and file-level issues for mixed-validity repositories (2.18266ms)
✔ listSessionsFromGitHub preserves legacy behavior by returning valid sessions only (1.923982ms)
✔ scanSessionsFromGitHub bounds concurrent GitHub file reads (59.185017ms)
✔ scanSessionsFromGitHub retries retryable GitHub read failures before read_failed (1.848089ms)
✔ normalizeGitHubConfig rejects owner names longer than 39 characters (0.36589ms)
✔ normalizeGitHubConfig accepts repo names up to 100 characters (0.236944ms)
✔ normalizeGitHubConfig rejects invalid owner/repo traversal and control characters (0.201982ms)
✔ session-storage error helpers classify typed local storage errors (0.438668ms)
▶ TS validator matches shared fixtures
  ✔ valid (1.116597ms)
  ✔ bad date format (0.178619ms)
  ✔ bad date real (0.083391ms)
  ✔ bad effort (0.107599ms)
  ✔ bad category (0.075056ms)
  ✔ empty technique (0.08711ms)
  ✔ negative duration (0.121634ms)
  ✔ bad protocol (0.164997ms)
  ✔ private video host (0.372225ms)
  ✔ whitespace video allowed (0.216633ms)
✔ TS validator matches shared fixtures (4.132683ms)
Failed to read Firebase ID token Error: Firebase client configuration is missing
    at getFirebaseApp (/workspaces/matmetrics/src/lib/firebase-client.ts:41:11)
    at getFirebaseAuth (/workspaces/matmetrics/src/lib/firebase-client.ts:48:18)
    at getCurrentIdToken (/workspaces/matmetrics/src/lib/auth-session.ts:5:25)
    at getAuthHeaders (/workspaces/matmetrics/src/lib/auth-session.ts:16:23)
    at saveSession (/workspaces/matmetrics/src/lib/storage.ts:807:29)
    at TestContext.<anonymous> (/workspaces/matmetrics/src/lib/storage.test.ts:211:27)
    at Test.runInAsyncScope (node:async_hooks:214:14)
    at Test.run (node:internal/test_runner/test:1106:25)
    at Test.start (node:internal/test_runner/test:1003:17)
    at startSubtestAfterBootstrap (node:internal/test_runner/harness:358:17)
Failed to read Firebase ID token Error: Firebase client configuration is missing
    at getFirebaseApp (/workspaces/matmetrics/src/lib/firebase-client.ts:41:11)
    at getFirebaseAuth (/workspaces/matmetrics/src/lib/firebase-client.ts:48:18)
    at getCurrentIdToken (/workspaces/matmetrics/src/lib/auth-session.ts:5:25)
    at getAuthHeaders (/workspaces/matmetrics/src/lib/auth-session.ts:16:23)
    at <anonymous> (/workspaces/matmetrics/src/lib/storage.ts:1319:29)
    at refreshSessionsFromAPI (/workspaces/matmetrics/src/lib/storage.ts:1364:3)
    at getSessions (/workspaces/matmetrics/src/lib/storage.ts:745:12)
    at TestContext.<anonymous> (/workspaces/matmetrics/src/lib/storage.test.ts:212:7)
    at Test.runInAsyncScope (node:async_hooks:214:14)
    at Test.run (node:internal/test_runner/test:1106:25)
Failed to read Firebase ID token Error: Firebase client configuration is missing
    at getFirebaseApp (/workspaces/matmetrics/src/lib/firebase-client.ts:41:11)
    at getFirebaseAuth (/workspaces/matmetrics/src/lib/firebase-client.ts:48:18)
    at getCurrentIdToken (/workspaces/matmetrics/src/lib/auth-session.ts:5:25)
    at getAuthHeaders (/workspaces/matmetrics/src/lib/auth-session.ts:16:23)
    at <anonymous> (/workspaces/matmetrics/src/lib/storage.ts:1319:29)
    at refreshSessionsFromAPI (/workspaces/matmetrics/src/lib/storage.ts:1364:3)
    at getSessions (/workspaces/matmetrics/src/lib/storage.ts:745:12)
    at TestContext.<anonymous> (/workspaces/matmetrics/src/lib/storage.test.ts:216:9)
    at async Test.run (node:internal/test_runner/test:1113:7)
    at async startSubtestAfterBootstrap (node:internal/test_runner/harness:358:3)
✔ stale refresh does not overwrite an optimistic create while the create request is in flight (106.995237ms)
Failed to read Firebase ID token Error: Firebase client configuration is missing
    at getFirebaseApp (/workspaces/matmetrics/src/lib/firebase-client.ts:41:11)
    at getFirebaseAuth (/workspaces/matmetrics/src/lib/firebase-client.ts:48:18)
    at getCurrentIdToken (/workspaces/matmetrics/src/lib/auth-session.ts:5:25)
    at getAuthHeaders (/workspaces/matmetrics/src/lib/auth-session.ts:16:23)
    at <anonymous> (/workspaces/matmetrics/src/lib/storage.ts:1319:29)
    at refreshSessionsFromAPI (/workspaces/matmetrics/src/lib/storage.ts:1364:3)
    at Timeout.<anonymous> (/workspaces/matmetrics/src/lib/storage.ts:302:10)
    at listOnTimeout (node:internal/timers:605:17)
    at process.processTimers (node:internal/timers:541:7)
Failed to read Firebase ID token Error: Firebase client configuration is missing
    at getFirebaseApp (/workspaces/matmetrics/src/lib/firebase-client.ts:41:11)
    at getFirebaseAuth (/workspaces/matmetrics/src/lib/firebase-client.ts:48:18)
    at getCurrentIdToken (/workspaces/matmetrics/src/lib/auth-session.ts:5:25)
    at getAuthHeaders (/workspaces/matmetrics/src/lib/auth-session.ts:16:23)
    at saveSession (/workspaces/matmetrics/src/lib/storage.ts:807:29)
    at TestContext.<anonymous> (/workspaces/matmetrics/src/lib/storage.test.ts:298:13)
    at Test.runInAsyncScope (node:async_hooks:214:14)
    at Test.run (node:internal/test_runner/test:1106:25)
    at Test.processPendingSubtests (node:internal/test_runner/test:788:18)
    at Test.postRun (node:internal/test_runner/test:1235:19)
Failed to read Firebase ID token Error: Firebase client configuration is missing
    at getFirebaseApp (/workspaces/matmetrics/src/lib/firebase-client.ts:41:11)
    at getFirebaseAuth (/workspaces/matmetrics/src/lib/firebase-client.ts:48:18)
    at getCurrentIdToken (/workspaces/matmetrics/src/lib/auth-session.ts:5:25)
    at getAuthHeaders (/workspaces/matmetrics/src/lib/auth-session.ts:16:23)
    at saveSession (/workspaces/matmetrics/src/lib/storage.ts:807:29)
    at TestContext.<anonymous> (/workspaces/matmetrics/src/lib/storage.test.ts:299:13)
    at async Test.run (node:internal/test_runner/test:1113:7)
    at async Test.processPendingSubtests (node:internal/test_runner/test:788:7)
✔ getSessions does not repeatedly refresh GitHub-backed data while cache is warm (15.487395ms)
Failed to read Firebase ID token Error: Firebase client configuration is missing
    at getFirebaseApp (/workspaces/matmetrics/src/lib/firebase-client.ts:41:11)
    at getFirebaseAuth (/workspaces/matmetrics/src/lib/firebase-client.ts:48:18)
    at getCurrentIdToken (/workspaces/matmetrics/src/lib/auth-session.ts:5:25)
    at getAuthHeaders (/workspaces/matmetrics/src/lib/auth-session.ts:16:23)
    at <anonymous> (/workspaces/matmetrics/src/lib/storage.ts:1319:29)
    at refreshSessionsFromAPI (/workspaces/matmetrics/src/lib/storage.ts:1364:3)
    at Timeout.<anonymous> (/workspaces/matmetrics/src/lib/storage.ts:302:10)
    at listOnTimeout (node:internal/timers:605:17)
    at process.processTimers (node:internal/timers:541:7)
Failed to read Firebase ID token Error: Firebase client configuration is missing
    at getFirebaseApp (/workspaces/matmetrics/src/lib/firebase-client.ts:41:11)
    at getFirebaseAuth (/workspaces/matmetrics/src/lib/firebase-client.ts:48:18)
    at getCurrentIdToken (/workspaces/matmetrics/src/lib/auth-session.ts:5:25)
    at getAuthHeaders (/workspaces/matmetrics/src/lib/auth-session.ts:16:23)
    at saveSession (/workspaces/matmetrics/src/lib/storage.ts:807:29)
    at TestContext.<anonymous> (/workspaces/matmetrics/src/lib/storage.test.ts:344:13)
    at Test.runInAsyncScope (node:async_hooks:214:14)
    at Test.run (node:internal/test_runner/test:1106:25)
    at Test.processPendingSubtests (node:internal/test_runner/test:788:18)
    at Test.postRun (node:internal/test_runner/test:1235:19)
✔ successful GitHub-backed mutations coalesce into one deferred refresh (48.678432ms)
Failed to read Firebase ID token Error: Firebase client configuration is missing
    at getFirebaseApp (/workspaces/matmetrics/src/lib/firebase-client.ts:41:11)
    at getFirebaseAuth (/workspaces/matmetrics/src/lib/firebase-client.ts:48:18)
    at getCurrentIdToken (/workspaces/matmetrics/src/lib/auth-session.ts:5:25)
    at getAuthHeaders (/workspaces/matmetrics/src/lib/auth-session.ts:16:23)
    at saveSession (/workspaces/matmetrics/src/lib/storage.ts:807:29)
    at TestContext.<anonymous> (/workspaces/matmetrics/src/lib/storage.test.ts:388:9)
    at Test.runInAsyncScope (node:async_hooks:214:14)
    at Test.run (node:internal/test_runner/test:1106:25)
    at Test.processPendingSubtests (node:internal/test_runner/test:788:18)
    at Test.postRun (node:internal/test_runner/test:1235:19)
Error syncing mutation SyncRequestError: Request failed with status 400
    at syncRequest (/workspaces/matmetrics/src/lib/storage.ts:646:9)
    at async saveSession (/workspaces/matmetrics/src/lib/storage.ts:810:7)
    at async waitForActual (node:assert:646:5)
    at async strict.rejects (node:assert:769:25)
    at async TestContext.<anonymous> (/workspaces/matmetrics/src/lib/storage.test.ts:387:7)
    at async Test.run (node:internal/test_runner/test:1113:7)
    at async Test.processPendingSubtests (node:internal/test_runner/test:788:7) {
  retryable: false,
  retryAfterMs: null
}
Failed to read Firebase ID token Error: Firebase client configuration is missing
    at getFirebaseApp (/workspaces/matmetrics/src/lib/firebase-client.ts:41:11)
    at getFirebaseAuth (/workspaces/matmetrics/src/lib/firebase-client.ts:48:18)
    at getCurrentIdToken (/workspaces/matmetrics/src/lib/auth-session.ts:5:25)
    at getAuthHeaders (/workspaces/matmetrics/src/lib/auth-session.ts:16:23)
    at <anonymous> (/workspaces/matmetrics/src/lib/storage.ts:1319:29)
    at refreshSessionsFromAPI (/workspaces/matmetrics/src/lib/storage.ts:1364:3)
    at reconcilePermanentFailure (/workspaces/matmetrics/src/lib/storage.ts:655:11)
    at handleMutationSyncFailure (/workspaces/matmetrics/src/lib/storage.ts:673:12)
    at saveSession (/workspaces/matmetrics/src/lib/storage.ts:817:14)
    at async waitForActual (node:assert:646:5)
✔ teardownStorageListeners cancels scheduled refresh callbacks (44.665217ms)
Failed to read Firebase ID token Error: Firebase client configuration is missing
    at getFirebaseApp (/workspaces/matmetrics/src/lib/firebase-client.ts:41:11)
    at getFirebaseAuth (/workspaces/matmetrics/src/lib/firebase-client.ts:48:18)
    at getCurrentIdToken (/workspaces/matmetrics/src/lib/auth-session.ts:5:25)
    at getAuthHeaders (/workspaces/matmetrics/src/lib/auth-session.ts:16:23)
    at <anonymous> (/workspaces/matmetrics/src/lib/storage.ts:1319:29)
    at refreshSessionsFromAPI (/workspaces/matmetrics/src/lib/storage.ts:1364:3)
    at getSessions (/workspaces/matmetrics/src/lib/storage.ts:745:12)
    at TestContext.<anonymous> (/workspaces/matmetrics/src/lib/storage.test.ts:393:24)
    at async Test.run (node:internal/test_runner/test:1113:7)
    at async Test.processPendingSubtests (node:internal/test_runner/test:788:7)
✔ non-retryable create failures are not queued and optimistic state is reconciled away (19.193037ms)
Failed to read Firebase ID token Error: Firebase client configuration is missing
    at getFirebaseApp (/workspaces/matmetrics/src/lib/firebase-client.ts:41:11)
    at getFirebaseAuth (/workspaces/matmetrics/src/lib/firebase-client.ts:48:18)
    at getCurrentIdToken (/workspaces/matmetrics/src/lib/auth-session.ts:5:25)
    at getAuthHeaders (/workspaces/matmetrics/src/lib/auth-session.ts:16:23)
    at <anonymous> (/workspaces/matmetrics/src/lib/storage.ts:1319:29)
    at refreshSessionsFromAPI (/workspaces/matmetrics/src/lib/storage.ts:1364:3)
    at Timeout.<anonymous> (/workspaces/matmetrics/src/lib/storage.ts:302:10)
    at listOnTimeout (node:internal/timers:605:17)
    at process.processTimers (node:internal/timers:541:7)
Error refreshing sessions from API TypeError: fetch failed
    at node:internal/deps/undici/undici:15845:13
    at process.processTicksAndRejections (node:internal/process/task_queues:103:5)
    at async <anonymous> (/workspaces/matmetrics/src/lib/storage.ts:1320:19) {
  [cause]: AggregateError [ECONNREFUSED]: 
      at internalConnectMultiple (node:net:1134:18)
      at afterConnectMultiple (node:net:1715:7) {
    code: 'ECONNREFUSED',
    [errors]: [ [Error], [Error] ]
  }
}
Failed to read Firebase ID token Error: Firebase client configuration is missing
    at getFirebaseApp (/workspaces/matmetrics/src/lib/firebase-client.ts:41:11)
    at getFirebaseAuth (/workspaces/matmetrics/src/lib/firebase-client.ts:48:18)
    at getCurrentIdToken (/workspaces/matmetrics/src/lib/auth-session.ts:5:25)
    at getAuthHeaders (/workspaces/matmetrics/src/lib/auth-session.ts:16:23)
    at saveSession (/workspaces/matmetrics/src/lib/storage.ts:807:29)
    at TestContext.<anonymous> (/workspaces/matmetrics/src/lib/storage.test.ts:447:9)
    at async Test.run (node:internal/test_runner/test:1113:7)
    at async Test.processPendingSubtests (node:internal/test_runner/test:788:7)
Error syncing mutation SyncRequestError: Request failed with status 409
    at syncRequest (/workspaces/matmetrics/src/lib/storage.ts:646:9)
    at async saveSession (/workspaces/matmetrics/src/lib/storage.ts:810:7)
    at async waitForActual (node:assert:646:5)
    at async strict.rejects (node:assert:769:25) {
  retryable: false,
  retryAfterMs: null
}
Failed to read Firebase ID token Error: Firebase client configuration is missing
    at getFirebaseApp (/workspaces/matmetrics/src/lib/firebase-client.ts:41:11)
    at getFirebaseAuth (/workspaces/matmetrics/src/lib/firebase-client.ts:48:18)
    at getCurrentIdToken (/workspaces/matmetrics/src/lib/auth-session.ts:5:25)
    at getAuthHeaders (/workspaces/matmetrics/src/lib/auth-session.ts:16:23)
    at <anonymous> (/workspaces/matmetrics/src/lib/storage.ts:1319:29)
    at refreshSessionsFromAPI (/workspaces/matmetrics/src/lib/storage.ts:1364:3)
    at reconcilePermanentFailure (/workspaces/matmetrics/src/lib/storage.ts:655:11)
    at handleMutationSyncFailure (/workspaces/matmetrics/src/lib/storage.ts:673:12)
    at saveSession (/workspaces/matmetrics/src/lib/storage.ts:817:14)
    at async waitForActual (node:assert:646:5)
Failed to read Firebase ID token Error: Firebase client configuration is missing
    at getFirebaseApp (/workspaces/matmetrics/src/lib/firebase-client.ts:41:11)
    at getFirebaseAuth (/workspaces/matmetrics/src/lib/firebase-client.ts:48:18)
    at getCurrentIdToken (/workspaces/matmetrics/src/lib/auth-session.ts:5:25)
    at getAuthHeaders (/workspaces/matmetrics/src/lib/auth-session.ts:16:23)
    at <anonymous> (/workspaces/matmetrics/src/lib/storage.ts:1319:29)
    at refreshSessionsFromAPI (/workspaces/matmetrics/src/lib/storage.ts:1364:3)
    at getSessions (/workspaces/matmetrics/src/lib/storage.ts:767:10)
    at TestContext.<anonymous> (/workspaces/matmetrics/src/lib/storage.test.ts:501:7)
    at Test.runInAsyncScope (node:async_hooks:214:14)
    at Test.run (node:internal/test_runner/test:1106:25)
✔ forced refresh runs after a stale in-flight refresh when reconciling permanent mutation failures (14.778002ms)
Failed to read Firebase ID token Error: Firebase client configuration is missing
    at getFirebaseApp (/workspaces/matmetrics/src/lib/firebase-client.ts:41:11)
    at getFirebaseAuth (/workspaces/matmetrics/src/lib/firebase-client.ts:48:18)
    at getCurrentIdToken (/workspaces/matmetrics/src/lib/auth-session.ts:5:25)
    at getAuthHeaders (/workspaces/matmetrics/src/lib/auth-session.ts:16:23)
    at <anonymous> (/workspaces/matmetrics/src/lib/storage.ts:1319:29)
    at refreshSessionsFromAPI (/workspaces/matmetrics/src/lib/storage.ts:1364:3)
    at getSessions (/workspaces/matmetrics/src/lib/storage.ts:745:12)
    at TestContext.<anonymous> (/workspaces/matmetrics/src/lib/storage.test.ts:505:9)
    at async Test.run (node:internal/test_runner/test:1113:7)
    at async Test.processPendingSubtests (node:internal/test_runner/test:788:7)
Failed to read Firebase ID token Error: Firebase client configuration is missing
    at getFirebaseApp (/workspaces/matmetrics/src/lib/firebase-client.ts:41:11)
    at getFirebaseAuth (/workspaces/matmetrics/src/lib/firebase-client.ts:48:18)
    at getCurrentIdToken (/workspaces/matmetrics/src/lib/auth-session.ts:5:25)
    at getAuthHeaders (/workspaces/matmetrics/src/lib/auth-session.ts:16:23)
    at saveSession (/workspaces/matmetrics/src/lib/storage.ts:807:29)
    at TestContext.<anonymous> (/workspaces/matmetrics/src/lib/storage.test.ts:546:28)
    at Test.runInAsyncScope (node:async_hooks:214:14)
    at Test.run (node:internal/test_runner/test:1106:25)
    at Test.processPendingSubtests (node:internal/test_runner/test:788:18)
    at Test.postRun (node:internal/test_runner/test:1235:19)
Error syncing mutation SyncRequestError: Request failed with status 503
    at syncRequest (/workspaces/matmetrics/src/lib/storage.ts:646:9)
    at async saveSession (/workspaces/matmetrics/src/lib/storage.ts:810:7)
    at async TestContext.<anonymous> (/workspaces/matmetrics/src/lib/storage.test.ts:546:22)
    at async Test.run (node:internal/test_runner/test:1113:7)
    at async Test.processPendingSubtests (node:internal/test_runner/test:788:7) {
  retryable: true,
  retryAfterMs: null
}
✔ refreshSessionsFromAPI preserves valid sessions and exposes file-level issues from list payload (3.573771ms)
Error refreshing sessions from API TypeError: fetch failed
    at node:internal/deps/undici/undici:15845:13
    at process.processTicksAndRejections (node:internal/process/task_queues:103:5)
    at async <anonymous> (/workspaces/matmetrics/src/lib/storage.ts:1320:19) {
  [cause]: AggregateError [ECONNREFUSED]: 
      at internalConnectMultiple (node:net:1134:18)
      at afterConnectMultiple (node:net:1715:7) {
    code: 'ECONNREFUSED',
    [errors]: [ [Error], [Error] ]
  }
}
Failed to read Firebase ID token Error: Firebase client configuration is missing
    at getFirebaseApp (/workspaces/matmetrics/src/lib/firebase-client.ts:41:11)
    at getFirebaseAuth (/workspaces/matmetrics/src/lib/firebase-client.ts:48:18)
    at getCurrentIdToken (/workspaces/matmetrics/src/lib/auth-session.ts:5:25)
    at getAuthHeaders (/workspaces/matmetrics/src/lib/auth-session.ts:16:23)
    at <anonymous> (/workspaces/matmetrics/src/lib/storage.ts:1319:29)
    at refreshSessionsFromAPI (/workspaces/matmetrics/src/lib/storage.ts:1364:3)
    at getSessions (/workspaces/matmetrics/src/lib/storage.ts:745:12)
    at TestContext.<anonymous> (/workspaces/matmetrics/src/lib/storage.test.ts:555:9)
    at async Test.run (node:internal/test_runner/test:1113:7)
    at async Test.processPendingSubtests (node:internal/test_runner/test:788:7)
✔ retryable create failures remain queued for later sync (17.667331ms)
Error refreshing sessions from API TypeError: fetch failed
    at node:internal/deps/undici/undici:15845:13
    at process.processTicksAndRejections (node:internal/process/task_queues:103:5)
    at async <anonymous> (/workspaces/matmetrics/src/lib/storage.ts:1320:19) {
  [cause]: AggregateError [ECONNREFUSED]: 
      at internalConnectMultiple (node:net:1134:18)
      at afterConnectMultiple (node:net:1715:7) {
    code: 'ECONNREFUSED',
    [errors]: [ [Error], [Error] ]
  }
}
Failed to read Firebase ID token Error: Firebase client configuration is missing
    at getFirebaseApp (/workspaces/matmetrics/src/lib/firebase-client.ts:41:11)
    at getFirebaseAuth (/workspaces/matmetrics/src/lib/firebase-client.ts:48:18)
    at getCurrentIdToken (/workspaces/matmetrics/src/lib/auth-session.ts:5:25)
    at getAuthHeaders (/workspaces/matmetrics/src/lib/auth-session.ts:16:23)
    at processSingleQueueOperation (/workspaces/matmetrics/src/lib/storage.ts:1460:27)
    at <anonymous> (/workspaces/matmetrics/src/lib/storage.ts:1558:30)
Error syncing operation SyncRequestError: Request failed with status 429
    at syncRequest (/workspaces/matmetrics/src/lib/storage.ts:646:9)
    at async processSingleQueueOperation (/workspaces/matmetrics/src/lib/storage.ts:1464:5)
    at async <anonymous> (/workspaces/matmetrics/src/lib/storage.ts:1558:24) {
  retryable: true,
  retryAfterMs: 0
}
✔ 429 replay failure keeps failed and later queued operations (29.859257ms)
Failed to read Firebase ID token Error: Firebase client configuration is missing
    at getFirebaseApp (/workspaces/matmetrics/src/lib/firebase-client.ts:41:11)
    at getFirebaseAuth (/workspaces/matmetrics/src/lib/firebase-client.ts:48:18)
    at getCurrentIdToken (/workspaces/matmetrics/src/lib/auth-session.ts:5:25)
    at getAuthHeaders (/workspaces/matmetrics/src/lib/auth-session.ts:16:23)
    at processSingleQueueOperation (/workspaces/matmetrics/src/lib/storage.ts:1460:27)
    at <anonymous> (/workspaces/matmetrics/src/lib/storage.ts:1558:30)
Error syncing operation SyncRequestError: Request failed with status 400
    at syncRequest (/workspaces/matmetrics/src/lib/storage.ts:646:9)
    at async processSingleQueueOperation (/workspaces/matmetrics/src/lib/storage.ts:1464:5)
    at async <anonymous> (/workspaces/matmetrics/src/lib/storage.ts:1558:24) {
  retryable: false,
  retryAfterMs: null
}
Failed to read Firebase ID token Error: Firebase client configuration is missing
    at getFirebaseApp (/workspaces/matmetrics/src/lib/firebase-client.ts:41:11)
    at getFirebaseAuth (/workspaces/matmetrics/src/lib/firebase-client.ts:48:18)
    at getCurrentIdToken (/workspaces/matmetrics/src/lib/auth-session.ts:5:25)
    at getAuthHeaders (/workspaces/matmetrics/src/lib/auth-session.ts:16:23)
    at <anonymous> (/workspaces/matmetrics/src/lib/storage.ts:1319:29)
    at refreshSessionsFromAPI (/workspaces/matmetrics/src/lib/storage.ts:1364:3)
    at reconcilePermanentFailure (/workspaces/matmetrics/src/lib/storage.ts:655:11)
    at processSingleQueueOperation (/workspaces/matmetrics/src/lib/storage.ts:1492:15)
    at async <anonymous> (/workspaces/matmetrics/src/lib/storage.ts:1558:24)
Failed to read Firebase ID token Error: Firebase client configuration is missing
    at getFirebaseApp (/workspaces/matmetrics/src/lib/firebase-client.ts:41:11)
    at getFirebaseAuth (/workspaces/matmetrics/src/lib/firebase-client.ts:48:18)
    at getCurrentIdToken (/workspaces/matmetrics/src/lib/auth-session.ts:5:25)
    at getAuthHeaders (/workspaces/matmetrics/src/lib/auth-session.ts:16:23)
    at <anonymous> (/workspaces/matmetrics/src/lib/storage.ts:1319:29)
    at refreshSessionsFromAPI (/workspaces/matmetrics/src/lib/storage.ts:1364:3)
    at getSessions (/workspaces/matmetrics/src/lib/storage.ts:745:12)
    at TestContext.<anonymous> (/workspaces/matmetrics/src/lib/storage.test.ts:653:24)
    at async Test.run (node:internal/test_runner/test:1113:7)
    at async Test.processPendingSubtests (node:internal/test_runner/test:788:7)
Failed to read Firebase ID token Error: Firebase client configuration is missing
    at getFirebaseApp (/workspaces/matmetrics/src/lib/firebase-client.ts:41:11)
    at getFirebaseAuth (/workspaces/matmetrics/src/lib/firebase-client.ts:48:18)
    at getCurrentIdToken (/workspaces/matmetrics/src/lib/auth-session.ts:5:25)
    at getAuthHeaders (/workspaces/matmetrics/src/lib/auth-session.ts:16:23)
    at saveSession (/workspaces/matmetrics/src/lib/storage.ts:807:29)
    at TestContext.<anonymous> (/workspaces/matmetrics/src/lib/storage.test.ts:696:28)
    at Test.runInAsyncScope (node:async_hooks:214:14)
    at Test.run (node:internal/test_runner/test:1106:25)
    at Test.processPendingSubtests (node:internal/test_runner/test:788:18)
    at Test.postRun (node:internal/test_runner/test:1235:19)
Failed to read Firebase ID token Error: Firebase client configuration is missing
    at getFirebaseApp (/workspaces/matmetrics/src/lib/firebase-client.ts:41:11)
    at getFirebaseAuth (/workspaces/matmetrics/src/lib/firebase-client.ts:48:18)
    at getCurrentIdToken (/workspaces/matmetrics/src/lib/auth-session.ts:5:25)
    at getAuthHeaders (/workspaces/matmetrics/src/lib/auth-session.ts:16:23)
    at <anonymous> (/workspaces/matmetrics/src/lib/storage.ts:1319:29)
    at refreshSessionsFromAPI (/workspaces/matmetrics/src/lib/storage.ts:1364:3)
    at saveSession (/workspaces/matmetrics/src/lib/storage.ts:828:12)
    at async TestContext.<anonymous> (/workspaces/matmetrics/src/lib/storage.test.ts:696:22)
    at async Test.run (node:internal/test_runner/test:1113:7)
    at async Test.processPendingSubtests (node:internal/test_runner/test:788:7)
Skipping cache refresh from /api/sessions/list due to non-OK status 500
✔ non-retryable queued create failures are removed during sync replay (30.584803ms)
Error refreshing sessions from API TypeError: fetch failed
    at node:internal/deps/undici/undici:15845:13
    at process.processTicksAndRejections (node:internal/process/task_queues:103:5)
    at async <anonymous> (/workspaces/matmetrics/src/lib/storage.ts:1320:19) {
  [cause]: AggregateError [ECONNREFUSED]: 
      at internalConnectMultiple (node:net:1134:18)
      at afterConnectMultiple (node:net:1715:7) {
    code: 'ECONNREFUSED',
    [errors]: [ [Error], [Error] ]
  }
}
Failed to read Firebase ID token Error: Firebase client configuration is missing
    at getFirebaseApp (/workspaces/matmetrics/src/lib/firebase-client.ts:41:11)
    at getFirebaseAuth (/workspaces/matmetrics/src/lib/firebase-client.ts:48:18)
    at getCurrentIdToken (/workspaces/matmetrics/src/lib/auth-session.ts:5:25)
    at getAuthHeaders (/workspaces/matmetrics/src/lib/auth-session.ts:16:23)
    at <anonymous> (/workspaces/matmetrics/src/lib/storage.ts:1319:29)
    at refreshSessionsFromAPI (/workspaces/matmetrics/src/lib/storage.ts:1364:3)
    at getSessions (/workspaces/matmetrics/src/lib/storage.ts:745:12)
    at TestContext.<anonymous> (/workspaces/matmetrics/src/lib/storage.test.ts:701:9)
    at async Test.run (node:internal/test_runner/test:1113:7)
    at async Test.processPendingSubtests (node:internal/test_runner/test:788:7)
Failed to read Firebase ID token Error: Firebase client configuration is missing
    at getFirebaseApp (/workspaces/matmetrics/src/lib/firebase-client.ts:41:11)
    at getFirebaseAuth (/workspaces/matmetrics/src/lib/firebase-client.ts:48:18)
    at getCurrentIdToken (/workspaces/matmetrics/src/lib/auth-session.ts:5:25)
    at getAuthHeaders (/workspaces/matmetrics/src/lib/auth-session.ts:16:23)
    at <anonymous> (/workspaces/matmetrics/src/lib/storage.ts:1319:29)
    at refreshSessionsFromAPI (/workspaces/matmetrics/src/lib/storage.ts:1364:3)
    at getSessions (/workspaces/matmetrics/src/lib/storage.ts:745:12)
    at TestContext.<anonymous> (/workspaces/matmetrics/src/lib/storage.test.ts:707:24)
    at async Test.run (node:internal/test_runner/test:1113:7)
    at async Test.processPendingSubtests (node:internal/test_runner/test:788:7)
Failed to read Firebase ID token Error: Firebase client configuration is missing
    at getFirebaseApp (/workspaces/matmetrics/src/lib/firebase-client.ts:41:11)
    at getFirebaseAuth (/workspaces/matmetrics/src/lib/firebase-client.ts:48:18)
    at getCurrentIdToken (/workspaces/matmetrics/src/lib/auth-session.ts:5:25)
    at getAuthHeaders (/workspaces/matmetrics/src/lib/auth-session.ts:16:23)
    at updateSession (/workspaces/matmetrics/src/lib/storage.ts:877:29)
    at TestContext.<anonymous> (/workspaces/matmetrics/src/lib/storage.test.ts:756:28)
    at Test.runInAsyncScope (node:async_hooks:214:14)
    at Test.run (node:internal/test_runner/test:1106:25)
    at Test.processPendingSubtests (node:internal/test_runner/test:788:18)
    at Test.postRun (node:internal/test_runner/test:1235:19)
Failed to read Firebase ID token Error: Firebase client configuration is missing
    at getFirebaseApp (/workspaces/matmetrics/src/lib/firebase-client.ts:41:11)
    at getFirebaseAuth (/workspaces/matmetrics/src/lib/firebase-client.ts:48:18)
    at getCurrentIdToken (/workspaces/matmetrics/src/lib/auth-session.ts:5:25)
    at getAuthHeaders (/workspaces/matmetrics/src/lib/auth-session.ts:16:23)
    at <anonymous> (/workspaces/matmetrics/src/lib/storage.ts:1319:29)
    at refreshSessionsFromAPI (/workspaces/matmetrics/src/lib/storage.ts:1364:3)
    at updateSession (/workspaces/matmetrics/src/lib/storage.ts:898:12)
    at async TestContext.<anonymous> (/workspaces/matmetrics/src/lib/storage.test.ts:756:22)
    at async Test.run (node:internal/test_runner/test:1113:7)
    at async Test.processPendingSubtests (node:internal/test_runner/test:788:7)
Skipping cache refresh from /api/sessions/list due to non-OK status 500
✔ successful create clears dirty state even when immediate refresh fails (6.315126ms)
Error refreshing sessions from API TypeError: fetch failed
    at node:internal/deps/undici/undici:15845:13
    at process.processTicksAndRejections (node:internal/process/task_queues:103:5)
    at async <anonymous> (/workspaces/matmetrics/src/lib/storage.ts:1320:19) {
  [cause]: AggregateError [ECONNREFUSED]: 
      at internalConnectMultiple (node:net:1134:18)
      at afterConnectMultiple (node:net:1715:7) {
    code: 'ECONNREFUSED',
    [errors]: [ [Error], [Error] ]
  }
}
Failed to read Firebase ID token Error: Firebase client configuration is missing
    at getFirebaseApp (/workspaces/matmetrics/src/lib/firebase-client.ts:41:11)
    at getFirebaseAuth (/workspaces/matmetrics/src/lib/firebase-client.ts:48:18)
    at getCurrentIdToken (/workspaces/matmetrics/src/lib/auth-session.ts:5:25)
    at getAuthHeaders (/workspaces/matmetrics/src/lib/auth-session.ts:16:23)
    at <anonymous> (/workspaces/matmetrics/src/lib/storage.ts:1319:29)
    at refreshSessionsFromAPI (/workspaces/matmetrics/src/lib/storage.ts:1364:3)
    at getSessions (/workspaces/matmetrics/src/lib/storage.ts:745:12)
    at TestContext.<anonymous> (/workspaces/matmetrics/src/lib/storage.test.ts:760:20)
    at async Test.run (node:internal/test_runner/test:1113:7)
    at async Test.processPendingSubtests (node:internal/test_runner/test:788:7)
Failed to read Firebase ID token Error: Firebase client configuration is missing
    at getFirebaseApp (/workspaces/matmetrics/src/lib/firebase-client.ts:41:11)
    at getFirebaseAuth (/workspaces/matmetrics/src/lib/firebase-client.ts:48:18)
    at getCurrentIdToken (/workspaces/matmetrics/src/lib/auth-session.ts:5:25)
    at getAuthHeaders (/workspaces/matmetrics/src/lib/auth-session.ts:16:23)
    at <anonymous> (/workspaces/matmetrics/src/lib/storage.ts:1319:29)
    at refreshSessionsFromAPI (/workspaces/matmetrics/src/lib/storage.ts:1364:3)
    at getSessions (/workspaces/matmetrics/src/lib/storage.ts:745:12)
    at TestContext.<anonymous> (/workspaces/matmetrics/src/lib/storage.test.ts:764:20)
    at async Test.run (node:internal/test_runner/test:1113:7)
    at async Test.processPendingSubtests (node:internal/test_runner/test:788:7)
Failed to read Firebase ID token Error: Firebase client configuration is missing
    at getFirebaseApp (/workspaces/matmetrics/src/lib/firebase-client.ts:41:11)
    at getFirebaseAuth (/workspaces/matmetrics/src/lib/firebase-client.ts:48:18)
    at getCurrentIdToken (/workspaces/matmetrics/src/lib/auth-session.ts:5:25)
    at getAuthHeaders (/workspaces/matmetrics/src/lib/auth-session.ts:16:23)
    at deleteSession (/workspaces/matmetrics/src/lib/storage.ts:935:29)
    at TestContext.<anonymous> (/workspaces/matmetrics/src/lib/storage.test.ts:809:28)
    at Test.runInAsyncScope (node:async_hooks:214:14)
    at Test.run (node:internal/test_runner/test:1106:25)
    at Test.processPendingSubtests (node:internal/test_runner/test:788:18)
    at Test.postRun (node:internal/test_runner/test:1235:19)
Failed to read Firebase ID token Error: Firebase client configuration is missing
    at getFirebaseApp (/workspaces/matmetrics/src/lib/firebase-client.ts:41:11)
    at getFirebaseAuth (/workspaces/matmetrics/src/lib/firebase-client.ts:48:18)
    at getCurrentIdToken (/workspaces/matmetrics/src/lib/auth-session.ts:5:25)
    at getAuthHeaders (/workspaces/matmetrics/src/lib/auth-session.ts:16:23)
    at <anonymous> (/workspaces/matmetrics/src/lib/storage.ts:1319:29)
    at refreshSessionsFromAPI (/workspaces/matmetrics/src/lib/storage.ts:1364:3)
    at deleteSession (/workspaces/matmetrics/src/lib/storage.ts:959:12)
    at async TestContext.<anonymous> (/workspaces/matmetrics/src/lib/storage.test.ts:809:22)
    at async Test.run (node:internal/test_runner/test:1113:7)
    at async Test.processPendingSubtests (node:internal/test_runner/test:788:7)
Skipping cache refresh from /api/sessions/list due to non-OK status 500
✔ successful update clears dirty state even when immediate refresh fails (8.254747ms)
Error refreshing sessions from API TypeError: fetch failed
    at node:internal/deps/undici/undici:15845:13
    at process.processTicksAndRejections (node:internal/process/task_queues:103:5)
    at async <anonymous> (/workspaces/matmetrics/src/lib/storage.ts:1320:19) {
  [cause]: AggregateError [ECONNREFUSED]: 
      at internalConnectMultiple (node:net:1134:18)
      at afterConnectMultiple (node:net:1715:7) {
    code: 'ECONNREFUSED',
    [errors]: [ [Error], [Error] ]
  }
}
Failed to read Firebase ID token Error: Firebase client configuration is missing
    at getFirebaseApp (/workspaces/matmetrics/src/lib/firebase-client.ts:41:11)
    at getFirebaseAuth (/workspaces/matmetrics/src/lib/firebase-client.ts:48:18)
    at getCurrentIdToken (/workspaces/matmetrics/src/lib/auth-session.ts:5:25)
    at getAuthHeaders (/workspaces/matmetrics/src/lib/auth-session.ts:16:23)
    at <anonymous> (/workspaces/matmetrics/src/lib/storage.ts:1319:29)
    at refreshSessionsFromAPI (/workspaces/matmetrics/src/lib/storage.ts:1364:3)
    at getSessions (/workspaces/matmetrics/src/lib/storage.ts:745:12)
    at TestContext.<anonymous> (/workspaces/matmetrics/src/lib/storage.test.ts:813:24)
    at async Test.run (node:internal/test_runner/test:1113:7)
    at async Test.processPendingSubtests (node:internal/test_runner/test:788:7)
Failed to read Firebase ID token Error: Firebase client configuration is missing
    at getFirebaseApp (/workspaces/matmetrics/src/lib/firebase-client.ts:41:11)
    at getFirebaseAuth (/workspaces/matmetrics/src/lib/firebase-client.ts:48:18)
    at getCurrentIdToken (/workspaces/matmetrics/src/lib/auth-session.ts:5:25)
    at getAuthHeaders (/workspaces/matmetrics/src/lib/auth-session.ts:16:23)
    at <anonymous> (/workspaces/matmetrics/src/lib/storage.ts:1319:29)
    at refreshSessionsFromAPI (/workspaces/matmetrics/src/lib/storage.ts:1364:3)
    at getSessions (/workspaces/matmetrics/src/lib/storage.ts:745:12)
    at TestContext.<anonymous> (/workspaces/matmetrics/src/lib/storage.test.ts:818:9)
    at async Test.run (node:internal/test_runner/test:1113:7)
    at async Test.processPendingSubtests (node:internal/test_runner/test:788:7)
Failed to read Firebase ID token Error: Firebase client configuration is missing
    at getFirebaseApp (/workspaces/matmetrics/src/lib/firebase-client.ts:41:11)
    at getFirebaseAuth (/workspaces/matmetrics/src/lib/firebase-client.ts:48:18)
    at getCurrentIdToken (/workspaces/matmetrics/src/lib/auth-session.ts:5:25)
    at getAuthHeaders (/workspaces/matmetrics/src/lib/auth-session.ts:16:23)
    at <anonymous> (/workspaces/matmetrics/src/lib/storage.ts:1319:29)
    at refreshSessionsFromAPI (/workspaces/matmetrics/src/lib/storage.ts:1364:3)
    at getSessions (/workspaces/matmetrics/src/lib/storage.ts:745:12)
    at TestContext.<anonymous> (/workspaces/matmetrics/src/lib/storage.test.ts:858:7)
    at async Test.run (node:internal/test_runner/test:1113:7)
    at async Test.processPendingSubtests (node:internal/test_runner/test:788:7)
✔ successful delete clears dirty state even when immediate refresh fails (7.944425ms)
Failed to read Firebase ID token Error: Firebase client configuration is missing
    at getFirebaseApp (/workspaces/matmetrics/src/lib/firebase-client.ts:41:11)
    at getFirebaseAuth (/workspaces/matmetrics/src/lib/firebase-client.ts:48:18)
    at getCurrentIdToken (/workspaces/matmetrics/src/lib/auth-session.ts:5:25)
    at getAuthHeaders (/workspaces/matmetrics/src/lib/auth-session.ts:16:23)
    at <anonymous> (/workspaces/matmetrics/src/lib/storage.ts:1319:29)
    at refreshSessionsFromAPI (/workspaces/matmetrics/src/lib/storage.ts:1364:3)
    at getSessions (/workspaces/matmetrics/src/lib/storage.ts:745:12)
    at TestContext.<anonymous> (/workspaces/matmetrics/src/lib/storage.test.ts:861:24)
    at async Test.run (node:internal/test_runner/test:1113:7)
    at async Test.processPendingSubtests (node:internal/test_runner/test:788:7)
Failed to read Firebase ID token Error: Firebase client configuration is missing
    at getFirebaseApp (/workspaces/matmetrics/src/lib/firebase-client.ts:41:11)
    at getFirebaseAuth (/workspaces/matmetrics/src/lib/firebase-client.ts:48:18)
    at getCurrentIdToken (/workspaces/matmetrics/src/lib/auth-session.ts:5:25)
    at getAuthHeaders (/workspaces/matmetrics/src/lib/auth-session.ts:16:23)
    at <anonymous> (/workspaces/matmetrics/src/lib/storage.ts:1319:29)
    at refreshSessionsFromAPI (/workspaces/matmetrics/src/lib/storage.ts:1364:3)
    at getSessions (/workspaces/matmetrics/src/lib/storage.ts:745:12)
    at TestContext.<anonymous> (/workspaces/matmetrics/src/lib/storage.test.ts:902:7)
    at async Test.run (node:internal/test_runner/test:1113:7)
    at async Test.processPendingSubtests (node:internal/test_runner/test:788:7)
✔ guest create does not leak dirty mutation into later authenticated refresh merge (3.306175ms)
Error refreshing sessions from API TypeError: fetch failed
    at node:internal/deps/undici/undici:15845:13
    at process.processTicksAndRejections (node:internal/process/task_queues:103:5)
    at async <anonymous> (/workspaces/matmetrics/src/lib/storage.ts:1320:19) {
  [cause]: AggregateError [ECONNREFUSED]: 
      at internalConnectMultiple (node:net:1134:18)
      at afterConnectMultiple (node:net:1715:7) {
    code: 'ECONNREFUSED',
    [errors]: [ [Error], [Error] ]
  }
}
Error refreshing sessions from API TypeError: fetch failed
    at node:internal/deps/undici/undici:15845:13
    at process.processTicksAndRejections (node:internal/process/task_queues:103:5)
    at async <anonymous> (/workspaces/matmetrics/src/lib/storage.ts:1320:19) {
  [cause]: AggregateError [ECONNREFUSED]: 
      at internalConnectMultiple (node:net:1134:18)
      at afterConnectMultiple (node:net:1715:7) {
    code: 'ECONNREFUSED',
    [errors]: [ [Error], [Error] ]
  }
}
Failed to read Firebase ID token Error: Firebase client configuration is missing
    at getFirebaseApp (/workspaces/matmetrics/src/lib/firebase-client.ts:41:11)
    at getFirebaseAuth (/workspaces/matmetrics/src/lib/firebase-client.ts:48:18)
    at getCurrentIdToken (/workspaces/matmetrics/src/lib/auth-session.ts:5:25)
    at getAuthHeaders (/workspaces/matmetrics/src/lib/auth-session.ts:16:23)
    at <anonymous> (/workspaces/matmetrics/src/lib/storage.ts:1319:29)
    at refreshSessionsFromAPI (/workspaces/matmetrics/src/lib/storage.ts:1364:3)
    at getSessions (/workspaces/matmetrics/src/lib/storage.ts:745:12)
    at TestContext.<anonymous> (/workspaces/matmetrics/src/lib/storage.test.ts:905:20)
    at async Test.run (node:internal/test_runner/test:1113:7)
    at async Test.processPendingSubtests (node:internal/test_runner/test:788:7)
Failed to read Firebase ID token Error: Firebase client configuration is missing
    at getFirebaseApp (/workspaces/matmetrics/src/lib/firebase-client.ts:41:11)
    at getFirebaseAuth (/workspaces/matmetrics/src/lib/firebase-client.ts:48:18)
    at getCurrentIdToken (/workspaces/matmetrics/src/lib/auth-session.ts:5:25)
    at getAuthHeaders (/workspaces/matmetrics/src/lib/auth-session.ts:16:23)
    at <anonymous> (/workspaces/matmetrics/src/lib/storage.ts:1319:29)
    at refreshSessionsFromAPI (/workspaces/matmetrics/src/lib/storage.ts:1364:3)
    at getSessions (/workspaces/matmetrics/src/lib/storage.ts:745:12)
    at TestContext.<anonymous> (/workspaces/matmetrics/src/lib/storage.test.ts:945:7)
    at async Test.run (node:internal/test_runner/test:1113:7)
    at async Test.processPendingSubtests (node:internal/test_runner/test:788:7)
✔ guest update does not leak dirty mutation into later authenticated refresh merge (5.183268ms)
Failed to read Firebase ID token Error: Firebase client configuration is missing
    at getFirebaseApp (/workspaces/matmetrics/src/lib/firebase-client.ts:41:11)
    at getFirebaseAuth (/workspaces/matmetrics/src/lib/firebase-client.ts:48:18)
    at getCurrentIdToken (/workspaces/matmetrics/src/lib/auth-session.ts:5:25)
    at getAuthHeaders (/workspaces/matmetrics/src/lib/auth-session.ts:16:23)
    at <anonymous> (/workspaces/matmetrics/src/lib/storage.ts:1319:29)
    at refreshSessionsFromAPI (/workspaces/matmetrics/src/lib/storage.ts:1364:3)
    at getSessions (/workspaces/matmetrics/src/lib/storage.ts:745:12)
    at TestContext.<anonymous> (/workspaces/matmetrics/src/lib/storage.test.ts:949:9)
    at async Test.run (node:internal/test_runner/test:1113:7)
    at async Test.processPendingSubtests (node:internal/test_runner/test:788:7)
✔ guest delete does not leak dirty mutation into later authenticated refresh merge (2.897915ms)
Error refreshing sessions from API TypeError: fetch failed
    at node:internal/deps/undici/undici:15845:13
    at process.processTicksAndRejections (node:internal/process/task_queues:103:5)
    at async <anonymous> (/workspaces/matmetrics/src/lib/storage.ts:1320:19) {
  [cause]: AggregateError [ECONNREFUSED]: 
      at internalConnectMultiple (node:net:1134:18)
      at afterConnectMultiple (node:net:1715:7) {
    code: 'ECONNREFUSED',
    [errors]: [ [Error], [Error] ]
  }
}
Error refreshing sessions from API TypeError: fetch failed
    at node:internal/deps/undici/undici:15845:13
    at process.processTicksAndRejections (node:internal/process/task_queues:103:5)
    at async <anonymous> (/workspaces/matmetrics/src/lib/storage.ts:1320:19) {
  [cause]: AggregateError [ECONNREFUSED]: 
      at internalConnectMultiple (node:net:1134:18)
      at afterConnectMultiple (node:net:1715:7) {
    code: 'ECONNREFUSED',
    [errors]: [ [Error], [Error] ]
  }
}
Failed to read Firebase ID token Error: Firebase client configuration is missing
    at getFirebaseApp (/workspaces/matmetrics/src/lib/firebase-client.ts:41:11)
    at getFirebaseAuth (/workspaces/matmetrics/src/lib/firebase-client.ts:48:18)
    at getCurrentIdToken (/workspaces/matmetrics/src/lib/auth-session.ts:5:25)
    at getAuthHeaders (/workspaces/matmetrics/src/lib/auth-session.ts:16:23)
    at processSingleQueueOperation (/workspaces/matmetrics/src/lib/storage.ts:1460:27)
    at <anonymous> (/workspaces/matmetrics/src/lib/storage.ts:1558:30)
Failed to read Firebase ID token Error: Firebase client configuration is missing
    at getFirebaseApp (/workspaces/matmetrics/src/lib/firebase-client.ts:41:11)
    at getFirebaseAuth (/workspaces/matmetrics/src/lib/firebase-client.ts:48:18)
    at getCurrentIdToken (/workspaces/matmetrics/src/lib/auth-session.ts:5:25)
    at getAuthHeaders (/workspaces/matmetrics/src/lib/auth-session.ts:16:23)
    at <anonymous> (/workspaces/matmetrics/src/lib/storage.ts:1319:29)
    at refreshSessionsFromAPI (/workspaces/matmetrics/src/lib/storage.ts:1364:3)
    at <anonymous> (/workspaces/matmetrics/src/lib/storage.ts:1586:15)
Failed to read Firebase ID token Error: Firebase client configuration is missing
    at getFirebaseApp (/workspaces/matmetrics/src/lib/firebase-client.ts:41:11)
    at getFirebaseAuth (/workspaces/matmetrics/src/lib/firebase-client.ts:48:18)
    at getCurrentIdToken (/workspaces/matmetrics/src/lib/auth-session.ts:5:25)
    at getAuthHeaders (/workspaces/matmetrics/src/lib/auth-session.ts:16:23)
    at <anonymous> (/workspaces/matmetrics/src/lib/storage.ts:1319:29)
    at refreshSessionsFromAPI (/workspaces/matmetrics/src/lib/storage.ts:1364:3)
    at getSessions (/workspaces/matmetrics/src/lib/storage.ts:745:12)
    at TestContext.<anonymous> (/workspaces/matmetrics/src/lib/storage.test.ts:1007:24)
    at async Test.run (node:internal/test_runner/test:1113:7)
    at async Test.processPendingSubtests (node:internal/test_runner/test:788:7)
Failed to read Firebase ID token Error: Firebase client configuration is missing
    at getFirebaseApp (/workspaces/matmetrics/src/lib/firebase-client.ts:41:11)
    at getFirebaseAuth (/workspaces/matmetrics/src/lib/firebase-client.ts:48:18)
    at getCurrentIdToken (/workspaces/matmetrics/src/lib/auth-session.ts:5:25)
    at getAuthHeaders (/workspaces/matmetrics/src/lib/auth-session.ts:16:23)
    at saveSession (/workspaces/matmetrics/src/lib/storage.ts:807:29)
    at TestContext.<anonymous> (/workspaces/matmetrics/src/lib/storage.test.ts:1053:34)
    at Test.runInAsyncScope (node:async_hooks:214:14)
    at Test.run (node:internal/test_runner/test:1106:25)
    at Test.processPendingSubtests (node:internal/test_runner/test:788:18)
    at Test.postRun (node:internal/test_runner/test:1235:19)
Error syncing mutation SyncRequestError: Request failed with status 503
    at syncRequest (/workspaces/matmetrics/src/lib/storage.ts:646:9)
    at async saveSession (/workspaces/matmetrics/src/lib/storage.ts:810:7)
    at async TestContext.<anonymous> (/workspaces/matmetrics/src/lib/storage.test.ts:1053:28)
    at async Test.run (node:internal/test_runner/test:1113:7)
    at async Test.processPendingSubtests (node:internal/test_runner/test:788:7) {
  retryable: true,
  retryAfterMs: null
}
✔ offline non-guest mutations remain queued and keep optimistic state until replay succeeds (36.945419ms)
Error refreshing sessions from API TypeError: fetch failed
    at node:internal/deps/undici/undici:15845:13
    at process.processTicksAndRejections (node:internal/process/task_queues:103:5)
    at async <anonymous> (/workspaces/matmetrics/src/lib/storage.ts:1320:19) {
  [cause]: AggregateError [ECONNREFUSED]: 
      at internalConnectMultiple (node:net:1134:18)
      at afterConnectMultiple (node:net:1715:7) {
    code: 'ECONNREFUSED',
    [errors]: [ [Error], [Error] ]
  }
}
Failed to read Firebase ID token Error: Firebase client configuration is missing
    at getFirebaseApp (/workspaces/matmetrics/src/lib/firebase-client.ts:41:11)
    at getFirebaseAuth (/workspaces/matmetrics/src/lib/firebase-client.ts:48:18)
    at getCurrentIdToken (/workspaces/matmetrics/src/lib/auth-session.ts:5:25)
    at getAuthHeaders (/workspaces/matmetrics/src/lib/auth-session.ts:16:23)
    at <anonymous> (/workspaces/matmetrics/src/lib/storage.ts:1319:29)
    at refreshSessionsFromAPI (/workspaces/matmetrics/src/lib/storage.ts:1364:3)
    at getSessions (/workspaces/matmetrics/src/lib/storage.ts:745:12)
    at TestContext.<anonymous> (/workspaces/matmetrics/src/lib/storage.test.ts:1059:9)
    at async Test.run (node:internal/test_runner/test:1113:7)
    at async Test.processPendingSubtests (node:internal/test_runner/test:788:7)
Failed to read Firebase ID token Error: Firebase client configuration is missing
    at getFirebaseApp (/workspaces/matmetrics/src/lib/firebase-client.ts:41:11)
    at getFirebaseAuth (/workspaces/matmetrics/src/lib/firebase-client.ts:48:18)
    at getCurrentIdToken (/workspaces/matmetrics/src/lib/auth-session.ts:5:25)
    at getAuthHeaders (/workspaces/matmetrics/src/lib/auth-session.ts:16:23)
    at processSingleQueueOperation (/workspaces/matmetrics/src/lib/storage.ts:1460:27)
    at <anonymous> (/workspaces/matmetrics/src/lib/storage.ts:1558:30)
Failed to read Firebase ID token Error: Firebase client configuration is missing
    at getFirebaseApp (/workspaces/matmetrics/src/lib/firebase-client.ts:41:11)
    at getFirebaseAuth (/workspaces/matmetrics/src/lib/firebase-client.ts:48:18)
    at getCurrentIdToken (/workspaces/matmetrics/src/lib/auth-session.ts:5:25)
    at getAuthHeaders (/workspaces/matmetrics/src/lib/auth-session.ts:16:23)
    at <anonymous> (/workspaces/matmetrics/src/lib/storage.ts:1319:29)
    at refreshSessionsFromAPI (/workspaces/matmetrics/src/lib/storage.ts:1364:3)
    at <anonymous> (/workspaces/matmetrics/src/lib/storage.ts:1586:15)
Failed to read Firebase ID token Error: Firebase client configuration is missing
    at getFirebaseApp (/workspaces/matmetrics/src/lib/firebase-client.ts:41:11)
    at getFirebaseAuth (/workspaces/matmetrics/src/lib/firebase-client.ts:48:18)
    at getCurrentIdToken (/workspaces/matmetrics/src/lib/auth-session.ts:5:25)
    at getAuthHeaders (/workspaces/matmetrics/src/lib/auth-session.ts:16:23)
    at <anonymous> (/workspaces/matmetrics/src/lib/storage.ts:1319:29)
    at refreshSessionsFromAPI (/workspaces/matmetrics/src/lib/storage.ts:1364:3)
    at getSessions (/workspaces/matmetrics/src/lib/storage.ts:745:12)
    at TestContext.<anonymous> (/workspaces/matmetrics/src/lib/storage.test.ts:1068:24)
    at async Test.run (node:internal/test_runner/test:1113:7)
    at async Test.processPendingSubtests (node:internal/test_runner/test:788:7)
✔ retryable queued create remains visible until replay succeeds (35.467303ms)
Error refreshing sessions from API TypeError: fetch failed
    at node:internal/deps/undici/undici:15845:13
    at process.processTicksAndRejections (node:internal/process/task_queues:103:5)
    at async <anonymous> (/workspaces/matmetrics/src/lib/storage.ts:1320:19) {
  [cause]: AggregateError [ECONNREFUSED]: 
      at internalConnectMultiple (node:net:1134:18)
      at afterConnectMultiple (node:net:1715:7) {
    code: 'ECONNREFUSED',
    [errors]: [ [Error], [Error] ]
  }
}
✔ alive foreign lease is not reclaimed before expiry (112.797341ms)
sync_lease_takeover {
  event: 'sync_lease_takeover',
  at: '2026-05-20T21:10:22.334Z',
  reason: 'expired',
  attempt: 0,
  previousOwner: 'live-owner',
  previousEpoch: 5,
  previousExpiresAt: 1779311422174,
  nextEpoch: 1779311422334
}
✔ two contenders cannot steal a live lease before expiry (967.289196ms)
✔ sync lease prevents replay when another tab already owns the queue flush (29.590617ms)
sync_lease_takeover {
  event: 'sync_lease_takeover',
  at: '2026-05-20T21:10:22.376Z',
  reason: 'expired',
  attempt: 2,
  previousOwner: 'other-tab',
  previousEpoch: 1,
  previousExpiresAt: 1779311422372,
  nextEpoch: 1779311422376
}
✔ sync lease acquisition retries when competing lease expires during backoff (14.664882ms)
✔ sync lease owner can renew its own lease (23.501719ms)
✔ stale sync lease owner cannot renew after another owner acquires lease (3.735858ms)
Failed to read Firebase ID token Error: Firebase client configuration is missing
    at getFirebaseApp (/workspaces/matmetrics/src/lib/firebase-client.ts:41:11)
    at getFirebaseAuth (/workspaces/matmetrics/src/lib/firebase-client.ts:48:18)
    at getCurrentIdToken (/workspaces/matmetrics/src/lib/auth-session.ts:5:25)
    at getAuthHeaders (/workspaces/matmetrics/src/lib/auth-session.ts:16:23)
    at processSingleQueueOperation (/workspaces/matmetrics/src/lib/storage.ts:1460:27)
    at <anonymous> (/workspaces/matmetrics/src/lib/storage.ts:1558:30)
✔ sync loop exits when lease renewal fails mid-flight (30.630363ms)
Failed to read Firebase ID token Error: Firebase client configuration is missing
    at getFirebaseApp (/workspaces/matmetrics/src/lib/firebase-client.ts:41:11)
    at getFirebaseAuth (/workspaces/matmetrics/src/lib/firebase-client.ts:48:18)
    at getCurrentIdToken (/workspaces/matmetrics/src/lib/auth-session.ts:5:25)
    at getAuthHeaders (/workspaces/matmetrics/src/lib/auth-session.ts:16:23)
    at processSingleQueueOperation (/workspaces/matmetrics/src/lib/storage.ts:1460:27)
    at <anonymous> (/workspaces/matmetrics/src/lib/storage.ts:1558:30)
Failed to read Firebase ID token Error: Firebase client configuration is missing
    at getFirebaseApp (/workspaces/matmetrics/src/lib/firebase-client.ts:41:11)
    at getFirebaseAuth (/workspaces/matmetrics/src/lib/firebase-client.ts:48:18)
    at getCurrentIdToken (/workspaces/matmetrics/src/lib/auth-session.ts:5:25)
    at getAuthHeaders (/workspaces/matmetrics/src/lib/auth-session.ts:16:23)
    at <anonymous> (/workspaces/matmetrics/src/lib/storage.ts:1319:29)
    at refreshSessionsFromAPI (/workspaces/matmetrics/src/lib/storage.ts:1364:3)
    at <anonymous> (/workspaces/matmetrics/src/lib/storage.ts:1586:15)
✔ sync loop heartbeat cadence uses configured sync heartbeat value (30.022847ms)
Failed to read Firebase ID token Error: Firebase client configuration is missing
    at getFirebaseApp (/workspaces/matmetrics/src/lib/firebase-client.ts:41:11)
    at getFirebaseAuth (/workspaces/matmetrics/src/lib/firebase-client.ts:48:18)
    at getCurrentIdToken (/workspaces/matmetrics/src/lib/auth-session.ts:5:25)
    at getAuthHeaders (/workspaces/matmetrics/src/lib/auth-session.ts:16:23)
    at processSingleQueueOperation (/workspaces/matmetrics/src/lib/storage.ts:1460:27)
    at <anonymous> (/workspaces/matmetrics/src/lib/storage.ts:1558:30)
    at runNextTicks (node:internal/process/task_queues:64:5)
    at process.processTimers (node:internal/timers:538:9)
Failed to read Firebase ID token Error: Firebase client configuration is missing
    at getFirebaseApp (/workspaces/matmetrics/src/lib/firebase-client.ts:41:11)
    at getFirebaseAuth (/workspaces/matmetrics/src/lib/firebase-client.ts:48:18)
    at getCurrentIdToken (/workspaces/matmetrics/src/lib/auth-session.ts:5:25)
    at getAuthHeaders (/workspaces/matmetrics/src/lib/auth-session.ts:16:23)
    at <anonymous> (/workspaces/matmetrics/src/lib/storage.ts:1319:29)
    at refreshSessionsFromAPI (/workspaces/matmetrics/src/lib/storage.ts:1364:3)
    at <anonymous> (/workspaces/matmetrics/src/lib/storage.ts:1586:15)
✔ sync loop heartbeat cadence is clamped by ttl safety bound (31.144873ms)
Failed to read Firebase ID token Error: Firebase client configuration is missing
    at getFirebaseApp (/workspaces/matmetrics/src/lib/firebase-client.ts:41:11)
    at getFirebaseAuth (/workspaces/matmetrics/src/lib/firebase-client.ts:48:18)
    at getCurrentIdToken (/workspaces/matmetrics/src/lib/auth-session.ts:5:25)
    at getAuthHeaders (/workspaces/matmetrics/src/lib/auth-session.ts:16:23)
    at processSingleQueueOperation (/workspaces/matmetrics/src/lib/storage.ts:1460:27)
    at <anonymous> (/workspaces/matmetrics/src/lib/storage.ts:1558:30)
✔ sync loop aborts safely when lease expires during a delayed sync request (1252.858322ms)
sync_lease_takeover {
  event: 'sync_lease_takeover',
  at: '2026-05-20T21:10:23.774Z',
  reason: 'expired',
  attempt: 1,
  previousOwner: 'other-tab',
  previousEpoch: 1,
  previousExpiresAt: 1779311423757,
  nextEpoch: 1779311423774
}
✔ compare-and-verify lease acquisition retries under interleaving writes (22.477399ms)
✔ fallback lease acquisition aborts ownership when storage event signals immediate overwrite (98.623123ms)
✔ clock drift edge: local clock skew cannot reclaim a still-live foreign lease (118.834929ms)
✔ simultaneous fallback contenders allow only one sync critical-section owner (105.862391ms)
Failed to read Firebase ID token Error: Firebase client configuration is missing
    at getFirebaseApp (/workspaces/matmetrics/src/lib/firebase-client.ts:41:11)
    at getFirebaseAuth (/workspaces/matmetrics/src/lib/firebase-client.ts:48:18)
    at getCurrentIdToken (/workspaces/matmetrics/src/lib/auth-session.ts:5:25)
    at getAuthHeaders (/workspaces/matmetrics/src/lib/auth-session.ts:16:23)
    at <anonymous> (/workspaces/matmetrics/src/lib/storage.ts:1319:29)
    at refreshSessionsFromAPI (/workspaces/matmetrics/src/lib/storage.ts:1364:3)
    at getSessions (/workspaces/matmetrics/src/lib/storage.ts:767:10)
    at TestContext.<anonymous> (/workspaces/matmetrics/src/lib/storage.test.ts:1842:7)
    at Test.runInAsyncScope (node:async_hooks:214:14)
    at Test.run (node:internal/test_runner/test:1106:25)
✔ only one contender acquires web lock when racing simultaneously (1.283252ms)
✔ clearAllData clears scoped sync queue and lock keys and emits storage sync event (0.475015ms)
Failed to read Firebase ID token Error: Firebase client configuration is missing
    at getFirebaseApp (/workspaces/matmetrics/src/lib/firebase-client.ts:41:11)
    at getFirebaseAuth (/workspaces/matmetrics/src/lib/firebase-client.ts:48:18)
    at getCurrentIdToken (/workspaces/matmetrics/src/lib/auth-session.ts:5:25)
    at getAuthHeaders (/workspaces/matmetrics/src/lib/auth-session.ts:16:23)
    at <anonymous> (/workspaces/matmetrics/src/lib/storage.ts:1319:29)
    at refreshSessionsFromAPI (/workspaces/matmetrics/src/lib/storage.ts:1364:3)
    at getSessions (/workspaces/matmetrics/src/lib/storage.ts:745:12)
    at TestContext.<anonymous> (/workspaces/matmetrics/src/lib/storage.test.ts:1856:24)
    at async Test.run (node:internal/test_runner/test:1113:7)
    at async Test.processPendingSubtests (node:internal/test_runner/test:788:7)
Failed to read Firebase ID token Error: Firebase client configuration is missing
    at getFirebaseApp (/workspaces/matmetrics/src/lib/firebase-client.ts:41:11)
    at getFirebaseAuth (/workspaces/matmetrics/src/lib/firebase-client.ts:48:18)
    at getCurrentIdToken (/workspaces/matmetrics/src/lib/auth-session.ts:5:25)
    at getAuthHeaders (/workspaces/matmetrics/src/lib/auth-session.ts:16:23)
    at saveSession (/workspaces/matmetrics/src/lib/storage.ts:807:29)
    at TestContext.<anonymous> (/workspaces/matmetrics/src/lib/storage.test.ts:1891:27)
    at Test.runInAsyncScope (node:async_hooks:214:14)
    at Test.run (node:internal/test_runner/test:1106:25)
    at Test.processPendingSubtests (node:internal/test_runner/test:788:18)
    at Test.postRun (node:internal/test_runner/test:1235:19)
✔ clearAllData prevents stale in-flight refresh from repopulating sessions (5.866151ms)
Error refreshing sessions from API TypeError: fetch failed
    at node:internal/deps/undici/undici:15845:13
    at process.processTicksAndRejections (node:internal/process/task_queues:103:5)
    at async <anonymous> (/workspaces/matmetrics/src/lib/storage.ts:1320:19) {
  [cause]: AggregateError [ECONNREFUSED]: 
      at internalConnectMultiple (node:net:1134:18)
      at afterConnectMultiple (node:net:1715:7) {
    code: 'ECONNREFUSED',
    [errors]: [ [Error], [Error] ]
  }
}
Failed to read Firebase ID token Error: Firebase client configuration is missing
    at getFirebaseApp (/workspaces/matmetrics/src/lib/firebase-client.ts:41:11)
    at getFirebaseAuth (/workspaces/matmetrics/src/lib/firebase-client.ts:48:18)
    at getCurrentIdToken (/workspaces/matmetrics/src/lib/auth-session.ts:5:25)
    at getAuthHeaders (/workspaces/matmetrics/src/lib/auth-session.ts:16:23)
    at <anonymous> (/workspaces/matmetrics/src/lib/storage.ts:1319:29)
    at refreshSessionsFromAPI (/workspaces/matmetrics/src/lib/storage.ts:1364:3)
    at saveSession (/workspaces/matmetrics/src/lib/storage.ts:828:12)
    at async TestContext.<anonymous> (/workspaces/matmetrics/src/lib/storage.test.ts:1900:7)
    at async Test.run (node:internal/test_runner/test:1113:7)
    at async Test.processPendingSubtests (node:internal/test_runner/test:788:7)
Failed to read Firebase ID token Error: Firebase client configuration is missing
    at getFirebaseApp (/workspaces/matmetrics/src/lib/firebase-client.ts:41:11)
    at getFirebaseAuth (/workspaces/matmetrics/src/lib/firebase-client.ts:48:18)
    at getCurrentIdToken (/workspaces/matmetrics/src/lib/auth-session.ts:5:25)
    at getAuthHeaders (/workspaces/matmetrics/src/lib/auth-session.ts:16:23)
    at <anonymous> (/workspaces/matmetrics/src/lib/storage.ts:1319:29)
    at refreshSessionsFromAPI (/workspaces/matmetrics/src/lib/storage.ts:1364:3)
    at getSessions (/workspaces/matmetrics/src/lib/storage.ts:745:12)
    at TestContext.<anonymous> (/workspaces/matmetrics/src/lib/storage.test.ts:1903:24)
    at async Test.run (node:internal/test_runner/test:1113:7)
    at async Test.processPendingSubtests (node:internal/test_runner/test:788:7)
✔ clearAllData prevents stale in-flight sync from restoring queue or sessions (5.331452ms)
Error refreshing sessions from API TypeError: fetch failed
    at node:internal/deps/undici/undici:15845:13
    at process.processTicksAndRejections (node:internal/process/task_queues:103:5)
    at async <anonymous> (/workspaces/matmetrics/src/lib/storage.ts:1320:19) {
  [cause]: AggregateError [ECONNREFUSED]: 
      at internalConnectMultiple (node:net:1134:18)
      at afterConnectMultiple (node:net:1715:7) {
    code: 'ECONNREFUSED',
    [errors]: [ [Error], [Error] ]
  }
}
✔ setGitHubSyncStatus persists via preferences and remains observable after reload/init (1.902751ms)
✔ setGitHubSyncStatus warns and no-ops when no authenticated user is available (1.892592ms)
▶ sync-lease module
  ▶ randomBackoffMs
    ✔ returns a value within expected range (0.766503ms)
    ✔ maps injected random values to deterministic boundaries (0.204202ms)
  ✔ randomBackoffMs (1.606867ms)
  ▶ randomVerifyDelayMs
    ✔ returns a value within expected range (1.216611ms)
  ✔ randomVerifyDelayMs (1.435942ms)
  ▶ createSyncLeaseNonce
    ✔ creates unique nonces (0.56506ms)
    ✔ creates strings (0.196306ms)
  ✔ createSyncLeaseNonce (1.181531ms)
  ▶ getNextSyncLeaseEpoch
    ✔ returns increasing epochs (0.156358ms)
    ✔ ensures epoch is not less than current timestamp (0.18518ms)
  ✔ getNextSyncLeaseEpoch (0.717689ms)
  ▶ readSyncLease
    ✔ returns null when no lease exists (0.165749ms)
    ✔ parses a valid lease from localStorage (0.885053ms)
  ✔ readSyncLease (1.40776ms)
  ▶ releaseSyncLease
    ✔ does not remove persisted lease when local active lease is stale (0.243954ms)
  ✔ releaseSyncLease (0.411261ms)
  ▶ tryAcquireSyncLease
    ✔ forces reclaim after stable observations of a live competing lease (1.152339ms)
    ✔ backs off without reclaiming while competing lease keeps changing (0.568686ms)
  ✔ tryAcquireSyncLease (1.98789ms)
✔ sync-lease module (9.680623ms)
✔ queueOperation timestamps operations and preserves insertion order (18.596121ms)
✔ queueOperation uses persisted last queuedAt to recover from stale in-memory state (8.056958ms)
✔ queueOperation remains strictly monotonic across interleaved two-tab writes (12.858125ms)
✔ setQueue preserves a newer concurrent operation with the same identity (3.790345ms)
✔ clearQueue keeps a newer concurrent operation instead of deleting it (2.073087ms)
✔ setQueue retains concurrent operations that share queuedAt with stale base snapshots (2.034683ms)
✔ concurrent create and update with identical queuedAt coalesce deterministically (4.022268ms)
✔ setQueue deterministically keeps one equal-timestamp concurrent update for the same identity (5.053383ms)
✔ clearQueue removes the persisted storage key when there is no concurrent work (3.519658ms)
✔ clearQueue keeps concurrent operations when queuedAt matches stale base snapshot (5.289759ms)
✔ malformed JSON is quarantined and cleared on first read (1.271597ms)
✔ subsequent reads after malformed JSON return stable empty queue without repeated parse warnings (0.324698ms)
✔ storage lease heartbeat renews during long-running critical section (52.739113ms)
✔ lease expires and competing tab can re-acquire while original action is still running (56.019609ms)
✔ stale owner commit is prevented after lease expiry and competing re-acquire (4.344067ms)
✔ identity-based removal succeeds under concurrent writes where index-based removal fails (10.844371ms)
✔ coalesces create then update into create with latest payload (2.921341ms)
✔ coalesces create then delete into no-op (1.831869ms)
✔ coalesces update then delete into delete (2.716585ms)
✔ coalesces delete then create into recreate create (1.799479ms)
✔ coalesces delete then create then update into create with latest payload (4.7064ms)
✔ coalesces delete then update into create to avoid missing-record updates (2.009495ms)
✔ getQueue keeps valid operations when persisted array has corrupt entries (0.285393ms)
✔ getQueue clears storage and warns when all persisted entries are invalid (0.212446ms)
✔ concurrent queueOperation calls do not drop operations across identities (32.736077ms)
✔ concurrent mixed mutators retain union of writes under lease (17.019884ms)
✔ rename returns a case conflict when target casing already exists (8.101287ms)
✔ rename to existing tag returns a conflict instead of mutating sessions (0.245343ms)
✔ merge into same tag returns conflict and performs no updates (1.23376ms)
✔ delete nonexistent tag returns conflict and supports dry-run (0.312641ms)
✔ analysis APIs return accurate impact details for representative datasets (0.677681ms)
✔ rename stops on first failed session update and reports failed ids (0.418648ms)
✔ plugin severity tones map to semantic utility classes (1.982887ms)
✔ plugin maturity tiers map to semantic trend classes (0.258447ms)
✔ dashboard category bars resolve to chart palette token order (0.213175ms)
✔ video library defaults include technical expected category (1.168565ms)
✔ normalizeExpectedVideoCategories keeps valid categories in canonical order (0.262643ms)
✔ normalizeExpectedVideoCategories falls back to default when invalid or empty (0.131955ms)
✔ date-only helpers preserve calendar semantics without timezone drift (7.978164ms)
✔ formatLocalDateInputValue uses local calendar components (0.174359ms)
✔ formatLocalDateInputValue zero-pads single-digit month/day values (0.10645ms)
✔ formatLocalDateInputValue stays stable near midnight local boundaries (0.133522ms)
✔ formatLocalDateInputValue remains stable across timezone-offset transition days (0.386722ms)
✔ parseDateOnly returns an invalid date object for malformed input (0.105736ms)
✔ normalizeVideoDomainInput accepts bare hostnames only (1.027186ms)
✔ getAllowedVideoDomains merges starter and custom domains (0.728946ms)
✔ matchesAllowedVideoDomain supports exact and subdomain suffix matches (0.126576ms)
✔ deriveVideoLibraryEntries classifies missing, allowed, and disallowed domains (0.708606ms)
✔ deriveVideoLibraryEntries and API hostname policy classify hosts identically (0.812818ms)
✔ reconcileVideoLinkChecks drops stale entries when session URL changes or becomes invalid (0.287398ms)
✔ reconcileVideoLinkChecks invalidates disallowed-domain snapshots when custom allowlist changes (0.21395ms)
✔ deriveVideoLibraryRows merges persisted latest checks and review state (0.695306ms)
✔ resolveVideoThumbnailUrl parses youtube URLs deterministically (0.239266ms)
✔ rows keep unknown providers as valid items and use thumbnail fallback (0.359319ms)
✔ filterVideoLibraryRows respects tab, search, status, and checked filters (0.458677ms)
✔ getVideoLibraryTabCounts returns grouped counts (0.437188ms)
✔ no-video tab/count only include categories marked as expected (1.02992ms)
✔ getVideoDomainRemovalImpact counts sessions that would become disallowed (0.4359ms)
✔ mergeVideoLinkCheckResults and equality helper support persisted updates (0.374654ms)
✔ discovered dashboard tabs route is force-dynamic and no-store (9.358152ms)
✔ discovered dashboard tabs route reflects enabled overrides (7.150682ms)
✔ GET /api/plugins/list returns manifests and contract payload (22.65815ms)
✔ GET /api/plugins/list surfaces plugin contract gate violations (5.125812ms)
✔ GET /api/plugins/list treats packaged artifact-unavailable contract checks as non-blocking (5.265186ms)
✔ POST /api/plugins/toggle persists enabled override without mutating plugin.json (6.685317ms)
✔ plugin create/update routes are deprecated and return disabled responses (2.303816ms)
✔ GET /api/plugins/list returns current maturity scores for bundled plugins (32.033113ms)
✔ POST /api/plugins/validate returns contract gate violations (4.981358ms)
Error processing plugin "tags" in /api/plugins/list: Simulated plugin contract gate failure
✔ GET /api/plugins/list continues when one plugin contract gate throws (9.082754ms)
Error processing plugin "tags" in /api/plugins/validate: Simulated plugin contract gate failure
✔ POST /api/plugins/validate continues when one plugin contract gate throws (5.300646ms)
✔ deprecated create/update routes do not mutate plugin manifests (3.948612ms)
✔ GET recent releases returns the latest three releases and current version (8.326194ms)
✔ POST persists the session to local markdown storage when GitHub is not configured (18.926019ms)
✔ POST returns 500 when GitHub create fails in primary mode (2.153804ms)
✔ POST uses stored GitHub config when body omits gitHubConfig (1.143622ms)
✔ POST returns 403 when request GitHub repo does not match user preferences (1.052484ms)
✔ POST returns 409 for duplicate session ID conflicts with different content (9.758429ms)
▶ POST returns 400 when request JSON is not an object
  ✔ null (0.737121ms)
  ✔ string (0.594396ms)
  ✔ number (0.882972ms)
✔ POST returns 400 when request JSON is not an object (2.823972ms)
▶ POST returns 400 for invalid session payload fields
  ✔ id number (0.654841ms)
  ✔ id object (0.323143ms)
  ✔ id empty string (0.345824ms)
  ✔ id with invalid characters (0.291769ms)
  ✔ id exceeds max length (0.355165ms)
  ✔ techniques element type (0.377086ms)
  ✔ date string (0.289885ms)
  ✔ duration type (0.327847ms)
  ✔ effort integer (0.30364ms)
  ✔ description type (0.427586ms)
  ✔ videoUrl type (0.42763ms)
  ✔ videoUrl invalid url (0.291383ms)
  ✔ videoUrl unsupported protocol (0.30873ms)
  ✔ videoUrl private network host (0.544522ms)
  ✔ videoUrl blocks loopback alias 127.0.0.2 (0.482249ms)
  ✔ videoUrl blocks ipv6 loopback ::1 (0.633865ms)
  ✔ videoUrl blocks mapped ipv4 loopback (0.435657ms)
  ✔ videoUrl blocks ipv4 link-local range (0.39198ms)
✔ POST returns 400 for invalid session payload fields (8.458067ms)
✔ POST treats empty string videoUrl as undefined (15.078993ms)
✔ POST treats whitespace-only videoUrl as undefined (4.524359ms)
✔ POST accepts valid videoUrl and includes it in created session (4.567765ms)
✔ POST returns 401 when authorization header is missing (0.523027ms)
✔ GET returns 404 when session does not exist (15.639225ms)
✔ GET returns the local markdown session when present (14.852052ms)
✔ GET returns local session videoUrl when present (8.034344ms)
✔ PUT updates local markdown storage when GitHub is not configured (15.187671ms)
✔ PUT updates local markdown storage when body omits id (11.635841ms)
✔ PUT returns 409 when local storage has duplicate files for the same session ID (6.560741ms)
✔ PUT returns 500 when GitHub update fails in primary mode (2.688564ms)
✔ PUT uses stored GitHub config when body omits gitHubConfig (0.979081ms)
✔ DELETE removes the local markdown session when GitHub is not configured (27.962118ms)
✔ DELETE returns 409 when local storage has duplicate files for the same session ID (10.541109ms)
✔ DELETE proxies Go validation error when id is empty after trim (0.909548ms)
✔ DELETE returns 500 when GitHub delete fails in primary mode (0.596849ms)
✔ DELETE uses stored GitHub config when body omits gitHubConfig (0.533546ms)
✔ DELETE returns 400 when request body contains malformed JSON (0.438915ms)
✔ GET returns 403 when query repo does not match user preferences (0.462718ms)
✔ PUT returns 403 when body repo does not match user preferences (0.523146ms)
✔ DELETE returns 403 when body repo does not match user preferences (0.361963ms)
▶ PUT returns 400 when request body is not a JSON object
  ✔ null (0.356263ms)
  ✔ string primitive (0.274353ms)
  ✔ number primitive (0.377187ms)
  ✔ boolean primitive (0.306924ms)
  ✔ array (0.264628ms)
✔ PUT returns 400 when request body is not a JSON object (2.07498ms)
▶ PUT returns 400 for invalid session payload fields
  ✔ missing techniques field (0.378037ms)
  ✔ id mismatch (0.258706ms)
  ✔ techniques element type (0.368138ms)
  ✔ date string (0.418356ms)
  ✔ duration type (0.570406ms)
  ✔ effort integer (0.444965ms)
  ✔ notes type (0.538138ms)
  ✔ videoUrl type (0.412644ms)
  ✔ videoUrl invalid url (0.558732ms)
  ✔ videoUrl unsupported protocol (0.335904ms)
  ✔ videoUrl private network host (0.393289ms)
  ✔ videoUrl blocks loopback alias 127.0.0.2 (0.410368ms)
  ✔ videoUrl blocks ipv6 loopback ::1 (0.781722ms)
  ✔ videoUrl blocks mapped ipv4 loopback (0.563603ms)
  ✔ videoUrl blocks ipv4 link-local range (0.356225ms)
✔ PUT returns 400 for invalid session payload fields (8.191435ms)
✔ PUT treats empty string videoUrl as undefined (31.676457ms)
✔ PUT treats whitespace-only videoUrl as undefined (11.931682ms)
✔ PUT accepts valid videoUrl and includes it in updated session (11.480078ms)
✔ GET list returns local sessions when no GitHub config is requested (32.56692ms)
✔ GET list returns 403 when requested repo does not match user preferences (1.235215ms)
✔ POST requires authentication (9.621762ms)
✔ POST reports disallowed domains without making outbound requests (37.164599ms)
✔ POST falls back to GET when HEAD is rejected (7.150902ms)
✔ POST classifies remote failures as check_failed (6.563379ms)
✔ POST blocks redirect from allowed domain to private network host (7.585468ms)
✔ POST returns row-friendly per-session payloads for mixed result sets (15.72455ms)
✔ POST limits processed sessions and includes truncation metadata when sessionIds are omitted (281.915586ms)
✔ POST checks links with bounded concurrency (211.394678ms)
✔ queueOperation timestamps operations and preserves insertion order (26.926371ms)
✔ queueOperation uses persisted last queuedAt to recover from stale in-memory state (10.534694ms)
✔ queueOperation remains strictly monotonic across interleaved two-tab writes (10.669137ms)
✔ setQueue preserves a newer concurrent operation with the same identity (7.171277ms)
✔ clearQueue keeps a newer concurrent operation instead of deleting it (3.833645ms)
✔ setQueue retains concurrent operations that share queuedAt with stale base snapshots (2.335802ms)
✔ concurrent create and update with identical queuedAt coalesce deterministically (4.308649ms)
✔ setQueue deterministically keeps one equal-timestamp concurrent update for the same identity (4.267644ms)
✔ clearQueue removes the persisted storage key when there is no concurrent work (2.702915ms)
✔ clearQueue keeps concurrent operations when queuedAt matches stale base snapshot (2.819442ms)
✔ malformed JSON is quarantined and cleared on first read (1.06095ms)
✔ subsequent reads after malformed JSON return stable empty queue without repeated parse warnings (0.310316ms)
✔ storage lease heartbeat renews during long-running critical section (54.138041ms)
✔ lease expires and competing tab can re-acquire while original action is still running (52.377766ms)
✔ stale owner commit is prevented after lease expiry and competing re-acquire (1.24865ms)
✔ identity-based removal succeeds under concurrent writes where index-based removal fails (12.954814ms)
✔ coalesces create then update into create with latest payload (3.956427ms)
✔ coalesces create then delete into no-op (1.992711ms)
✔ coalesces update then delete into delete (4.747244ms)
✔ coalesces delete then create into recreate create (3.732802ms)
✔ coalesces delete then create then update into create with latest payload (3.699011ms)
✔ coalesces delete then update into create to avoid missing-record updates (3.85219ms)
✔ getQueue keeps valid operations when persisted array has corrupt entries (0.338841ms)
✔ getQueue clears storage and warns when all persisted entries are invalid (0.322699ms)
✔ concurrent queueOperation calls do not drop operations across identities (25.355278ms)
✔ concurrent mixed mutators retain union of writes under lease (23.191666ms)
ℹ tests 618
ℹ suites 0
ℹ pass 618
ℹ fail 0
ℹ cancelled 0
ℹ skipped 0
ℹ todo 0
ℹ duration_ms 45609.200263
