
> nextn@1.2.0 test
> npm run validate:plugin-ui-contract && NODE_ENV=test node --import tsx --test


> nextn@1.2.0 validate:plugin-ui-contract
> node --import tsx scripts/validate-plugin-ui-contract.ts

✅ Plugin UI contract validation passed.
✔ github-sync manifest declares the expected settings tab copy and icon (0.726392ms)
✔ github-sync manifest evidence tracks sync-specific UX safeguards (0.649795ms)
✔ returns a validation error when owner or repo are missing (0.766362ms)
✔ deriveGitHubSettingsControlState returns deterministic button states/labels for edge combinations (0.404987ms)
✔ builds failure messages for API/network errors (0.138327ms)
✔ deriveDisableOutcome returns deterministic results for edge destructive states (0.69188ms)
✔ deriveClearOutcome returns deterministic results for edge destructive states (0.247824ms)
✔ runLoadGitHubSyncHistory maps error and empty responses to semantic user-facing messages (18.795118ms)
✔ runLoadGitHubSyncHistory maps summary payload fields and warnings into success state data (0.745152ms)
✔ runLoadGitHubSyncHistory supports retry callback behavior by allowing a second invocation to recover from an error (0.824483ms)
✔ initPlugin registers github settings renderer (1.010509ms)
✔ createDomSafePathId returns deterministic, DOM-safe ids for complex paths (0.975916ms)
✔ parseApiResponse surfaces JSON error payload message (59.409969ms)
✔ parseApiResponse handles text/plain error payload with status and route hint (0.871644ms)
✔ parseApiResponse handles HTML 404 payload with clear fallback messaging (0.684052ms)
✔ parseApiResponse reports malformed JSON payload with controlled message (2.691982ms)
✔ apply confirmation requires strong APPLY phrase (1.676756ms)
✔ canceling reset confirmation does not mutate diagnostics state (0.818795ms)
✔ confirming reset returns empty state and keeps undo snapshot (1.239824ms)
✔ audit review content groups flags with plain-language headings and helper text (5.110476ms)
✔ createUiState returns idle state copy (1.727912ms)
✔ createUiState returns loading state with long-running messaging (0.274537ms)
✔ createUiState returns empty state for no logs and no findings (0.272989ms)
✔ createUiState returns error state with concise reason and recovery step (0.310953ms)
✔ createUiState returns success state (0.22252ms)
✔ createUiState interruption flow uses cancellation next step guidance (0.591532ms)
✔ createUiState error for config issues uses server/proxy guidance (0.399676ms)
✔ createUiState error for generic preview failures keeps refresh guidance (0.259061ms)
▶ useAuditStateManager
  ✔ should initialize with empty audit results (12.18018ms)
  ✔ should initialize with provided audit results (1.515399ms)
✔ useAuditStateManager (14.541964ms)
▶ useFileValidationController
  ✔ should initialize with empty state (21.918105ms)
  ✔ should expose required methods (1.947219ms)
✔ useFileValidationController (25.019151ms)
▶ parseLogDoctorApiResponse
  ✔ should parse successful JSON response (32.215942ms)
  ✔ should handle application/json charset (0.673447ms)
  ✔ should handle custom +json content types (0.989269ms)
  ✔ should throw on non-200 status with JSON error message (0.915728ms)
  ✔ should throw on non-200 status without custom message (0.747183ms)
  ✔ should throw on malformed JSON (5.123172ms)
  ✔ should throw on non-JSON response (1.220372ms)
  ✔ should throw on missing content-type header (0.464157ms)
  ✔ should include route hint in error for non-JSON responses (0.622198ms)
  ✔ should truncate long response body in error message (3.367834ms)
  ✔ should handle case-insensitive content-type header (1.847802ms)
✔ parseLogDoctorApiResponse (49.981706ms)
✔ detectNoTechniquesHighEffort: flags high effort (>= 4) with zero techniques (13.327536ms)
✔ detectNoTechniquesHighEffort: flags effort 5 with zero techniques (0.2545ms)
✔ detectNoTechniquesHighEffort: does not flag effort 3 with zero techniques (3.249885ms)
✔ detectNoTechniquesHighEffort: does not flag effort 5 with techniques (0.187357ms)
✔ detectNoTechniquesHighEffort: respects custom effort threshold (0.297547ms)
✔ detectEmptyDescription: flags missing description (0.257195ms)
✔ detectEmptyDescription: flags empty string description (0.169989ms)
✔ detectEmptyDescription: flags whitespace-only description (0.179811ms)
✔ detectEmptyDescription: does not flag non-empty description (1.421313ms)
✔ detectEmptyNotes: flags missing notes (2.93445ms)
✔ detectEmptyNotes: flags empty notes (0.168675ms)
✔ detectEmptyNotes: flags whitespace-only notes (0.126164ms)
✔ detectEmptyNotes: does not flag non-empty notes (0.135604ms)
✔ detectDurationOutlier: does not flag when duration is undefined (0.259379ms)
✔ detectDurationOutlier: does not flag when less than 3 sessions with duration (0.171009ms)
✔ detectDurationOutlier: flags large duration outliers with 1 std dev multiplier (0.173154ms)
✔ detectDurationOutlier: flags small duration outliers with 1 std dev multiplier (0.134463ms)
✔ detectDurationOutlier: does not flag duration within 2 std deviations (0.142305ms)
✔ detectDurationOutlier: respects custom std dev multiplier (0.137115ms)
✔ runAuditRules: runs all enabled rules (5.70171ms)
✔ runAuditRules: skips disabled rules (1.643486ms)
✔ runAuditRules: returns empty array for clean session (0.169398ms)
✔ runAuditRulesForAllSessions: returns flagged sessions only (1.01562ms)
✔ runAuditRulesForAllSessions: includes sessions with no flags in original list (2.416729ms)
✔ github-sync manifest contract (4.502295ms)
✔ log-doctor manifest contract (0.676662ms)
✔ prompt-settings manifest contract (0.376018ms)
✔ tag-manager manifest contract (0.469012ms)
✔ video-library manifest contract (0.470989ms)
✔ initPlugin registers github-sync ids exactly once (4.20515ms)
✔ initPlugin registers log-doctor ids exactly once (0.264329ms)
✔ initPlugin registers prompt-settings ids exactly once (0.223997ms)
✔ initPlugin registers tag-manager ids exactly once (0.221907ms)
✔ initPlugin registers video-library ids exactly once (0.232127ms)
✔ plugin sources avoid hardcoded semantic color utility classes (3.798366ms)
✔ composition conformance passes for a sectioned dashboard shell with destructive flow wrapper (15.10266ms)
✔ composition conformance fails when layout is not shell-rooted, not sectioned, and uses raw destructive button (5.016658ms)
✔ composition conformance fails when required blocks are outside PluginPageShell even if helpers are imported (1.544762ms)
✔ github-sync uses standardized plugin state helpers (1.526463ms)
✔ prompt-settings uses standardized plugin state helpers (0.363117ms)
✔ tag-manager uses standardized plugin state helpers (0.433029ms)
✔ video-library uses standardized plugin state helpers (0.362094ms)
✔ log-doctor uses standardized plugin state helpers (0.331748ms)
✔ required helper contract check fails when helper is missing (0.985121ms)
✔ prompt-settings manifest declares the expected dashboard tab copy and icon (1.537344ms)
✔ prompt-settings manifest evidence tracks prompt settings UX coverage (1.023448ms)
✔ delete flow exposes loading labels and disabled actions while async work is in progress (1.16251ms)
✔ delete flow surfaces recoverable errors and supports retry after apply failure (0.769335ms)
✔ initPlugin registers tag manager renderer with refresh wiring (1.583949ms)
✔ plugins/test-plugin-manifest-contract.ts (506.226132ms)
✔ plugins/test-plugin-registration-contract.ts (393.434651ms)
✔ fallback prompt uses shared default constant with mixed-discipline preservation guidance (2.063934ms)
✔ prompt payload keeps custom prompt override and raw mixed-language input unchanged (0.272365ms)
✔ log-doctor fix route proxies to /api/go/github/log-doctor/fix with expected body mapping (13.413877ms)
✔ log-doctor fix route rejects invalid payloads before proxying (5.665265ms)
✔ log-doctor fix route maps malformed proxy base URL to a configuration-specific 500 message (0.564397ms)
✔ log-doctor route proxies to /api/go/github/log-doctor and trims owner/repo/branch (15.648206ms)
✔ log-doctor route rejects invalid body before proxying (3.077011ms)
✔ log-doctor route returns upstream 404 when proxied go route is absent (2.353855ms)
✔ log-doctor route maps malformed proxy base URL to a configuration-specific 500 message (0.766046ms)
✔ derivePluginManagerInstalledViewState maps lifecycle scenarios to visible UI states (88.878632ms)
✔ installed content renders behavior-defining UI surfaces for each scenario state (18.212809ms)
✔ deriveInstalledPlugins keeps tag-manager priority and does not mutate source rows across repeated calls (23.800227ms)
✔ isActiveRefreshRequest only applies responses for the latest mounted refresh (0.396991ms)
✔ isActiveRefreshRequest prevents out-of-order completion from regressing current UI state (1.044185ms)
✔ installed table uses semantic tone utility classes for maturity and severity badges (9.552467ms)
✔ PluginPageShell renders title, description, icon, and content regions (32.807809ms)
✔ PluginNotice renders notice title and description content (4.750973ms)
✔ VersionHistoryModal clears loading and renders release content after a successful fetch (375.375718ms)
✔ VersionHistoryModal clears loading and surfaces an error message after a failed fetch (11.037344ms)
✔ useSessionFormAi hook structure is verified (1.151329ms)
✔ APP_VERSION matches package.json version (12.861798ms)
✔ APP_VERSION matches the latest CHANGELOG.md entry (8.893502ms)
✔ guest normalization (null/undefined/blank -> guest) (1.655193ms)
✔ active user switching (0.426806ms)
✔ scoped key generation for explicit user (1.454109ms)
✔ guest-mode predicate behavior (0.566729ms)
▶ dashboard utilities - user initials generation
  ✔ generates initials from display name (1.213934ms)
  ✔ generates initials from email when display name is unavailable (0.461421ms)
  ✔ uses guest label when both display name and email are unavailable in guest mode (0.284754ms)
  ✔ uses MM default when both display name and email are unavailable in non-guest mode (0.143496ms)
  ✔ handles single-word display names (0.123376ms)
  ✔ limits initials to 2 characters maximum (0.393178ms)
  ✔ converts initials to uppercase (0.142529ms)
  ✔ handles email with multiple domains correctly (0.294538ms)
✔ dashboard utilities - user initials generation (5.079538ms)
▶ dashboard utilities - guest badge label
  ✔ returns guest workspace label for custom source (1.959891ms)
  ✔ returns demo preview label for demo source (0.129135ms)
✔ dashboard utilities - guest badge label (2.494625ms)
▶ dashboard utilities - sync status text generation
  ✔ returns offline when not online (0.903862ms)
  ✔ returns syncing when actively syncing (0.134502ms)
  ✔ returns pending count when online but not syncing with pending items (0.095563ms)
  ✔ returns synced when online with no pending items (0.277916ms)
  ✔ prioritizes offline status over syncing (0.097603ms)
  ✔ prioritizes syncing status over pending count (0.546129ms)
  ✔ handles single pending item correctly (0.09502ms)
  ✔ handles large pending counts (0.161468ms)
✔ dashboard utilities - sync status text generation (3.341757ms)
▶ dashboard utilities - guest workspace description
  ✔ returns custom description for custom source (0.12214ms)
  ✔ returns demo description for demo source (0.068076ms)
✔ dashboard utilities - guest workspace description (0.418281ms)
▶ dashboard utilities - guest mode alert message
  ✔ returns custom workspace message with auth available (0.250684ms)
  ✔ returns custom workspace message without auth available (0.091334ms)
  ✔ returns demo workspace message with auth available (0.074515ms)
  ✔ returns demo workspace message without auth available (0.084522ms)
✔ dashboard utilities - guest mode alert message (0.80194ms)
▶ dashboard utilities - sign in button text
  ✔ returns unlock button text when auth is available (0.090391ms)
  ✔ returns setup button text when auth is not available (0.0721ms)
✔ dashboard utilities - sign in button text (0.32479ms)
✔ canonical design token keys match DESIGN.md section 2 source of truth (2.27219ms)
✔ canonical design token keys remain kebab-case and do not introduce underscores (0.390263ms)
✔ updateSession moves the markdown file when the session date changes (124.288524ms)
✔ updateSession leaves exactly one markdown file for the session after a date move (14.625203ms)
✔ findSessionFileById locates a session even when the file path month no longer matches frontmatter date (6.278029ms)
✔ updateSession rejects a conflicting destination file and preserves the original file (23.195556ms)
✔ updateSession overwrites an existing destination file when it has the same session ID with stale content (43.341413ms)
✔ concurrent updateSession calls for the same file return a conflict for one caller (25.833488ms)
✔ updateSession releases same-path lock when commit rename fails (22.439014ms)
✔ concurrent deleteSession and updateSession cannot resurrect a session (52.949715ms)
✔ updateSession returns SessionNotFoundError when delete wins before update acquires the lock (41.050513ms)
✔ shouldReclaimSessionUpdateLock keeps alive PID locks even when old (4.623826ms)
✔ updateSession reclaims same-path lock when owner PID is dead regardless of age (32.297193ms)
✔ updateSession reclaims malformed same-path lock metadata (58.57103ms)
✔ updateSession keeps conflict behavior when same-path lock is active (27.906678ms)
✔ acquireSessionUpdateLock allows same-owner reentrant acquisition (37.628416ms)
✔ acquireSessionUpdateLock keeps conflicts for different-owner active locks (33.465281ms)
✔ reentrant release ordering cannot delete another owner reclaimed lock (19.324592ms)
✔ shouldReclaimSessionUpdateLock reclaims unknown PID locks only after timeout age (11.061266ms)
✔ concurrent date-move updates avoid deadlock and resolve with one winner (80.161387ms)
✔ deleteSession racing with date move yields deterministic deleted state (51.355949ms)
✔ updateSession release lock is robust on normal and ENOENT cleanup paths (45.079204ms)
✔ late release does not delete a reclaimed lock owned by another caller (38.708517ms)
✔ createSession rejects same-ID concurrent creates across different dates and preserves a single canonical file (27.443338ms)
✔ createSession resolves concurrent create when the winning writer completes after 200ms (593.734406ms)
✔ findSessionFileById throws DuplicateSessionIdError when multiple files share an ID (7.67046ms)
Skipping unreadable or malformed session file during lookup for session-duplicate-with-malformed: /tmp/matmetrics-file-storage-ZtcTAR/2025/03/20250310-matmetrics-session-malformed-neighbor.md Error: Missing or invalid "id" in frontmatter
    at validateId (/workspaces/matmetrics/src/lib/markdown-serializer.ts:117:11)
    at markdownToSession (/workspaces/matmetrics/src/lib/markdown-serializer.ts:84:14)
    at tryParseSessionFile (/workspaces/matmetrics/src/lib/file-storage.ts:1314:27)
    at async scanMonthDirectory (/workspaces/matmetrics/src/lib/file-storage.ts:1395:25)
    at async scanYearDirectory (/workspaces/matmetrics/src/lib/file-storage.ts:1427:26)
    at async findSessionFileById (/workspaces/matmetrics/src/lib/file-storage.ts:1481:25)
    at async waitForActual (node:assert:646:5)
    at async strict.rejects (node:assert:769:25)
    at async <anonymous> (/workspaces/matmetrics/src/lib/file-storage.test.ts:1244:7)
    at async withTempDataDir (/workspaces/matmetrics/src/lib/file-storage.test.ts:66:5)
✔ findSessionFileById still detects duplicate IDs when malformed files are present (25.319524ms)
Skipping unreadable or malformed session file during lookup for session-read-error: /tmp/matmetrics-file-storage-r4Jh0c/2025/01/20250110-matmetrics-session-read-error-bad.md Error: Missing or invalid "id" in frontmatter
    at validateId (/workspaces/matmetrics/src/lib/markdown-serializer.ts:117:11)
    at markdownToSession (/workspaces/matmetrics/src/lib/markdown-serializer.ts:84:14)
    at tryParseSessionFile (/workspaces/matmetrics/src/lib/file-storage.ts:1314:27)
    at async scanMonthDirectory (/workspaces/matmetrics/src/lib/file-storage.ts:1395:25)
    at async scanYearDirectory (/workspaces/matmetrics/src/lib/file-storage.ts:1427:26)
    at async findSessionFileById (/workspaces/matmetrics/src/lib/file-storage.ts:1481:25)
    at async <anonymous> (/workspaces/matmetrics/src/lib/file-storage.test.ts:1275:20)
    at async withTempDataDir (/workspaces/matmetrics/src/lib/file-storage.test.ts:66:5)
    at async TestContext.<anonymous> (/workspaces/matmetrics/src/lib/file-storage.test.ts:1263:5)
    at async Test.run (node:internal/test_runner/test:1113:7)
✔ findSessionFileById skips malformed sibling markdown files and still finds valid matches (40.760875ms)
Skipping invalid indexed session record for session-malformed-indexed; falling back to directory scan Error: Missing or invalid "date" in frontmatter
    at validateDate (/workspaces/matmetrics/src/lib/markdown-serializer.ts:124:11)
    at markdownToSession (/workspaces/matmetrics/src/lib/markdown-serializer.ts:85:16)
    at checkIndexedSessionRecord (/workspaces/matmetrics/src/lib/file-storage.ts:1348:27)
    at async findSessionFileById (/workspaces/matmetrics/src/lib/file-storage.ts:1460:23)
    at async <anonymous> (/workspaces/matmetrics/src/lib/file-storage.test.ts:1306:20)
    at async withTempDataDir (/workspaces/matmetrics/src/lib/file-storage.test.ts:66:5)
    at async TestContext.<anonymous> (/workspaces/matmetrics/src/lib/file-storage.test.ts:1284:5)
    at async Test.run (node:internal/test_runner/test:1113:7)
    at async Test.processPendingSubtests (node:internal/test_runner/test:788:7)
Skipping unreadable or malformed session file during lookup for session-malformed-indexed: /tmp/matmetrics-file-storage-B6jIVs/2025/04/20250421-matmetrics-session-malformed-indexed.md Error: Missing or invalid "date" in frontmatter
    at validateDate (/workspaces/matmetrics/src/lib/markdown-serializer.ts:124:11)
    at markdownToSession (/workspaces/matmetrics/src/lib/markdown-serializer.ts:85:16)
    at tryParseSessionFile (/workspaces/matmetrics/src/lib/file-storage.ts:1314:27)
    at async scanMonthDirectory (/workspaces/matmetrics/src/lib/file-storage.ts:1395:25)
    at async scanYearDirectory (/workspaces/matmetrics/src/lib/file-storage.ts:1427:26)
    at async findSessionFileById (/workspaces/matmetrics/src/lib/file-storage.ts:1481:25)
    at async <anonymous> (/workspaces/matmetrics/src/lib/file-storage.test.ts:1306:20)
    at async withTempDataDir (/workspaces/matmetrics/src/lib/file-storage.test.ts:66:5)
    at async TestContext.<anonymous> (/workspaces/matmetrics/src/lib/file-storage.test.ts:1284:5)
    at async Test.run (node:internal/test_runner/test:1113:7)
✔ findSessionFileById falls back to full scan when indexed file is malformed (37.316887ms)
Skipping invalid indexed session record for session-caller-read-error; falling back to directory scan Error: simulated io failure
    at Object.import_fs.promises.readFile (/workspaces/matmetrics/src/lib/file-storage.test.ts:1323:31)
    at checkIndexedSessionRecord (/workspaces/matmetrics/src/lib/file-storage.ts:1344:31)
    at async findSessionFileById (/workspaces/matmetrics/src/lib/file-storage.ts:1460:23)
    at async updateSession (/workspaces/matmetrics/src/lib/file-storage.ts:1078:24)
    at async waitForActual (node:assert:646:5)
    at async strict.rejects (node:assert:769:25)
    at async <anonymous> (/workspaces/matmetrics/src/lib/file-storage.test.ts:1331:9)
    at async withTempDataDir (/workspaces/matmetrics/src/lib/file-storage.test.ts:66:5)
    at async TestContext.<anonymous> (/workspaces/matmetrics/src/lib/file-storage.test.ts:1315:5)
    at async Test.run (node:internal/test_runner/test:1113:7) {
  code: 'EIO'
}
Skipping unreadable or malformed session file during lookup for session-caller-read-error: /tmp/matmetrics-file-storage-lMJNhG/2025/01/20250110-matmetrics-session-caller-read-error.md Error: simulated io failure
    at Object.import_fs.promises.readFile (/workspaces/matmetrics/src/lib/file-storage.test.ts:1323:31)
    at tryParseSessionFile (/workspaces/matmetrics/src/lib/file-storage.ts:1313:31)
    at async scanMonthDirectory (/workspaces/matmetrics/src/lib/file-storage.ts:1395:25)
    at async scanYearDirectory (/workspaces/matmetrics/src/lib/file-storage.ts:1427:26)
    at async findSessionFileById (/workspaces/matmetrics/src/lib/file-storage.ts:1481:25)
    at async updateSession (/workspaces/matmetrics/src/lib/file-storage.ts:1078:24)
    at async waitForActual (node:assert:646:5)
    at async strict.rejects (node:assert:769:25)
    at async <anonymous> (/workspaces/matmetrics/src/lib/file-storage.test.ts:1331:9)
    at async withTempDataDir (/workspaces/matmetrics/src/lib/file-storage.test.ts:66:5) {
  code: 'EIO'
}
Skipping invalid indexed session record for session-caller-read-error; falling back to directory scan Error: simulated io failure
    at Object.import_fs.promises.readFile (/workspaces/matmetrics/src/lib/file-storage.test.ts:1323:31)
    at checkIndexedSessionRecord (/workspaces/matmetrics/src/lib/file-storage.ts:1344:31)
    at async findSessionFileById (/workspaces/matmetrics/src/lib/file-storage.ts:1460:23)
    at async deleteSession (/workspaces/matmetrics/src/lib/file-storage.ts:1198:23)
    at async waitForActual (node:assert:646:5)
    at async strict.rejects (node:assert:769:25)
    at async <anonymous> (/workspaces/matmetrics/src/lib/file-storage.test.ts:1338:9)
    at async withTempDataDir (/workspaces/matmetrics/src/lib/file-storage.test.ts:66:5)
    at async TestContext.<anonymous> (/workspaces/matmetrics/src/lib/file-storage.test.ts:1315:5)
    at async Test.run (node:internal/test_runner/test:1113:7) {
  code: 'EIO'
}
Skipping unreadable or malformed session file during lookup for session-caller-read-error: /tmp/matmetrics-file-storage-lMJNhG/2025/01/20250110-matmetrics-session-caller-read-error.md Error: simulated io failure
    at Object.import_fs.promises.readFile (/workspaces/matmetrics/src/lib/file-storage.test.ts:1323:31)
    at tryParseSessionFile (/workspaces/matmetrics/src/lib/file-storage.ts:1313:31)
    at async scanMonthDirectory (/workspaces/matmetrics/src/lib/file-storage.ts:1395:25)
    at async scanYearDirectory (/workspaces/matmetrics/src/lib/file-storage.ts:1427:26)
    at async findSessionFileById (/workspaces/matmetrics/src/lib/file-storage.ts:1481:25)
    at async deleteSession (/workspaces/matmetrics/src/lib/file-storage.ts:1198:23)
    at async waitForActual (node:assert:646:5)
    at async strict.rejects (node:assert:769:25)
    at async <anonymous> (/workspaces/matmetrics/src/lib/file-storage.test.ts:1338:9)
    at async withTempDataDir (/workspaces/matmetrics/src/lib/file-storage.test.ts:66:5) {
  code: 'EIO'
}
✔ updateSession and deleteSession return not-found when all matching files are unreadable (24.597273ms)
✔ updateSession and deleteSession throw DuplicateSessionIdError when session ID is duplicated (21.506566ms)
✔ deleteSession treats ENOENT as already deleted and still removes the index entry (41.794899ms)
✔ deleteSession retries once after ENOENT and deletes a moved session file (31.014985ms)
✔ createSession rolls back index lock when markdown write fails (7.31272ms)
✔ listSessions and hasAnySessions ignore index-only directories (4.519707ms)
Failed to read session index for session-outside-index Error: Resolved session file path escapes data directory
    at ensureResolvedPathWithinDataDir (/workspaces/matmetrics/src/lib/file-storage.ts:154:11)
    at ensureExistingPathWithinDataDir (/workspaces/matmetrics/src/lib/file-storage.ts:175:20)
    at readSessionIndex (/workspaces/matmetrics/src/lib/file-storage.ts:675:21)
    at async checkIndexedSessionRecord (/workspaces/matmetrics/src/lib/file-storage.ts:1338:25)
    at async findSessionFileById (/workspaces/matmetrics/src/lib/file-storage.ts:1460:23)
    at async <anonymous> (/workspaces/matmetrics/src/lib/file-storage.test.ts:1589:22)
    at async withTempDataDir (/workspaces/matmetrics/src/lib/file-storage.test.ts:66:5)
    at async TestContext.<anonymous> (/workspaces/matmetrics/src/lib/file-storage.test.ts:1560:5)
    at async Test.run (node:internal/test_runner/test:1113:7)
    at async Test.processPendingSubtests (node:internal/test_runner/test:788:7)
✔ findSessionFileById ignores index records that point outside the data root (8.372691ms)
✔ listSessions and hasAnySessions ignore symlinked year directories that escape the data root (5.92754ms)
✔ getNextCounter rejects invalid dates before constructing paths (1.819471ms)
✔ getNextCounter counts existing sessions for a normalized valid date (11.295481ms)
✔ extractDateFromPath extracts dates from POSIX-style session paths (0.359825ms)
✔ extractDateFromPath extracts dates from Windows-style session paths (0.171663ms)
Skipping unreadable or malformed session file during lookup for session-duplicate-unreadable: /tmp/matmetrics-file-storage-fm0Hdt/2025/02/20250210-matmetrics-session-duplicate-unreadable.md Error: simulated read failure
    at Object.import_fs.promises.readFile (/workspaces/matmetrics/src/lib/file-storage.test.ts:1742:33)
    at tryParseSessionFile (/workspaces/matmetrics/src/lib/file-storage.ts:1313:31)
    at async scanMonthDirectory (/workspaces/matmetrics/src/lib/file-storage.ts:1395:25)
    at async scanYearDirectory (/workspaces/matmetrics/src/lib/file-storage.ts:1427:26)
    at async findSessionFileById (/workspaces/matmetrics/src/lib/file-storage.ts:1481:25)
    at async <anonymous> (/workspaces/matmetrics/src/lib/file-storage.test.ts:1752:23)
    at async withTempDataDir (/workspaces/matmetrics/src/lib/file-storage.test.ts:66:5)
    at async TestContext.<anonymous> (/workspaces/matmetrics/src/lib/file-storage.test.ts:1714:5)
    at async Test.run (node:internal/test_runner/test:1113:7)
    at async Test.processPendingSubtests (node:internal/test_runner/test:788:7) {
  code: 'EACCES'
}
✔ findSessionFileById skips unreadable duplicates and returns the readable one (16.16052ms)
✔ findSessionFileById skips symlink year directories and continues scanning (6.781511ms)
✔ findSessionFileById skips symlink month directories and continues scanning (16.384982ms)
✔ findSessionFileById collects all matching paths before checking for duplicates (18.736466ms)
FIREBASE_SERVICE_ACCOUNT_KEY contains malformed JSON. SyntaxError: Expected property name or '}' in JSON at position 1 (line 1 column 2)
    at JSON.parse (<anonymous>)
    at parseServiceAccountKey (/workspaces/matmetrics/src/lib/firebase-admin.ts:60:19)
    at TestContext.<anonymous> (/workspaces/matmetrics/src/lib/firebase-admin.test.ts:142:22)
    at Test.runInAsyncScope (node:async_hooks:214:14)
    at Test.run (node:internal/test_runner/test:1106:25)
    at Test.start (node:internal/test_runner/test:1003:17)
    at TestContext.test (node:internal/test_runner/test:378:20)
    at TestContext.<anonymous> (/workspaces/matmetrics/src/lib/firebase-admin.test.ts:141:13)
    at async Test.run (node:internal/test_runner/test:1113:7)
    at async startSubtestAfterBootstrap (node:internal/test_runner/harness:358:3)
▶ parseServiceAccountKey table-driven behavior
  ✔ returns null for undefined input (0.988065ms)
  ✔ returns null for malformed JSON (4.816158ms)
  ✔ returns null when required fields are missing (0.192159ms)
  ✔ rejects non-string project_id (0.148723ms)
  ✔ rejects non-string client_email (0.134357ms)
  ✔ rejects non-string private_key (0.137639ms)
  ✔ rejects empty project_id after trimming (0.117938ms)
  ✔ rejects empty client_email after trimming (0.172148ms)
  ✔ rejects empty private_key after trimming (0.281862ms)
  ✔ tolerates extra fields and returns exact parsed shape (2.39282ms)
  ✔ rejects non-object JSON payload (0.110477ms)
  ✔ normalizes escaped private key newlines (0.160222ms)
  ✔ preserves already normalized private key newlines (0.152513ms)
✔ parseServiceAccountKey table-driven behavior (12.650367ms)
✔ getGitHubSessionPath encodes reserved characters and rejects oversized IDs (8.190075ms)
✔ findSessionPathOnGitHubById traverses directory listings when the tree is truncated (30.815861ms)
✔ findSessionPathOnGitHubById returns null when the branch ref is missing (1.559814ms)
✔ findSessionPathOnGitHubById does not reuse manifest entries across branches (3.161445ms)
✔ findSessionPathOnGitHubById evicts stale manifest entry and falls back to tree scan (2.509138ms)
✔ default branch refresh invalidates prior-branch manifest scope (6.127192ms)
✔ findSessionPathOnGitHubById surfaces non-404 GitHub errors (0.969991ms)
✔ bulkPushSessions reports README update failure after pushing session content (2.877787ms)
✔ createSessionOnGitHub treats an identical existing file as success (2.591469ms)
✔ updateSessionOnGitHub moves the file when the session date changes (3.153079ms)
✔ resolveBranch cache is isolated by token fingerprint (2.901735ms)
✔ default branch cache expires after TTL (2.968971ms)
✔ createSessionOnGitHub invalidates stale default branch cache and retries once on invalid ref write failure (1.942804ms)
✔ proxyGoFunction returns JSON payloads for JSON upstream errors (10.54779ms)
✔ proxyGoFunction returns plain text responses with status and key headers (1.763403ms)
✔ proxyGoFunction preserves empty non-JSON responses (0.894254ms)
✔ proxyGoFunction throws a controlled error for malformed MATMETRICS_GO_PROXY_BASE_URL (1.120452ms)
✔ guest workspace seeds demo data the first time guest mode initializes (2.623981ms)
✔ demo sessions fixture enforces stable product invariants (0.582242ms)
✔ guest workspace becomes importable after local edits and can be dismissed (10.882436ms)
✔ clearing guest workspace removes guest sessions and metadata (0.430494ms)
✔ action feedback controller eventually transitions success and error to idle (3.551381ms)
✔ error reset is scheduled later than success reset (0.498276ms)
✔ reset() and dispose() cancel pending idle resets (1.807881ms)
✔ EOF without trailing newline preserves notes text (7.282096ms)
✔ CRLF and mixed newline parsing preserve sections (3.149172ms)
✔ Roundtrip preserves techniques/description/notes (2.362155ms)
✔ Roundtrip preserves videoUrl when present (1.08482ms)
✔ sessionToMarkdown writes videoUrl in frontmatter when present (1.218491ms)
✔ markdownToSession reads videoUrl from frontmatter when present (0.5966ms)
✔ markdown without videoUrl still parses (0.676599ms)
✔ serializer always emits description and notes headings (0.335719ms)
✔ title may differ from frontmatter and still parse (0.996528ms)
✔ Description and notes preserve embedded "## " strings in paragraphs (0.899494ms)
✔ Description and notes preserve fenced code blocks with "## " lines (1.050459ms)
✔ title must still be a level-1 heading (0.85744ms)
✔ invalid date frontmatter values are rejected (0.296161ms)
✔ invalid effort frontmatter values are rejected (0.52658ms)
✔ invalid category frontmatter values are rejected (0.292948ms)
✔ invalid duration frontmatter values are rejected (0.913902ms)
✔ videoUrl SSRF-protected hosts are rejected (3.064813ms)
✔ videoUrl with public hosts is allowed (1.696008ms)
✔ missing each required section is rejected (0.657021ms)
✔ required headings only inside fenced code blocks are rejected (1.175334ms)
✔ fully valid canonical markdown passes required section validation (0.312272ms)
Plugin runtime warning {
  code: 'dashboard_tab_renderer_unresolved',
  severity: 'warning',
  path: 'plugins.missing-renderer-plugin.uiExtensions.missing-renderer-extension.config.component',
  message: 'Dashboard tab component "unknown_component" is not registered to a renderer.',
  pluginId: 'missing-renderer-plugin',
  extensionId: 'missing-renderer-extension',
  componentId: 'unknown_component'
}
Plugin runtime warning {
  code: 'dashboard_tab_missing_capability',
  severity: 'warning',
  path: 'plugins.missing-capability-plugin.capabilities',
  message: 'Dashboard extension "tag-manager-dashboard-tab" requires capability "tag_mutation" and was not rendered.',
  pluginId: 'missing-capability-plugin',
  extensionId: 'tag-manager-dashboard-tab'
}
✔ maps dashboard tab extension fixture into plugin tab metadata (267.228084ms)
✔ integration: loadEnabledDashboardTabExtensions wires into tab mapping (6.176899ms)
✔ core tabs no longer include prompt settings (0.399286ms)
✔ plugins is the last core navigation item (0.186447ms)
✔ resolves plugin tab when renderer is registered in the registry (0.627174ms)
✔ captures structured runtime warning when plugin component cannot be resolved (1.801848ms)
✔ captures runtime warning and skips tab when required capability is missing (0.584417ms)
Plugin runtime warning {
  code: 'dashboard_tab_design_token_variants_missing',
  severity: 'warning',
  path: 'plugins.wide-plugin.uiContract.designTokenVariants',
  message: 'Dashboard extension "wide-extension" should declare uiContract.designTokenVariants to document shared token usage and prevent style drift.',
  pluginId: 'wide-plugin',
  extensionId: 'wide-extension'
}
✔ awaits async plugin init before resolving renderers to avoid timing warnings (11.630327ms)
✔ wraps plugin tab renderer in wide layout surface when uiContract.layoutVariant is wide (19.961448ms)
✔ emits runtime warning when required UX state helpers are missing from plugin render tree (3.065341ms)
✔ emits runtime warning when uiContract.designTokenVariants is missing for a dashboard tab (0.478161ms)
✔ blocks hostname policy for localhost and local domains (1.579874ms)
✔ blocks URL bypass targets across ipv4 and ipv6 (1.002993ms)
✔ blocks additional private and internal address families (0.626265ms)
✔ allows public internet hosts and addresses (0.297948ms)
✔ treats malformed ip literals as blocked (0.335893ms)
✔ handles valid expanded and compressed ipv6 addresses (1.882113ms)
✔ autoDisablePluginIfNeeded - returns manifest unchanged if no issues (48.143949ms)
✔ autoDisablePluginIfNeeded - disables plugin with missing capabilities (3.029587ms)
✔ autoDisablePluginIfNeeded - disables plugin with version mismatch (2.476631ms)
✔ autoDisablePluginIfNeeded - respects already disabled plugins (2.099168ms)
✔ autoDisablePluginIfNeeded - handles non-object manifests gracefully (1.706444ms)
✔ toValidationTable skips runtime renderer checks by default (server-safe) (2.816329ms)
✔ server-side validation files avoid static bootstrap import chains (2.558241ms)
✔ returns required capability for extension types covered by policy (1.558433ms)
✔ returns null for malformed extension config shape (0.257035ms)
✔ returns null for unknown ids and unknown extension types (0.698281ms)
✔ discoverEnabledDashboardTabExtensions returns empty list when no plugins exist (36.979157ms)
✔ discoverEnabledDashboardTabExtensions returns one extension for one valid plugin (24.465069ms)
✔ discoverEnabledDashboardTabExtensions skips invalid plugin manifests (4.913433ms)
✔ discoverEnabledDashboardTabExtensions ignores disabled plugins (3.265491ms)
✔ discoverEnabledDashboardTabExtensions applies enabled overrides over manifest defaults (5.326731ms)
▶ EvidenceAccumulator
  ✔ should initialize empty (4.462047ms)
  ✔ should add category scores (0.257263ms)
  ✔ should calculate total score from category scores (0.200205ms)
  ✔ should add evidence for categories (0.275574ms)
  ✔ should add multiple evidence entries for same category (0.221637ms)
  ✔ should add reasons by category (0.205461ms)
  ✔ should override previous reason when adding new reason for same category (0.154448ms)
  ✔ should add next actions (0.211018ms)
  ✔ should not duplicate next actions (0.178643ms)
  ✔ should provide final summary (0.462857ms)
  ✔ should handle all category types (0.269696ms)
  ✔ should provide safe immutability on reads (2.403436ms)
✔ EvidenceAccumulator (12.168898ms)
✔ github-sync initPlugin tolerates missing runtime registration hooks (1.170634ms)
✔ github-sync runtime wiring registers a renderer that returns GitHubSettings (0.76006ms)
✔ loadDashboardTabExtensions uses discovery API response when available (34.620764ms)
✔ loadDashboardTabExtensions falls back to local registry when discovery fails (0.6735ms)
✔ loadDashboardTabExtensions logs API error payload before falling back (0.917388ms)
✔ loadDashboardTabExtensions legacy fallback respects enabled filtering (1277.610691ms)
▶ maturity-config
  ▶ MATURITY_PRIMITIVES
    ✔ should define UI state primitives (0.854141ms)
    ✔ should define PluginPageShell primitive (0.194397ms)
    ✔ should define section primitives (0.106864ms)
    ✔ should define destructive action primitives (0.095975ms)
    ✔ should define data surface primitives (0.164106ms)
    ✔ should provide helper method to get primitives by source (0.83297ms)
    ✔ should provide helper method to find source of primitive name (0.263983ms)
    ✔ should provide helper method to check if primitive is a UI state (0.275537ms)
    ✔ should return null for unknown source in getPrimitivesBySource (0.174079ms)
    ✔ should return null for unknown primitive in getSourceOfPrimitive (0.213629ms)
  ✔ MATURITY_PRIMITIVES (4.288834ms)
✔ maturity-config (4.686935ms)
▶ Maturity Scoring Integration
  ▶ Config + Accumulator + Evaluator
    ✔ should handle complete Bronze->Silver->Gold tier progression (3.733886ms)
    ✔ should use primitives registry in evidence collection (0.43345ms)
    ✔ should accumulate complete scoring snapshot (1.043375ms)
  ✔ Config + Accumulator + Evaluator (6.609313ms)
  ▶ Primitives helper methods
    ✔ should identify UI states correctly (0.292976ms)
    ✔ should resolve primitive sources for evidence linking (0.368177ms)
  ✔ Primitives helper methods (1.024368ms)
✔ Maturity Scoring Integration (9.058409ms)
✔ scorePluginMaturity returns Bronze for minimally documented plugin (23.707291ms)
✔ scorePluginMaturity caps plugin at Bronze when capability warning exists (9.476207ms)
✔ scorePluginMaturity returns Silver for a fully documented and tested first-party plugin (15.364704ms)
✔ scorePluginMaturity requires explicit manifest gold tier for Gold promotion (26.577354ms)
✔ scorePluginMaturity blocks Gold when evidence is heuristic-only even if review tier is gold (37.590497ms)
✔ scorePluginMaturity blocks Gold when support docs are missing (30.606378ms)
✔ scorePluginMaturity awards feature-quality points for test-asserted UX states even with different implementation text (23.164959ms)
✔ scorePluginMaturity does not require undeclared error/empty criteria when policy gates relevance (15.2039ms)
✔ scorePluginMaturity ignores keyword-only UX matches when no criterion is relevant (25.78106ms)
✔ scorePluginMaturity still warns when declared error criterion lacks test assertion evidence (6.619203ms)
✔ scorePluginMaturity preserves destructive-action relevance gating when no signal marks it relevant (15.82312ms)
✔ scorePluginMaturity does not warn when manifest component matches plugin registration and file (11.111571ms)
✔ scorePluginMaturity static scan matches optional/non-optional and spacing variants for registerPluginComponent (40.160086ms)
✔ scorePluginMaturity warns when manifest component is missing from plugin registration (9.369998ms)
✔ scorePluginMaturity accepts runtime registration without local/shared component files (3.702261ms)
✔ scorePluginMaturity accepts plugin-local component files as component evidence (7.489759ms)
✔ scorePluginMaturity warns when declared component has no local, shared, or runtime evidence (7.440655ms)
✔ scorePluginMaturity counts src/lib/tags/service.test.ts as evidence for tag-manager (11.477907ms)
✔ scorePluginMaturity accepts explicit ux evidence without heuristic keywords in tests (8.315978ms)
✔ scorePluginMaturity exposes heuristic verification details when explicit evidence is absent (7.23544ms)
✔ runPluginContractGate passes when entrypoint, component, and README checks succeed (48.654748ms)
✔ runPluginContractGate fails when required files and sections are missing (7.325454ms)
✔ runPluginContractGate accepts explicit runtime registration from src/index.ts (11.000017ms)
✔ runPluginContractGate emits non-blocking warning when packaged runtime lacks source artifacts (5.31966ms)
✔ runPluginContractGate accepts README heading contracts for plugin operation docs (10.431936ms)
✔ runPluginContractGate fails when entrypoint imports plugin UI from shared src/components (4.77454ms)
✔ getPluginManagerAccessState requires auth configuration before plugin access (1.160029ms)
✔ normalizeInstalledPluginRows keeps only valid manifest rows (0.45256ms)
✔ normalizeInstalledPluginRows keeps maturity when contract gate errors exist (0.262336ms)
✔ fetchInstalledPlugins adds auth headers and parses valid plugin rows (37.298997ms)
✔ fetchInstalledPlugins ignores non-string maturity metadata values (0.735684ms)
✔ fetchInstalledPlugins surfaces API error payloads for auth failures (1.165867ms)
✔ toggleInstalledPlugin sends auth headers and toggle payload (1.540622ms)
✔ published maturity scorecard artifact matches current manifest evidence (188.581934ms)
✔ published plugin UI migration artifact matches current plugin entrypoint usage (42.890383ms)
✔ validateManifestComponentRenderers resolves declared github-sync component id (1171.700363ms)
✔ validateManifestComponentRenderers flags unresolved component id predictably (0.658767ms)
✔ persistPluginEnabledOverride stores and loads overrides in auth test mode (2.777331ms)
✔ persistPluginEnabledOverride rejects when firebase admin is unavailable outside test mode (1.060392ms)
✔ applyPluginEnabledOverrides changes enabled state only when an override exists (0.363895ms)
✔ tag-manager manifest contract includes required runtime fields (9.588317ms)
✔ tag-manager initPlugin wires register and registerPluginComponent (0.474251ms)
✔ tag-manager renderer returns TagManager and forwards refreshSessions as onRefresh (4.875153ms)
✔ tag-manager dashboard renderer resolves after plugin bootstrap (476.646102ms)
▶ TierEvaluator
  ▶ Bronze tier
    ✔ should promote to Bronze tier with low scores (2.589011ms)
    ✔ should assign Bronze tier as default when score below Silver threshold (2.29425ms)
  ✔ Bronze tier (7.512131ms)
  ▶ Silver tier
    ✔ should promote to Silver tier with sufficient scores (0.305996ms)
    ✔ should require total score >= 70 for Silver (0.189446ms)
    ✔ should stay Silver if any category is 0 (0.185086ms)
  ✔ Silver tier (0.986744ms)
  ▶ Gold tier
    ✔ should promote to Gold tier with high explicit evidence (0.356651ms)
    ✔ should require total score >= 85 for Gold (4.778461ms)
    ✔ should not promote to Gold without explicit evidence (0.245952ms)
    ✔ should not promote to Gold if any critical category is missing evidence (2.338766ms)
  ✔ Gold tier (8.129494ms)
  ▶ Edge cases
    ✔ should handle missing evidence gracefully (0.277257ms)
    ✔ should handle empty scores (0.894202ms)
    ✔ should handle partial evidence (0.272916ms)
  ✔ Edge cases (1.641512ms)
✔ TierEvaluator (19.077272ms)
✔ valid manifest passes with no issues (10.297085ms)
✔ invalid manifest reports normalized errors with paths and severity (1.433087ms)
✔ unknown extension type is warning by default (2.671414ms)
✔ unknown extension type can be explicitly accepted as experimental (0.359863ms)
✔ sensitive extension without required capability returns warning (3.654886ms)
✔ unknown capability returns warning (0.338774ms)
✔ known capability declaration passes without warnings (0.30864ms)
✔ video audit capability declaration passes without warnings (0.264079ms)
✔ manifest accepts optional first-party metadata and maturity metadata (3.744012ms)
✔ plugin with acceptable minVersion passes (0.556663ms)
✔ plugin with too-high minVersion returns warning (0.300788ms)
✔ plugin without explicit minVersion passes regardless of version (0.27036ms)
✔ runtime component renderer checks run only when explicitly enabled (1093.822088ms)
✔ manifest accepts uiContract metadata (0.761406ms)
✔ malformed uiContract is rejected (1.22821ms)
✔ uiContract designTokenVariants reject unknown underscore token keys (0.393664ms)
✔ uiContract designTokenVariants warn on explicit legacy migration mappings (1.099704ms)
✔ compareVersions - compares semantic versions correctly (1.212004ms)
✔ compareVersions - handles missing patch versions (0.213673ms)
✔ meetsMinimumVersion - returns true when version meets or exceeds minimum (0.202181ms)
✔ meetsMinimumVersion - returns false when version is below minimum (0.153365ms)
✔ meetsMinimumVersion - handles real-world version scenarios (0.191451ms)
✔ parseChangelog parses releases in descending order (2.775643ms)
✔ getRecentReleasesFromSource returns the latest three releases (0.464785ms)
✔ parseChangelog rejects unsupported section labels (0.566789ms)
✔ parseChangelog rejects invalid release dates (0.201318ms)
✔ assertReleaseVersionConsistency rejects mismatched versions (0.306139ms)
Failed to verify Firebase ID token Error: Invalid test token
    at verifyToken (/workspaces/matmetrics/src/lib/server-auth.ts:32:13)
    at requireAuthenticatedUser (/workspaces/matmetrics/src/lib/server-auth.ts:71:18)
    at <anonymous> (/workspaces/matmetrics/src/lib/server-auth.test.ts:140:28)
    at withEnv (/workspaces/matmetrics/src/lib/server-auth.test.ts:35:11)
    at TestContext.<anonymous> (/workspaces/matmetrics/src/lib/server-auth.test.ts:137:9)
    at Test.runInAsyncScope (node:async_hooks:214:14)
    at Test.run (node:internal/test_runner/test:1106:25)
    at Test.processPendingSubtests (node:internal/test_runner/test:788:18)
    at Test.postRun (node:internal/test_runner/test:1235:19)
    at Test.run (node:internal/test_runner/test:1163:12)
✔ test env + MATMETRICS_AUTH_TEST_MODE accepts valid Bearer authorization (15.13399ms)
✔ non-test env + MATMETRICS_AUTH_TEST_MODE rejects shortcut and uses normal auth path (18.367484ms)
✔ normal auth path unchanged when test mode is disabled (4.382544ms)
✔ requireAuthenticatedUser rejects malformed authorization header variants (22.183478ms)
✔ requireAuthenticatedUser rejects invalid test-mode token in test env (14.465046ms)
✔ resolveAuthorizedGitHubConfig treats null and undefined missing-state inputs identically (2.95456ms)
✔ resolveAuthorizedGitHubConfig allows omitted requested branch when stored branch is present (0.870547ms)
✔ resolveAuthorizedGitHubConfig rejects explicit mismatched branch (3.85961ms)
[CORRUPT] Skipping GitHub session file at data/2025/03/20250315-matmetrics-broken-session.md: Missing or invalid "id" in frontmatter
✔ listSessionsFromGitHub includes modern and legacy matmetrics session markdown paths (61.275685ms)
✔ scanSessionsFromGitHub returns sessions and file-level issues for mixed-validity repositories (4.077925ms)
✔ listSessionsFromGitHub preserves legacy behavior by returning valid sessions only (4.564387ms)
✔ scanSessionsFromGitHub bounds concurrent GitHub file reads (81.39119ms)
✔ scanSessionsFromGitHub retries retryable GitHub read failures before read_failed (5.086395ms)
✔ normalizeGitHubConfig rejects owner names longer than 39 characters (0.44267ms)
✔ normalizeGitHubConfig accepts repo names up to 100 characters (0.30445ms)
✔ normalizeGitHubConfig rejects invalid owner/repo traversal and control characters (0.192996ms)
✔ session-storage error helpers classify typed local storage errors (0.399858ms)
▶ TS validator matches shared fixtures
  ✔ valid (1.648628ms)
  ✔ bad date format (0.242735ms)
  ✔ bad date real (0.185005ms)
  ✔ bad effort (0.146597ms)
  ✔ bad category (0.140292ms)
  ✔ empty technique (1.19332ms)
  ✔ negative duration (0.147043ms)
  ✔ bad protocol (0.202147ms)
  ✔ private video host (0.536055ms)
  ✔ whitespace video allowed (0.616921ms)
✔ TS validator matches shared fixtures (7.794006ms)
Failed to read Firebase ID token Error: Firebase client configuration is missing
    at getFirebaseApp (/workspaces/matmetrics/src/lib/firebase-client.ts:41:11)
    at getFirebaseAuth (/workspaces/matmetrics/src/lib/firebase-client.ts:48:18)
    at getCurrentIdToken (/workspaces/matmetrics/src/lib/auth-session.ts:5:25)
    at getAuthHeaders (/workspaces/matmetrics/src/lib/auth-session.ts:16:23)
    at saveSession (/workspaces/matmetrics/src/lib/storage.ts:805:29)
    at TestContext.<anonymous> (/workspaces/matmetrics/src/lib/storage.test.ts:211:27)
    at Test.runInAsyncScope (node:async_hooks:214:14)
    at Test.run (node:internal/test_runner/test:1106:25)
    at Test.start (node:internal/test_runner/test:1003:17)
    at startSubtestAfterBootstrap (node:internal/test_runner/harness:358:17)
Failed to read Firebase ID token Error: Firebase client configuration is missing
    at getFirebaseApp (/workspaces/matmetrics/src/lib/firebase-client.ts:41:11)
    at getFirebaseAuth (/workspaces/matmetrics/src/lib/firebase-client.ts:48:18)
    at getCurrentIdToken (/workspaces/matmetrics/src/lib/auth-session.ts:5:25)
    at getAuthHeaders (/workspaces/matmetrics/src/lib/auth-session.ts:16:23)
    at <anonymous> (/workspaces/matmetrics/src/lib/storage.ts:1317:29)
    at refreshSessionsFromAPI (/workspaces/matmetrics/src/lib/storage.ts:1362:3)
    at getSessions (/workspaces/matmetrics/src/lib/storage.ts:743:12)
    at TestContext.<anonymous> (/workspaces/matmetrics/src/lib/storage.test.ts:212:7)
    at Test.runInAsyncScope (node:async_hooks:214:14)
    at Test.run (node:internal/test_runner/test:1106:25)
Failed to read Firebase ID token Error: Firebase client configuration is missing
    at getFirebaseApp (/workspaces/matmetrics/src/lib/firebase-client.ts:41:11)
    at getFirebaseAuth (/workspaces/matmetrics/src/lib/firebase-client.ts:48:18)
    at getCurrentIdToken (/workspaces/matmetrics/src/lib/auth-session.ts:5:25)
    at getAuthHeaders (/workspaces/matmetrics/src/lib/auth-session.ts:16:23)
    at <anonymous> (/workspaces/matmetrics/src/lib/storage.ts:1317:29)
    at refreshSessionsFromAPI (/workspaces/matmetrics/src/lib/storage.ts:1362:3)
    at getSessions (/workspaces/matmetrics/src/lib/storage.ts:743:12)
    at TestContext.<anonymous> (/workspaces/matmetrics/src/lib/storage.test.ts:216:9)
    at async Test.run (node:internal/test_runner/test:1113:7)
    at async startSubtestAfterBootstrap (node:internal/test_runner/harness:358:3)
✔ stale refresh does not overwrite an optimistic create while the create request is in flight (72.654855ms)
Failed to read Firebase ID token Error: Firebase client configuration is missing
    at getFirebaseApp (/workspaces/matmetrics/src/lib/firebase-client.ts:41:11)
    at getFirebaseAuth (/workspaces/matmetrics/src/lib/firebase-client.ts:48:18)
    at getCurrentIdToken (/workspaces/matmetrics/src/lib/auth-session.ts:5:25)
    at getAuthHeaders (/workspaces/matmetrics/src/lib/auth-session.ts:16:23)
    at <anonymous> (/workspaces/matmetrics/src/lib/storage.ts:1317:29)
    at refreshSessionsFromAPI (/workspaces/matmetrics/src/lib/storage.ts:1362:3)
    at Timeout.<anonymous> (/workspaces/matmetrics/src/lib/storage.ts:300:10)
    at listOnTimeout (node:internal/timers:605:17)
    at process.processTimers (node:internal/timers:541:7)
Failed to read Firebase ID token Error: Firebase client configuration is missing
    at getFirebaseApp (/workspaces/matmetrics/src/lib/firebase-client.ts:41:11)
    at getFirebaseAuth (/workspaces/matmetrics/src/lib/firebase-client.ts:48:18)
    at getCurrentIdToken (/workspaces/matmetrics/src/lib/auth-session.ts:5:25)
    at getAuthHeaders (/workspaces/matmetrics/src/lib/auth-session.ts:16:23)
    at saveSession (/workspaces/matmetrics/src/lib/storage.ts:805:29)
    at TestContext.<anonymous> (/workspaces/matmetrics/src/lib/storage.test.ts:298:13)
    at Test.runInAsyncScope (node:async_hooks:214:14)
    at Test.run (node:internal/test_runner/test:1106:25)
    at Test.processPendingSubtests (node:internal/test_runner/test:788:18)
    at Test.postRun (node:internal/test_runner/test:1235:19)
Failed to read Firebase ID token Error: Firebase client configuration is missing
    at getFirebaseApp (/workspaces/matmetrics/src/lib/firebase-client.ts:41:11)
    at getFirebaseAuth (/workspaces/matmetrics/src/lib/firebase-client.ts:48:18)
    at getCurrentIdToken (/workspaces/matmetrics/src/lib/auth-session.ts:5:25)
    at getAuthHeaders (/workspaces/matmetrics/src/lib/auth-session.ts:16:23)
    at saveSession (/workspaces/matmetrics/src/lib/storage.ts:805:29)
    at TestContext.<anonymous> (/workspaces/matmetrics/src/lib/storage.test.ts:299:13)
    at async Test.run (node:internal/test_runner/test:1113:7)
    at async Test.processPendingSubtests (node:internal/test_runner/test:788:7)
✔ getSessions does not repeatedly refresh GitHub-backed data while cache is warm (22.737144ms)
Failed to read Firebase ID token Error: Firebase client configuration is missing
    at getFirebaseApp (/workspaces/matmetrics/src/lib/firebase-client.ts:41:11)
    at getFirebaseAuth (/workspaces/matmetrics/src/lib/firebase-client.ts:48:18)
    at getCurrentIdToken (/workspaces/matmetrics/src/lib/auth-session.ts:5:25)
    at getAuthHeaders (/workspaces/matmetrics/src/lib/auth-session.ts:16:23)
    at <anonymous> (/workspaces/matmetrics/src/lib/storage.ts:1317:29)
    at refreshSessionsFromAPI (/workspaces/matmetrics/src/lib/storage.ts:1362:3)
    at Timeout.<anonymous> (/workspaces/matmetrics/src/lib/storage.ts:300:10)
    at listOnTimeout (node:internal/timers:605:17)
    at process.processTimers (node:internal/timers:541:7)
Failed to read Firebase ID token Error: Firebase client configuration is missing
    at getFirebaseApp (/workspaces/matmetrics/src/lib/firebase-client.ts:41:11)
    at getFirebaseAuth (/workspaces/matmetrics/src/lib/firebase-client.ts:48:18)
    at getCurrentIdToken (/workspaces/matmetrics/src/lib/auth-session.ts:5:25)
    at getAuthHeaders (/workspaces/matmetrics/src/lib/auth-session.ts:16:23)
    at saveSession (/workspaces/matmetrics/src/lib/storage.ts:805:29)
    at TestContext.<anonymous> (/workspaces/matmetrics/src/lib/storage.test.ts:344:13)
    at Test.runInAsyncScope (node:async_hooks:214:14)
    at Test.run (node:internal/test_runner/test:1106:25)
    at Test.processPendingSubtests (node:internal/test_runner/test:788:18)
    at Test.postRun (node:internal/test_runner/test:1235:19)
✔ successful GitHub-backed mutations coalesce into one deferred refresh (50.059894ms)
Failed to read Firebase ID token Error: Firebase client configuration is missing
    at getFirebaseApp (/workspaces/matmetrics/src/lib/firebase-client.ts:41:11)
    at getFirebaseAuth (/workspaces/matmetrics/src/lib/firebase-client.ts:48:18)
    at getCurrentIdToken (/workspaces/matmetrics/src/lib/auth-session.ts:5:25)
    at getAuthHeaders (/workspaces/matmetrics/src/lib/auth-session.ts:16:23)
    at saveSession (/workspaces/matmetrics/src/lib/storage.ts:805:29)
    at TestContext.<anonymous> (/workspaces/matmetrics/src/lib/storage.test.ts:388:9)
    at Test.runInAsyncScope (node:async_hooks:214:14)
    at Test.run (node:internal/test_runner/test:1106:25)
    at Test.processPendingSubtests (node:internal/test_runner/test:788:18)
    at Test.postRun (node:internal/test_runner/test:1235:19)
Error syncing mutation SyncRequestError: Request failed with status 400
    at syncRequest (/workspaces/matmetrics/src/lib/storage.ts:644:9)
    at async saveSession (/workspaces/matmetrics/src/lib/storage.ts:808:7)
    at async waitForActual (node:assert:646:5)
    at async strict.rejects (node:assert:769:25)
    at async TestContext.<anonymous> (/workspaces/matmetrics/src/lib/storage.test.ts:387:7)
    at async Test.run (node:internal/test_runner/test:1113:7)
    at async Test.processPendingSubtests (node:internal/test_runner/test:788:7) {
  retryable: false,
  retryAfterMs: null
}
Failed to read Firebase ID token Error: Firebase client configuration is missing
    at getFirebaseApp (/workspaces/matmetrics/src/lib/firebase-client.ts:41:11)
    at getFirebaseAuth (/workspaces/matmetrics/src/lib/firebase-client.ts:48:18)
    at getCurrentIdToken (/workspaces/matmetrics/src/lib/auth-session.ts:5:25)
    at getAuthHeaders (/workspaces/matmetrics/src/lib/auth-session.ts:16:23)
    at <anonymous> (/workspaces/matmetrics/src/lib/storage.ts:1317:29)
    at refreshSessionsFromAPI (/workspaces/matmetrics/src/lib/storage.ts:1362:3)
    at reconcilePermanentFailure (/workspaces/matmetrics/src/lib/storage.ts:653:11)
    at handleMutationSyncFailure (/workspaces/matmetrics/src/lib/storage.ts:671:12)
    at saveSession (/workspaces/matmetrics/src/lib/storage.ts:815:14)
    at async waitForActual (node:assert:646:5)
✔ teardownStorageListeners cancels scheduled refresh callbacks (51.092201ms)
Failed to read Firebase ID token Error: Firebase client configuration is missing
    at getFirebaseApp (/workspaces/matmetrics/src/lib/firebase-client.ts:41:11)
    at getFirebaseAuth (/workspaces/matmetrics/src/lib/firebase-client.ts:48:18)
    at getCurrentIdToken (/workspaces/matmetrics/src/lib/auth-session.ts:5:25)
    at getAuthHeaders (/workspaces/matmetrics/src/lib/auth-session.ts:16:23)
    at <anonymous> (/workspaces/matmetrics/src/lib/storage.ts:1317:29)
    at refreshSessionsFromAPI (/workspaces/matmetrics/src/lib/storage.ts:1362:3)
    at getSessions (/workspaces/matmetrics/src/lib/storage.ts:743:12)
    at TestContext.<anonymous> (/workspaces/matmetrics/src/lib/storage.test.ts:393:24)
    at async Test.run (node:internal/test_runner/test:1113:7)
    at async Test.processPendingSubtests (node:internal/test_runner/test:788:7)
✔ non-retryable create failures are not queued and optimistic state is reconciled away (39.43307ms)
Failed to read Firebase ID token Error: Firebase client configuration is missing
    at getFirebaseApp (/workspaces/matmetrics/src/lib/firebase-client.ts:41:11)
    at getFirebaseAuth (/workspaces/matmetrics/src/lib/firebase-client.ts:48:18)
    at getCurrentIdToken (/workspaces/matmetrics/src/lib/auth-session.ts:5:25)
    at getAuthHeaders (/workspaces/matmetrics/src/lib/auth-session.ts:16:23)
    at <anonymous> (/workspaces/matmetrics/src/lib/storage.ts:1317:29)
    at refreshSessionsFromAPI (/workspaces/matmetrics/src/lib/storage.ts:1362:3)
    at Timeout.<anonymous> (/workspaces/matmetrics/src/lib/storage.ts:300:10)
    at listOnTimeout (node:internal/timers:605:17)
    at process.processTimers (node:internal/timers:541:7)
Failed to read Firebase ID token Error: Firebase client configuration is missing
    at getFirebaseApp (/workspaces/matmetrics/src/lib/firebase-client.ts:41:11)
    at getFirebaseAuth (/workspaces/matmetrics/src/lib/firebase-client.ts:48:18)
    at getCurrentIdToken (/workspaces/matmetrics/src/lib/auth-session.ts:5:25)
    at getAuthHeaders (/workspaces/matmetrics/src/lib/auth-session.ts:16:23)
    at saveSession (/workspaces/matmetrics/src/lib/storage.ts:805:29)
    at TestContext.<anonymous> (/workspaces/matmetrics/src/lib/storage.test.ts:447:9)
    at async Test.run (node:internal/test_runner/test:1113:7)
    at async Test.processPendingSubtests (node:internal/test_runner/test:788:7)
Error syncing mutation SyncRequestError: Request failed with status 409
    at syncRequest (/workspaces/matmetrics/src/lib/storage.ts:644:9)
    at async saveSession (/workspaces/matmetrics/src/lib/storage.ts:808:7)
    at async waitForActual (node:assert:646:5)
    at async strict.rejects (node:assert:769:25) {
  retryable: false,
  retryAfterMs: null
}
Error refreshing sessions from API TypeError: fetch failed
    at node:internal/deps/undici/undici:15845:13
    at process.processTicksAndRejections (node:internal/process/task_queues:103:5)
    at async <anonymous> (/workspaces/matmetrics/src/lib/storage.ts:1318:19) {
  [cause]: AggregateError [ECONNREFUSED]: 
      at internalConnectMultiple (node:net:1134:18)
      at afterConnectMultiple (node:net:1715:7) {
    code: 'ECONNREFUSED',
    [errors]: [ [Error], [Error] ]
  }
}
Failed to read Firebase ID token Error: Firebase client configuration is missing
    at getFirebaseApp (/workspaces/matmetrics/src/lib/firebase-client.ts:41:11)
    at getFirebaseAuth (/workspaces/matmetrics/src/lib/firebase-client.ts:48:18)
    at getCurrentIdToken (/workspaces/matmetrics/src/lib/auth-session.ts:5:25)
    at getAuthHeaders (/workspaces/matmetrics/src/lib/auth-session.ts:16:23)
    at <anonymous> (/workspaces/matmetrics/src/lib/storage.ts:1317:29)
    at refreshSessionsFromAPI (/workspaces/matmetrics/src/lib/storage.ts:1362:3)
    at <anonymous> (/workspaces/matmetrics/src/lib/storage.ts:1359:14)
    at process.processTicksAndRejections (node:internal/process/task_queues:103:5)
Failed to read Firebase ID token Error: Firebase client configuration is missing
    at getFirebaseApp (/workspaces/matmetrics/src/lib/firebase-client.ts:41:11)
    at getFirebaseAuth (/workspaces/matmetrics/src/lib/firebase-client.ts:48:18)
    at getCurrentIdToken (/workspaces/matmetrics/src/lib/auth-session.ts:5:25)
    at getAuthHeaders (/workspaces/matmetrics/src/lib/auth-session.ts:16:23)
    at <anonymous> (/workspaces/matmetrics/src/lib/storage.ts:1317:29)
    at refreshSessionsFromAPI (/workspaces/matmetrics/src/lib/storage.ts:1362:3)
    at getSessions (/workspaces/matmetrics/src/lib/storage.ts:765:10)
    at TestContext.<anonymous> (/workspaces/matmetrics/src/lib/storage.test.ts:501:7)
    at Test.runInAsyncScope (node:async_hooks:214:14)
    at Test.run (node:internal/test_runner/test:1106:25)
✔ forced refresh runs after a stale in-flight refresh when reconciling permanent mutation failures (30.850564ms)
Failed to read Firebase ID token Error: Firebase client configuration is missing
    at getFirebaseApp (/workspaces/matmetrics/src/lib/firebase-client.ts:41:11)
    at getFirebaseAuth (/workspaces/matmetrics/src/lib/firebase-client.ts:48:18)
    at getCurrentIdToken (/workspaces/matmetrics/src/lib/auth-session.ts:5:25)
    at getAuthHeaders (/workspaces/matmetrics/src/lib/auth-session.ts:16:23)
    at <anonymous> (/workspaces/matmetrics/src/lib/storage.ts:1317:29)
    at refreshSessionsFromAPI (/workspaces/matmetrics/src/lib/storage.ts:1362:3)
    at getSessions (/workspaces/matmetrics/src/lib/storage.ts:743:12)
    at TestContext.<anonymous> (/workspaces/matmetrics/src/lib/storage.test.ts:505:9)
    at async Test.run (node:internal/test_runner/test:1113:7)
    at async Test.processPendingSubtests (node:internal/test_runner/test:788:7)
Failed to read Firebase ID token Error: Firebase client configuration is missing
    at getFirebaseApp (/workspaces/matmetrics/src/lib/firebase-client.ts:41:11)
    at getFirebaseAuth (/workspaces/matmetrics/src/lib/firebase-client.ts:48:18)
    at getCurrentIdToken (/workspaces/matmetrics/src/lib/auth-session.ts:5:25)
    at getAuthHeaders (/workspaces/matmetrics/src/lib/auth-session.ts:16:23)
    at saveSession (/workspaces/matmetrics/src/lib/storage.ts:805:29)
    at TestContext.<anonymous> (/workspaces/matmetrics/src/lib/storage.test.ts:546:28)
    at Test.runInAsyncScope (node:async_hooks:214:14)
    at Test.run (node:internal/test_runner/test:1106:25)
    at Test.processPendingSubtests (node:internal/test_runner/test:788:18)
    at Test.postRun (node:internal/test_runner/test:1235:19)
Error syncing mutation SyncRequestError: Request failed with status 503
    at syncRequest (/workspaces/matmetrics/src/lib/storage.ts:644:9)
    at async saveSession (/workspaces/matmetrics/src/lib/storage.ts:808:7)
    at async TestContext.<anonymous> (/workspaces/matmetrics/src/lib/storage.test.ts:546:22)
    at async Test.run (node:internal/test_runner/test:1113:7)
    at async Test.processPendingSubtests (node:internal/test_runner/test:788:7) {
  retryable: true,
  retryAfterMs: null
}
✔ refreshSessionsFromAPI preserves valid sessions and exposes file-level issues from list payload (7.08042ms)
Error refreshing sessions from API TypeError: fetch failed
    at node:internal/deps/undici/undici:15845:13
    at process.processTicksAndRejections (node:internal/process/task_queues:103:5)
    at async <anonymous> (/workspaces/matmetrics/src/lib/storage.ts:1318:19) {
  [cause]: AggregateError [ECONNREFUSED]: 
      at internalConnectMultiple (node:net:1134:18)
      at afterConnectMultiple (node:net:1715:7) {
    code: 'ECONNREFUSED',
    [errors]: [ [Error], [Error] ]
  }
}
Failed to read Firebase ID token Error: Firebase client configuration is missing
    at getFirebaseApp (/workspaces/matmetrics/src/lib/firebase-client.ts:41:11)
    at getFirebaseAuth (/workspaces/matmetrics/src/lib/firebase-client.ts:48:18)
    at getCurrentIdToken (/workspaces/matmetrics/src/lib/auth-session.ts:5:25)
    at getAuthHeaders (/workspaces/matmetrics/src/lib/auth-session.ts:16:23)
    at <anonymous> (/workspaces/matmetrics/src/lib/storage.ts:1317:29)
    at refreshSessionsFromAPI (/workspaces/matmetrics/src/lib/storage.ts:1362:3)
    at getSessions (/workspaces/matmetrics/src/lib/storage.ts:743:12)
    at TestContext.<anonymous> (/workspaces/matmetrics/src/lib/storage.test.ts:555:9)
    at async Test.run (node:internal/test_runner/test:1113:7)
    at async Test.processPendingSubtests (node:internal/test_runner/test:788:7)
✔ retryable create failures remain queued for later sync (40.014412ms)
Error refreshing sessions from API TypeError: fetch failed
    at node:internal/deps/undici/undici:15845:13
    at process.processTicksAndRejections (node:internal/process/task_queues:103:5)
    at async <anonymous> (/workspaces/matmetrics/src/lib/storage.ts:1318:19) {
  [cause]: AggregateError [ECONNREFUSED]: 
      at internalConnectMultiple (node:net:1134:18)
      at afterConnectMultiple (node:net:1715:7) {
    code: 'ECONNREFUSED',
    [errors]: [ [Error], [Error] ]
  }
}
Failed to read Firebase ID token Error: Firebase client configuration is missing
    at getFirebaseApp (/workspaces/matmetrics/src/lib/firebase-client.ts:41:11)
    at getFirebaseAuth (/workspaces/matmetrics/src/lib/firebase-client.ts:48:18)
    at getCurrentIdToken (/workspaces/matmetrics/src/lib/auth-session.ts:5:25)
    at getAuthHeaders (/workspaces/matmetrics/src/lib/auth-session.ts:16:23)
    at processSingleQueueOperation (/workspaces/matmetrics/src/lib/storage.ts:1547:27)
    at <anonymous> (/workspaces/matmetrics/src/lib/storage.ts:1639:30)
Error syncing operation SyncRequestError: Request failed with status 429
    at syncRequest (/workspaces/matmetrics/src/lib/storage.ts:644:9)
    at async processSingleQueueOperation (/workspaces/matmetrics/src/lib/storage.ts:1552:5)
    at async <anonymous> (/workspaces/matmetrics/src/lib/storage.ts:1639:24) {
  retryable: true,
  retryAfterMs: 0
}
✔ 429 replay failure keeps failed and later queued operations (32.720363ms)
Failed to read Firebase ID token Error: Firebase client configuration is missing
    at getFirebaseApp (/workspaces/matmetrics/src/lib/firebase-client.ts:41:11)
    at getFirebaseAuth (/workspaces/matmetrics/src/lib/firebase-client.ts:48:18)
    at getCurrentIdToken (/workspaces/matmetrics/src/lib/auth-session.ts:5:25)
    at getAuthHeaders (/workspaces/matmetrics/src/lib/auth-session.ts:16:23)
    at processSingleQueueOperation (/workspaces/matmetrics/src/lib/storage.ts:1547:27)
    at <anonymous> (/workspaces/matmetrics/src/lib/storage.ts:1639:30)
Error syncing operation SyncRequestError: Request failed with status 400
    at syncRequest (/workspaces/matmetrics/src/lib/storage.ts:644:9)
    at async processSingleQueueOperation (/workspaces/matmetrics/src/lib/storage.ts:1552:5)
    at async <anonymous> (/workspaces/matmetrics/src/lib/storage.ts:1639:24) {
  retryable: false,
  retryAfterMs: null
}
Failed to read Firebase ID token Error: Firebase client configuration is missing
    at getFirebaseApp (/workspaces/matmetrics/src/lib/firebase-client.ts:41:11)
    at getFirebaseAuth (/workspaces/matmetrics/src/lib/firebase-client.ts:48:18)
    at getCurrentIdToken (/workspaces/matmetrics/src/lib/auth-session.ts:5:25)
    at getAuthHeaders (/workspaces/matmetrics/src/lib/auth-session.ts:16:23)
    at <anonymous> (/workspaces/matmetrics/src/lib/storage.ts:1317:29)
    at refreshSessionsFromAPI (/workspaces/matmetrics/src/lib/storage.ts:1362:3)
    at reconcilePermanentFailure (/workspaces/matmetrics/src/lib/storage.ts:653:11)
    at handleOperationError (/workspaces/matmetrics/src/lib/storage.ts:1510:13)
    at async processSingleQueueOperation (/workspaces/matmetrics/src/lib/storage.ts:1571:41)
    at async <anonymous> (/workspaces/matmetrics/src/lib/storage.ts:1639:24)
Failed to read Firebase ID token Error: Firebase client configuration is missing
    at getFirebaseApp (/workspaces/matmetrics/src/lib/firebase-client.ts:41:11)
    at getFirebaseAuth (/workspaces/matmetrics/src/lib/firebase-client.ts:48:18)
    at getCurrentIdToken (/workspaces/matmetrics/src/lib/auth-session.ts:5:25)
    at getAuthHeaders (/workspaces/matmetrics/src/lib/auth-session.ts:16:23)
    at <anonymous> (/workspaces/matmetrics/src/lib/storage.ts:1317:29)
    at refreshSessionsFromAPI (/workspaces/matmetrics/src/lib/storage.ts:1362:3)
    at getSessions (/workspaces/matmetrics/src/lib/storage.ts:743:12)
    at TestContext.<anonymous> (/workspaces/matmetrics/src/lib/storage.test.ts:653:24)
    at async Test.run (node:internal/test_runner/test:1113:7)
    at async Test.processPendingSubtests (node:internal/test_runner/test:788:7)
Failed to read Firebase ID token Error: Firebase client configuration is missing
    at getFirebaseApp (/workspaces/matmetrics/src/lib/firebase-client.ts:41:11)
    at getFirebaseAuth (/workspaces/matmetrics/src/lib/firebase-client.ts:48:18)
    at getCurrentIdToken (/workspaces/matmetrics/src/lib/auth-session.ts:5:25)
    at getAuthHeaders (/workspaces/matmetrics/src/lib/auth-session.ts:16:23)
    at saveSession (/workspaces/matmetrics/src/lib/storage.ts:805:29)
    at TestContext.<anonymous> (/workspaces/matmetrics/src/lib/storage.test.ts:696:28)
    at Test.runInAsyncScope (node:async_hooks:214:14)
    at Test.run (node:internal/test_runner/test:1106:25)
    at Test.processPendingSubtests (node:internal/test_runner/test:788:18)
    at Test.postRun (node:internal/test_runner/test:1235:19)
Failed to read Firebase ID token Error: Firebase client configuration is missing
    at getFirebaseApp (/workspaces/matmetrics/src/lib/firebase-client.ts:41:11)
    at getFirebaseAuth (/workspaces/matmetrics/src/lib/firebase-client.ts:48:18)
    at getCurrentIdToken (/workspaces/matmetrics/src/lib/auth-session.ts:5:25)
    at getAuthHeaders (/workspaces/matmetrics/src/lib/auth-session.ts:16:23)
    at <anonymous> (/workspaces/matmetrics/src/lib/storage.ts:1317:29)
    at refreshSessionsFromAPI (/workspaces/matmetrics/src/lib/storage.ts:1362:3)
    at saveSession (/workspaces/matmetrics/src/lib/storage.ts:826:12)
    at async TestContext.<anonymous> (/workspaces/matmetrics/src/lib/storage.test.ts:696:22)
    at async Test.run (node:internal/test_runner/test:1113:7)
    at async Test.processPendingSubtests (node:internal/test_runner/test:788:7)
Skipping cache refresh from /api/sessions/list due to non-OK status 500
✔ non-retryable queued create failures are removed during sync replay (42.942204ms)
Error refreshing sessions from API TypeError: fetch failed
    at node:internal/deps/undici/undici:15845:13
    at process.processTicksAndRejections (node:internal/process/task_queues:103:5)
    at async <anonymous> (/workspaces/matmetrics/src/lib/storage.ts:1318:19) {
  [cause]: AggregateError [ECONNREFUSED]: 
      at internalConnectMultiple (node:net:1134:18)
      at afterConnectMultiple (node:net:1715:7) {
    code: 'ECONNREFUSED',
    [errors]: [ [Error], [Error] ]
  }
}
Failed to read Firebase ID token Error: Firebase client configuration is missing
    at getFirebaseApp (/workspaces/matmetrics/src/lib/firebase-client.ts:41:11)
    at getFirebaseAuth (/workspaces/matmetrics/src/lib/firebase-client.ts:48:18)
    at getCurrentIdToken (/workspaces/matmetrics/src/lib/auth-session.ts:5:25)
    at getAuthHeaders (/workspaces/matmetrics/src/lib/auth-session.ts:16:23)
    at <anonymous> (/workspaces/matmetrics/src/lib/storage.ts:1317:29)
    at refreshSessionsFromAPI (/workspaces/matmetrics/src/lib/storage.ts:1362:3)
    at getSessions (/workspaces/matmetrics/src/lib/storage.ts:743:12)
    at TestContext.<anonymous> (/workspaces/matmetrics/src/lib/storage.test.ts:701:9)
    at async Test.run (node:internal/test_runner/test:1113:7)
    at async Test.processPendingSubtests (node:internal/test_runner/test:788:7)
Failed to read Firebase ID token Error: Firebase client configuration is missing
    at getFirebaseApp (/workspaces/matmetrics/src/lib/firebase-client.ts:41:11)
    at getFirebaseAuth (/workspaces/matmetrics/src/lib/firebase-client.ts:48:18)
    at getCurrentIdToken (/workspaces/matmetrics/src/lib/auth-session.ts:5:25)
    at getAuthHeaders (/workspaces/matmetrics/src/lib/auth-session.ts:16:23)
    at <anonymous> (/workspaces/matmetrics/src/lib/storage.ts:1317:29)
    at refreshSessionsFromAPI (/workspaces/matmetrics/src/lib/storage.ts:1362:3)
    at getSessions (/workspaces/matmetrics/src/lib/storage.ts:743:12)
    at TestContext.<anonymous> (/workspaces/matmetrics/src/lib/storage.test.ts:707:24)
    at async Test.run (node:internal/test_runner/test:1113:7)
    at async Test.processPendingSubtests (node:internal/test_runner/test:788:7)
Failed to read Firebase ID token Error: Firebase client configuration is missing
    at getFirebaseApp (/workspaces/matmetrics/src/lib/firebase-client.ts:41:11)
    at getFirebaseAuth (/workspaces/matmetrics/src/lib/firebase-client.ts:48:18)
    at getCurrentIdToken (/workspaces/matmetrics/src/lib/auth-session.ts:5:25)
    at getAuthHeaders (/workspaces/matmetrics/src/lib/auth-session.ts:16:23)
    at updateSession (/workspaces/matmetrics/src/lib/storage.ts:875:29)
    at TestContext.<anonymous> (/workspaces/matmetrics/src/lib/storage.test.ts:756:28)
    at Test.runInAsyncScope (node:async_hooks:214:14)
    at Test.run (node:internal/test_runner/test:1106:25)
    at Test.processPendingSubtests (node:internal/test_runner/test:788:18)
    at Test.postRun (node:internal/test_runner/test:1235:19)
Failed to read Firebase ID token Error: Firebase client configuration is missing
    at getFirebaseApp (/workspaces/matmetrics/src/lib/firebase-client.ts:41:11)
    at getFirebaseAuth (/workspaces/matmetrics/src/lib/firebase-client.ts:48:18)
    at getCurrentIdToken (/workspaces/matmetrics/src/lib/auth-session.ts:5:25)
    at getAuthHeaders (/workspaces/matmetrics/src/lib/auth-session.ts:16:23)
    at <anonymous> (/workspaces/matmetrics/src/lib/storage.ts:1317:29)
    at refreshSessionsFromAPI (/workspaces/matmetrics/src/lib/storage.ts:1362:3)
    at updateSession (/workspaces/matmetrics/src/lib/storage.ts:896:12)
    at async TestContext.<anonymous> (/workspaces/matmetrics/src/lib/storage.test.ts:756:22)
    at async Test.run (node:internal/test_runner/test:1113:7)
    at async Test.processPendingSubtests (node:internal/test_runner/test:788:7)
Skipping cache refresh from /api/sessions/list due to non-OK status 500
✔ successful create clears dirty state even when immediate refresh fails (33.804316ms)
Error refreshing sessions from API TypeError: fetch failed
    at node:internal/deps/undici/undici:15845:13
    at process.processTicksAndRejections (node:internal/process/task_queues:103:5)
    at async <anonymous> (/workspaces/matmetrics/src/lib/storage.ts:1318:19) {
  [cause]: AggregateError [ECONNREFUSED]: 
      at internalConnectMultiple (node:net:1134:18)
      at afterConnectMultiple (node:net:1715:7) {
    code: 'ECONNREFUSED',
    [errors]: [ [Error], [Error] ]
  }
}
Failed to read Firebase ID token Error: Firebase client configuration is missing
    at getFirebaseApp (/workspaces/matmetrics/src/lib/firebase-client.ts:41:11)
    at getFirebaseAuth (/workspaces/matmetrics/src/lib/firebase-client.ts:48:18)
    at getCurrentIdToken (/workspaces/matmetrics/src/lib/auth-session.ts:5:25)
    at getAuthHeaders (/workspaces/matmetrics/src/lib/auth-session.ts:16:23)
    at <anonymous> (/workspaces/matmetrics/src/lib/storage.ts:1317:29)
    at refreshSessionsFromAPI (/workspaces/matmetrics/src/lib/storage.ts:1362:3)
    at getSessions (/workspaces/matmetrics/src/lib/storage.ts:743:12)
    at TestContext.<anonymous> (/workspaces/matmetrics/src/lib/storage.test.ts:760:20)
    at async Test.run (node:internal/test_runner/test:1113:7)
    at async Test.processPendingSubtests (node:internal/test_runner/test:788:7)
Failed to read Firebase ID token Error: Firebase client configuration is missing
    at getFirebaseApp (/workspaces/matmetrics/src/lib/firebase-client.ts:41:11)
    at getFirebaseAuth (/workspaces/matmetrics/src/lib/firebase-client.ts:48:18)
    at getCurrentIdToken (/workspaces/matmetrics/src/lib/auth-session.ts:5:25)
    at getAuthHeaders (/workspaces/matmetrics/src/lib/auth-session.ts:16:23)
    at <anonymous> (/workspaces/matmetrics/src/lib/storage.ts:1317:29)
    at refreshSessionsFromAPI (/workspaces/matmetrics/src/lib/storage.ts:1362:3)
    at getSessions (/workspaces/matmetrics/src/lib/storage.ts:743:12)
    at TestContext.<anonymous> (/workspaces/matmetrics/src/lib/storage.test.ts:764:20)
    at async Test.run (node:internal/test_runner/test:1113:7)
    at async Test.processPendingSubtests (node:internal/test_runner/test:788:7)
Failed to read Firebase ID token Error: Firebase client configuration is missing
    at getFirebaseApp (/workspaces/matmetrics/src/lib/firebase-client.ts:41:11)
    at getFirebaseAuth (/workspaces/matmetrics/src/lib/firebase-client.ts:48:18)
    at getCurrentIdToken (/workspaces/matmetrics/src/lib/auth-session.ts:5:25)
    at getAuthHeaders (/workspaces/matmetrics/src/lib/auth-session.ts:16:23)
    at deleteSession (/workspaces/matmetrics/src/lib/storage.ts:933:29)
    at TestContext.<anonymous> (/workspaces/matmetrics/src/lib/storage.test.ts:809:28)
    at Test.runInAsyncScope (node:async_hooks:214:14)
    at Test.run (node:internal/test_runner/test:1106:25)
    at Test.processPendingSubtests (node:internal/test_runner/test:788:18)
    at Test.postRun (node:internal/test_runner/test:1235:19)
Failed to read Firebase ID token Error: Firebase client configuration is missing
    at getFirebaseApp (/workspaces/matmetrics/src/lib/firebase-client.ts:41:11)
    at getFirebaseAuth (/workspaces/matmetrics/src/lib/firebase-client.ts:48:18)
    at getCurrentIdToken (/workspaces/matmetrics/src/lib/auth-session.ts:5:25)
    at getAuthHeaders (/workspaces/matmetrics/src/lib/auth-session.ts:16:23)
    at <anonymous> (/workspaces/matmetrics/src/lib/storage.ts:1317:29)
    at refreshSessionsFromAPI (/workspaces/matmetrics/src/lib/storage.ts:1362:3)
    at deleteSession (/workspaces/matmetrics/src/lib/storage.ts:957:12)
    at async TestContext.<anonymous> (/workspaces/matmetrics/src/lib/storage.test.ts:809:22)
    at async Test.run (node:internal/test_runner/test:1113:7)
    at async Test.processPendingSubtests (node:internal/test_runner/test:788:7)
Skipping cache refresh from /api/sessions/list due to non-OK status 500
✔ successful update clears dirty state even when immediate refresh fails (11.337241ms)
Error refreshing sessions from API TypeError: fetch failed
    at node:internal/deps/undici/undici:15845:13
    at process.processTicksAndRejections (node:internal/process/task_queues:103:5)
    at async <anonymous> (/workspaces/matmetrics/src/lib/storage.ts:1318:19) {
  [cause]: AggregateError [ECONNREFUSED]: 
      at internalConnectMultiple (node:net:1134:18)
      at afterConnectMultiple (node:net:1715:7) {
    code: 'ECONNREFUSED',
    [errors]: [ [Error], [Error] ]
  }
}
Failed to read Firebase ID token Error: Firebase client configuration is missing
    at getFirebaseApp (/workspaces/matmetrics/src/lib/firebase-client.ts:41:11)
    at getFirebaseAuth (/workspaces/matmetrics/src/lib/firebase-client.ts:48:18)
    at getCurrentIdToken (/workspaces/matmetrics/src/lib/auth-session.ts:5:25)
    at getAuthHeaders (/workspaces/matmetrics/src/lib/auth-session.ts:16:23)
    at <anonymous> (/workspaces/matmetrics/src/lib/storage.ts:1317:29)
    at refreshSessionsFromAPI (/workspaces/matmetrics/src/lib/storage.ts:1362:3)
    at getSessions (/workspaces/matmetrics/src/lib/storage.ts:743:12)
    at TestContext.<anonymous> (/workspaces/matmetrics/src/lib/storage.test.ts:813:24)
    at async Test.run (node:internal/test_runner/test:1113:7)
    at async Test.processPendingSubtests (node:internal/test_runner/test:788:7)
Failed to read Firebase ID token Error: Firebase client configuration is missing
    at getFirebaseApp (/workspaces/matmetrics/src/lib/firebase-client.ts:41:11)
    at getFirebaseAuth (/workspaces/matmetrics/src/lib/firebase-client.ts:48:18)
    at getCurrentIdToken (/workspaces/matmetrics/src/lib/auth-session.ts:5:25)
    at getAuthHeaders (/workspaces/matmetrics/src/lib/auth-session.ts:16:23)
    at <anonymous> (/workspaces/matmetrics/src/lib/storage.ts:1317:29)
    at refreshSessionsFromAPI (/workspaces/matmetrics/src/lib/storage.ts:1362:3)
    at getSessions (/workspaces/matmetrics/src/lib/storage.ts:743:12)
    at TestContext.<anonymous> (/workspaces/matmetrics/src/lib/storage.test.ts:818:9)
    at async Test.run (node:internal/test_runner/test:1113:7)
    at async Test.processPendingSubtests (node:internal/test_runner/test:788:7)
Failed to read Firebase ID token Error: Firebase client configuration is missing
    at getFirebaseApp (/workspaces/matmetrics/src/lib/firebase-client.ts:41:11)
    at getFirebaseAuth (/workspaces/matmetrics/src/lib/firebase-client.ts:48:18)
    at getCurrentIdToken (/workspaces/matmetrics/src/lib/auth-session.ts:5:25)
    at getAuthHeaders (/workspaces/matmetrics/src/lib/auth-session.ts:16:23)
    at <anonymous> (/workspaces/matmetrics/src/lib/storage.ts:1317:29)
    at refreshSessionsFromAPI (/workspaces/matmetrics/src/lib/storage.ts:1362:3)
    at getSessions (/workspaces/matmetrics/src/lib/storage.ts:743:12)
    at TestContext.<anonymous> (/workspaces/matmetrics/src/lib/storage.test.ts:858:7)
    at async Test.run (node:internal/test_runner/test:1113:7)
    at async Test.processPendingSubtests (node:internal/test_runner/test:788:7)
✔ successful delete clears dirty state even when immediate refresh fails (9.746642ms)
Error refreshing sessions from API TypeError: fetch failed
    at node:internal/deps/undici/undici:15845:13
    at process.processTicksAndRejections (node:internal/process/task_queues:103:5)
    at async <anonymous> (/workspaces/matmetrics/src/lib/storage.ts:1318:19) {
  [cause]: AggregateError [ECONNREFUSED]: 
      at internalConnectMultiple (node:net:1134:18)
      at afterConnectMultiple (node:net:1715:7) {
    code: 'ECONNREFUSED',
    [errors]: [ [Error], [Error] ]
  }
}
Failed to read Firebase ID token Error: Firebase client configuration is missing
    at getFirebaseApp (/workspaces/matmetrics/src/lib/firebase-client.ts:41:11)
    at getFirebaseAuth (/workspaces/matmetrics/src/lib/firebase-client.ts:48:18)
    at getCurrentIdToken (/workspaces/matmetrics/src/lib/auth-session.ts:5:25)
    at getAuthHeaders (/workspaces/matmetrics/src/lib/auth-session.ts:16:23)
    at <anonymous> (/workspaces/matmetrics/src/lib/storage.ts:1317:29)
    at refreshSessionsFromAPI (/workspaces/matmetrics/src/lib/storage.ts:1362:3)
    at getSessions (/workspaces/matmetrics/src/lib/storage.ts:743:12)
    at TestContext.<anonymous> (/workspaces/matmetrics/src/lib/storage.test.ts:861:24)
    at async Test.run (node:internal/test_runner/test:1113:7)
    at async Test.processPendingSubtests (node:internal/test_runner/test:788:7)
Failed to read Firebase ID token Error: Firebase client configuration is missing
    at getFirebaseApp (/workspaces/matmetrics/src/lib/firebase-client.ts:41:11)
    at getFirebaseAuth (/workspaces/matmetrics/src/lib/firebase-client.ts:48:18)
    at getCurrentIdToken (/workspaces/matmetrics/src/lib/auth-session.ts:5:25)
    at getAuthHeaders (/workspaces/matmetrics/src/lib/auth-session.ts:16:23)
    at <anonymous> (/workspaces/matmetrics/src/lib/storage.ts:1317:29)
    at refreshSessionsFromAPI (/workspaces/matmetrics/src/lib/storage.ts:1362:3)
    at getSessions (/workspaces/matmetrics/src/lib/storage.ts:743:12)
    at TestContext.<anonymous> (/workspaces/matmetrics/src/lib/storage.test.ts:902:7)
    at async Test.run (node:internal/test_runner/test:1113:7)
    at async Test.processPendingSubtests (node:internal/test_runner/test:788:7)
✔ guest create does not leak dirty mutation into later authenticated refresh merge (8.68613ms)
Error refreshing sessions from API TypeError: fetch failed
    at node:internal/deps/undici/undici:15845:13
    at process.processTicksAndRejections (node:internal/process/task_queues:103:5)
    at async <anonymous> (/workspaces/matmetrics/src/lib/storage.ts:1318:19) {
  [cause]: AggregateError [ECONNREFUSED]: 
      at internalConnectMultiple (node:net:1134:18)
      at afterConnectMultiple (node:net:1715:7) {
    code: 'ECONNREFUSED',
    [errors]: [ [Error], [Error] ]
  }
}
Failed to read Firebase ID token Error: Firebase client configuration is missing
    at getFirebaseApp (/workspaces/matmetrics/src/lib/firebase-client.ts:41:11)
    at getFirebaseAuth (/workspaces/matmetrics/src/lib/firebase-client.ts:48:18)
    at getCurrentIdToken (/workspaces/matmetrics/src/lib/auth-session.ts:5:25)
    at getAuthHeaders (/workspaces/matmetrics/src/lib/auth-session.ts:16:23)
    at <anonymous> (/workspaces/matmetrics/src/lib/storage.ts:1317:29)
    at refreshSessionsFromAPI (/workspaces/matmetrics/src/lib/storage.ts:1362:3)
    at getSessions (/workspaces/matmetrics/src/lib/storage.ts:743:12)
    at TestContext.<anonymous> (/workspaces/matmetrics/src/lib/storage.test.ts:905:20)
    at async Test.run (node:internal/test_runner/test:1113:7)
    at async Test.processPendingSubtests (node:internal/test_runner/test:788:7)
Failed to read Firebase ID token Error: Firebase client configuration is missing
    at getFirebaseApp (/workspaces/matmetrics/src/lib/firebase-client.ts:41:11)
    at getFirebaseAuth (/workspaces/matmetrics/src/lib/firebase-client.ts:48:18)
    at getCurrentIdToken (/workspaces/matmetrics/src/lib/auth-session.ts:5:25)
    at getAuthHeaders (/workspaces/matmetrics/src/lib/auth-session.ts:16:23)
    at <anonymous> (/workspaces/matmetrics/src/lib/storage.ts:1317:29)
    at refreshSessionsFromAPI (/workspaces/matmetrics/src/lib/storage.ts:1362:3)
    at getSessions (/workspaces/matmetrics/src/lib/storage.ts:743:12)
    at TestContext.<anonymous> (/workspaces/matmetrics/src/lib/storage.test.ts:945:7)
    at async Test.run (node:internal/test_runner/test:1113:7)
    at async Test.processPendingSubtests (node:internal/test_runner/test:788:7)
✔ guest update does not leak dirty mutation into later authenticated refresh merge (8.113446ms)
Error refreshing sessions from API TypeError: fetch failed
    at node:internal/deps/undici/undici:15845:13
    at process.processTicksAndRejections (node:internal/process/task_queues:103:5)
    at async <anonymous> (/workspaces/matmetrics/src/lib/storage.ts:1318:19) {
  [cause]: AggregateError [ECONNREFUSED]: 
      at internalConnectMultiple (node:net:1134:18)
      at afterConnectMultiple (node:net:1715:7) {
    code: 'ECONNREFUSED',
    [errors]: [ [Error], [Error] ]
  }
}
Failed to read Firebase ID token Error: Firebase client configuration is missing
    at getFirebaseApp (/workspaces/matmetrics/src/lib/firebase-client.ts:41:11)
    at getFirebaseAuth (/workspaces/matmetrics/src/lib/firebase-client.ts:48:18)
    at getCurrentIdToken (/workspaces/matmetrics/src/lib/auth-session.ts:5:25)
    at getAuthHeaders (/workspaces/matmetrics/src/lib/auth-session.ts:16:23)
    at <anonymous> (/workspaces/matmetrics/src/lib/storage.ts:1317:29)
    at refreshSessionsFromAPI (/workspaces/matmetrics/src/lib/storage.ts:1362:3)
    at getSessions (/workspaces/matmetrics/src/lib/storage.ts:743:12)
    at TestContext.<anonymous> (/workspaces/matmetrics/src/lib/storage.test.ts:949:9)
    at async Test.run (node:internal/test_runner/test:1113:7)
    at async Test.processPendingSubtests (node:internal/test_runner/test:788:7)
✔ guest delete does not leak dirty mutation into later authenticated refresh merge (12.363789ms)
Error refreshing sessions from API TypeError: fetch failed
    at node:internal/deps/undici/undici:15845:13
    at process.processTicksAndRejections (node:internal/process/task_queues:103:5)
    at async <anonymous> (/workspaces/matmetrics/src/lib/storage.ts:1318:19) {
  [cause]: AggregateError [ECONNREFUSED]: 
      at internalConnectMultiple (node:net:1134:18)
      at afterConnectMultiple (node:net:1715:7) {
    code: 'ECONNREFUSED',
    [errors]: [ [Error], [Error] ]
  }
}
Failed to read Firebase ID token Error: Firebase client configuration is missing
    at getFirebaseApp (/workspaces/matmetrics/src/lib/firebase-client.ts:41:11)
    at getFirebaseAuth (/workspaces/matmetrics/src/lib/firebase-client.ts:48:18)
    at getCurrentIdToken (/workspaces/matmetrics/src/lib/auth-session.ts:5:25)
    at getAuthHeaders (/workspaces/matmetrics/src/lib/auth-session.ts:16:23)
    at processSingleQueueOperation (/workspaces/matmetrics/src/lib/storage.ts:1547:27)
    at <anonymous> (/workspaces/matmetrics/src/lib/storage.ts:1639:30)
Failed to read Firebase ID token Error: Firebase client configuration is missing
    at getFirebaseApp (/workspaces/matmetrics/src/lib/firebase-client.ts:41:11)
    at getFirebaseAuth (/workspaces/matmetrics/src/lib/firebase-client.ts:48:18)
    at getCurrentIdToken (/workspaces/matmetrics/src/lib/auth-session.ts:5:25)
    at getAuthHeaders (/workspaces/matmetrics/src/lib/auth-session.ts:16:23)
    at <anonymous> (/workspaces/matmetrics/src/lib/storage.ts:1317:29)
    at refreshSessionsFromAPI (/workspaces/matmetrics/src/lib/storage.ts:1362:3)
    at <anonymous> (/workspaces/matmetrics/src/lib/storage.ts:1667:15)
Failed to read Firebase ID token Error: Firebase client configuration is missing
    at getFirebaseApp (/workspaces/matmetrics/src/lib/firebase-client.ts:41:11)
    at getFirebaseAuth (/workspaces/matmetrics/src/lib/firebase-client.ts:48:18)
    at getCurrentIdToken (/workspaces/matmetrics/src/lib/auth-session.ts:5:25)
    at getAuthHeaders (/workspaces/matmetrics/src/lib/auth-session.ts:16:23)
    at <anonymous> (/workspaces/matmetrics/src/lib/storage.ts:1317:29)
    at refreshSessionsFromAPI (/workspaces/matmetrics/src/lib/storage.ts:1362:3)
    at getSessions (/workspaces/matmetrics/src/lib/storage.ts:743:12)
    at TestContext.<anonymous> (/workspaces/matmetrics/src/lib/storage.test.ts:1007:24)
    at async Test.run (node:internal/test_runner/test:1113:7)
    at async Test.processPendingSubtests (node:internal/test_runner/test:788:7)
Failed to read Firebase ID token Error: Firebase client configuration is missing
    at getFirebaseApp (/workspaces/matmetrics/src/lib/firebase-client.ts:41:11)
    at getFirebaseAuth (/workspaces/matmetrics/src/lib/firebase-client.ts:48:18)
    at getCurrentIdToken (/workspaces/matmetrics/src/lib/auth-session.ts:5:25)
    at getAuthHeaders (/workspaces/matmetrics/src/lib/auth-session.ts:16:23)
    at saveSession (/workspaces/matmetrics/src/lib/storage.ts:805:29)
    at TestContext.<anonymous> (/workspaces/matmetrics/src/lib/storage.test.ts:1053:34)
    at Test.runInAsyncScope (node:async_hooks:214:14)
    at Test.run (node:internal/test_runner/test:1106:25)
    at Test.processPendingSubtests (node:internal/test_runner/test:788:18)
    at Test.postRun (node:internal/test_runner/test:1235:19)
Error syncing mutation SyncRequestError: Request failed with status 503
    at syncRequest (/workspaces/matmetrics/src/lib/storage.ts:644:9)
    at async saveSession (/workspaces/matmetrics/src/lib/storage.ts:808:7)
    at async TestContext.<anonymous> (/workspaces/matmetrics/src/lib/storage.test.ts:1053:28)
    at async Test.run (node:internal/test_runner/test:1113:7)
    at async Test.processPendingSubtests (node:internal/test_runner/test:788:7) {
  retryable: true,
  retryAfterMs: null
}
✔ offline non-guest mutations remain queued and keep optimistic state until replay succeeds (49.76893ms)
Error refreshing sessions from API TypeError: fetch failed
    at node:internal/deps/undici/undici:15845:13
    at process.processTicksAndRejections (node:internal/process/task_queues:103:5)
    at async <anonymous> (/workspaces/matmetrics/src/lib/storage.ts:1318:19) {
  [cause]: AggregateError [ECONNREFUSED]: 
      at internalConnectMultiple (node:net:1134:18)
      at afterConnectMultiple (node:net:1715:7) {
    code: 'ECONNREFUSED',
    [errors]: [ [Error], [Error] ]
  }
}
Failed to read Firebase ID token Error: Firebase client configuration is missing
    at getFirebaseApp (/workspaces/matmetrics/src/lib/firebase-client.ts:41:11)
    at getFirebaseAuth (/workspaces/matmetrics/src/lib/firebase-client.ts:48:18)
    at getCurrentIdToken (/workspaces/matmetrics/src/lib/auth-session.ts:5:25)
    at getAuthHeaders (/workspaces/matmetrics/src/lib/auth-session.ts:16:23)
    at <anonymous> (/workspaces/matmetrics/src/lib/storage.ts:1317:29)
    at refreshSessionsFromAPI (/workspaces/matmetrics/src/lib/storage.ts:1362:3)
    at getSessions (/workspaces/matmetrics/src/lib/storage.ts:743:12)
    at TestContext.<anonymous> (/workspaces/matmetrics/src/lib/storage.test.ts:1059:9)
    at async Test.run (node:internal/test_runner/test:1113:7)
    at async Test.processPendingSubtests (node:internal/test_runner/test:788:7)
Failed to read Firebase ID token Error: Firebase client configuration is missing
    at getFirebaseApp (/workspaces/matmetrics/src/lib/firebase-client.ts:41:11)
    at getFirebaseAuth (/workspaces/matmetrics/src/lib/firebase-client.ts:48:18)
    at getCurrentIdToken (/workspaces/matmetrics/src/lib/auth-session.ts:5:25)
    at getAuthHeaders (/workspaces/matmetrics/src/lib/auth-session.ts:16:23)
    at processSingleQueueOperation (/workspaces/matmetrics/src/lib/storage.ts:1547:27)
    at <anonymous> (/workspaces/matmetrics/src/lib/storage.ts:1639:30)
    at runNextTicks (node:internal/process/task_queues:64:5)
    at process.processTimers (node:internal/timers:538:9)
Failed to read Firebase ID token Error: Firebase client configuration is missing
    at getFirebaseApp (/workspaces/matmetrics/src/lib/firebase-client.ts:41:11)
    at getFirebaseAuth (/workspaces/matmetrics/src/lib/firebase-client.ts:48:18)
    at getCurrentIdToken (/workspaces/matmetrics/src/lib/auth-session.ts:5:25)
    at getAuthHeaders (/workspaces/matmetrics/src/lib/auth-session.ts:16:23)
    at <anonymous> (/workspaces/matmetrics/src/lib/storage.ts:1317:29)
    at refreshSessionsFromAPI (/workspaces/matmetrics/src/lib/storage.ts:1362:3)
    at <anonymous> (/workspaces/matmetrics/src/lib/storage.ts:1667:15)
Failed to read Firebase ID token Error: Firebase client configuration is missing
    at getFirebaseApp (/workspaces/matmetrics/src/lib/firebase-client.ts:41:11)
    at getFirebaseAuth (/workspaces/matmetrics/src/lib/firebase-client.ts:48:18)
    at getCurrentIdToken (/workspaces/matmetrics/src/lib/auth-session.ts:5:25)
    at getAuthHeaders (/workspaces/matmetrics/src/lib/auth-session.ts:16:23)
    at <anonymous> (/workspaces/matmetrics/src/lib/storage.ts:1317:29)
    at refreshSessionsFromAPI (/workspaces/matmetrics/src/lib/storage.ts:1362:3)
    at getSessions (/workspaces/matmetrics/src/lib/storage.ts:743:12)
    at TestContext.<anonymous> (/workspaces/matmetrics/src/lib/storage.test.ts:1068:24)
    at async Test.run (node:internal/test_runner/test:1113:7)
    at async Test.processPendingSubtests (node:internal/test_runner/test:788:7)
✔ retryable queued create remains visible until replay succeeds (47.037572ms)
Error refreshing sessions from API TypeError: fetch failed
    at node:internal/deps/undici/undici:15845:13
    at process.processTicksAndRejections (node:internal/process/task_queues:103:5)
    at async <anonymous> (/workspaces/matmetrics/src/lib/storage.ts:1318:19) {
  [cause]: AggregateError [ECONNREFUSED]: 
      at internalConnectMultiple (node:net:1134:18)
      at afterConnectMultiple (node:net:1715:7) {
    code: 'ECONNREFUSED',
    [errors]: [ [Error], [Error] ]
  }
}
✔ alive foreign lease is not reclaimed before expiry (131.902861ms)
sync_lease_takeover {
  event: 'sync_lease_takeover',
  at: '2026-05-20T22:27:53.258Z',
  reason: 'expired',
  attempt: 0,
  previousOwner: 'live-owner',
  previousEpoch: 5,
  previousExpiresAt: 1779316073094,
  nextEpoch: 1779316073258
}
✔ two contenders cannot steal a live lease before expiry (967.339113ms)
✔ sync lease prevents replay when another tab already owns the queue flush (33.920328ms)
sync_lease_takeover {
  event: 'sync_lease_takeover',
  at: '2026-05-20T22:27:53.306Z',
  reason: 'expired',
  attempt: 2,
  previousOwner: 'other-tab',
  previousEpoch: 1,
  previousExpiresAt: 1779316073297,
  nextEpoch: 1779316073306
}
✔ sync lease acquisition retries when competing lease expires during backoff (18.529568ms)
✔ sync lease owner can renew its own lease (8.840464ms)
✔ stale sync lease owner cannot renew after another owner acquires lease (29.028113ms)
Failed to read Firebase ID token Error: Firebase client configuration is missing
    at getFirebaseApp (/workspaces/matmetrics/src/lib/firebase-client.ts:41:11)
    at getFirebaseAuth (/workspaces/matmetrics/src/lib/firebase-client.ts:48:18)
    at getCurrentIdToken (/workspaces/matmetrics/src/lib/auth-session.ts:5:25)
    at getAuthHeaders (/workspaces/matmetrics/src/lib/auth-session.ts:16:23)
    at processSingleQueueOperation (/workspaces/matmetrics/src/lib/storage.ts:1547:27)
    at <anonymous> (/workspaces/matmetrics/src/lib/storage.ts:1639:30)
✔ sync loop exits when lease renewal fails mid-flight (42.814846ms)
Failed to read Firebase ID token Error: Firebase client configuration is missing
    at getFirebaseApp (/workspaces/matmetrics/src/lib/firebase-client.ts:41:11)
    at getFirebaseAuth (/workspaces/matmetrics/src/lib/firebase-client.ts:48:18)
    at getCurrentIdToken (/workspaces/matmetrics/src/lib/auth-session.ts:5:25)
    at getAuthHeaders (/workspaces/matmetrics/src/lib/auth-session.ts:16:23)
    at processSingleQueueOperation (/workspaces/matmetrics/src/lib/storage.ts:1547:27)
    at <anonymous> (/workspaces/matmetrics/src/lib/storage.ts:1639:30)
Failed to read Firebase ID token Error: Firebase client configuration is missing
    at getFirebaseApp (/workspaces/matmetrics/src/lib/firebase-client.ts:41:11)
    at getFirebaseAuth (/workspaces/matmetrics/src/lib/firebase-client.ts:48:18)
    at getCurrentIdToken (/workspaces/matmetrics/src/lib/auth-session.ts:5:25)
    at getAuthHeaders (/workspaces/matmetrics/src/lib/auth-session.ts:16:23)
    at <anonymous> (/workspaces/matmetrics/src/lib/storage.ts:1317:29)
    at refreshSessionsFromAPI (/workspaces/matmetrics/src/lib/storage.ts:1362:3)
    at <anonymous> (/workspaces/matmetrics/src/lib/storage.ts:1667:15)
✔ sync loop heartbeat cadence uses configured sync heartbeat value (31.363916ms)
Failed to read Firebase ID token Error: Firebase client configuration is missing
    at getFirebaseApp (/workspaces/matmetrics/src/lib/firebase-client.ts:41:11)
    at getFirebaseAuth (/workspaces/matmetrics/src/lib/firebase-client.ts:48:18)
    at getCurrentIdToken (/workspaces/matmetrics/src/lib/auth-session.ts:5:25)
    at getAuthHeaders (/workspaces/matmetrics/src/lib/auth-session.ts:16:23)
    at processSingleQueueOperation (/workspaces/matmetrics/src/lib/storage.ts:1547:27)
    at <anonymous> (/workspaces/matmetrics/src/lib/storage.ts:1639:30)
    at runNextTicks (node:internal/process/task_queues:64:5)
    at listOnTimeout (node:internal/timers:567:9)
    at process.processTimers (node:internal/timers:541:7)
Failed to read Firebase ID token Error: Firebase client configuration is missing
    at getFirebaseApp (/workspaces/matmetrics/src/lib/firebase-client.ts:41:11)
    at getFirebaseAuth (/workspaces/matmetrics/src/lib/firebase-client.ts:48:18)
    at getCurrentIdToken (/workspaces/matmetrics/src/lib/auth-session.ts:5:25)
    at getAuthHeaders (/workspaces/matmetrics/src/lib/auth-session.ts:16:23)
    at <anonymous> (/workspaces/matmetrics/src/lib/storage.ts:1317:29)
    at refreshSessionsFromAPI (/workspaces/matmetrics/src/lib/storage.ts:1362:3)
    at <anonymous> (/workspaces/matmetrics/src/lib/storage.ts:1667:15)
✔ sync loop heartbeat cadence is clamped by ttl safety bound (34.716479ms)
Failed to read Firebase ID token Error: Firebase client configuration is missing
    at getFirebaseApp (/workspaces/matmetrics/src/lib/firebase-client.ts:41:11)
    at getFirebaseAuth (/workspaces/matmetrics/src/lib/firebase-client.ts:48:18)
    at getCurrentIdToken (/workspaces/matmetrics/src/lib/auth-session.ts:5:25)
    at getAuthHeaders (/workspaces/matmetrics/src/lib/auth-session.ts:16:23)
    at processSingleQueueOperation (/workspaces/matmetrics/src/lib/storage.ts:1547:27)
    at <anonymous> (/workspaces/matmetrics/src/lib/storage.ts:1639:30)
✔ sync loop aborts safely when lease expires during a delayed sync request (1253.778843ms)
sync_lease_takeover {
  event: 'sync_lease_takeover',
  at: '2026-05-20T22:27:54.739Z',
  reason: 'expired',
  attempt: 1,
  previousOwner: 'other-tab',
  previousEpoch: 1,
  previousExpiresAt: 1779316074714,
  nextEpoch: 1779316074739
}
✔ compare-and-verify lease acquisition retries under interleaving writes (29.84186ms)
✔ fallback lease acquisition aborts ownership when storage event signals immediate overwrite (96.992226ms)
✔ clock drift edge: local clock skew cannot reclaim a still-live foreign lease (111.575341ms)
✔ simultaneous fallback contenders allow only one sync critical-section owner (87.265027ms)
Failed to read Firebase ID token Error: Firebase client configuration is missing
    at getFirebaseApp (/workspaces/matmetrics/src/lib/firebase-client.ts:41:11)
    at getFirebaseAuth (/workspaces/matmetrics/src/lib/firebase-client.ts:48:18)
    at getCurrentIdToken (/workspaces/matmetrics/src/lib/auth-session.ts:5:25)
    at getAuthHeaders (/workspaces/matmetrics/src/lib/auth-session.ts:16:23)
    at <anonymous> (/workspaces/matmetrics/src/lib/storage.ts:1317:29)
    at refreshSessionsFromAPI (/workspaces/matmetrics/src/lib/storage.ts:1362:3)
    at getSessions (/workspaces/matmetrics/src/lib/storage.ts:765:10)
    at TestContext.<anonymous> (/workspaces/matmetrics/src/lib/storage.test.ts:1842:7)
    at Test.runInAsyncScope (node:async_hooks:214:14)
    at Test.run (node:internal/test_runner/test:1106:25)
✔ only one contender acquires web lock when racing simultaneously (5.007502ms)
✔ clearAllData clears scoped sync queue and lock keys and emits storage sync event (12.77023ms)
Failed to read Firebase ID token Error: Firebase client configuration is missing
    at getFirebaseApp (/workspaces/matmetrics/src/lib/firebase-client.ts:41:11)
    at getFirebaseAuth (/workspaces/matmetrics/src/lib/firebase-client.ts:48:18)
    at getCurrentIdToken (/workspaces/matmetrics/src/lib/auth-session.ts:5:25)
    at getAuthHeaders (/workspaces/matmetrics/src/lib/auth-session.ts:16:23)
    at <anonymous> (/workspaces/matmetrics/src/lib/storage.ts:1317:29)
    at refreshSessionsFromAPI (/workspaces/matmetrics/src/lib/storage.ts:1362:3)
    at getSessions (/workspaces/matmetrics/src/lib/storage.ts:743:12)
    at TestContext.<anonymous> (/workspaces/matmetrics/src/lib/storage.test.ts:1856:24)
    at async Test.run (node:internal/test_runner/test:1113:7)
    at async Test.processPendingSubtests (node:internal/test_runner/test:788:7)
Failed to read Firebase ID token Error: Firebase client configuration is missing
    at getFirebaseApp (/workspaces/matmetrics/src/lib/firebase-client.ts:41:11)
    at getFirebaseAuth (/workspaces/matmetrics/src/lib/firebase-client.ts:48:18)
    at getCurrentIdToken (/workspaces/matmetrics/src/lib/auth-session.ts:5:25)
    at getAuthHeaders (/workspaces/matmetrics/src/lib/auth-session.ts:16:23)
    at saveSession (/workspaces/matmetrics/src/lib/storage.ts:805:29)
    at TestContext.<anonymous> (/workspaces/matmetrics/src/lib/storage.test.ts:1891:27)
    at Test.runInAsyncScope (node:async_hooks:214:14)
    at Test.run (node:internal/test_runner/test:1106:25)
    at Test.processPendingSubtests (node:internal/test_runner/test:788:18)
    at Test.postRun (node:internal/test_runner/test:1235:19)
✔ clearAllData prevents stale in-flight refresh from repopulating sessions (9.220158ms)
Failed to read Firebase ID token Error: Firebase client configuration is missing
    at getFirebaseApp (/workspaces/matmetrics/src/lib/firebase-client.ts:41:11)
    at getFirebaseAuth (/workspaces/matmetrics/src/lib/firebase-client.ts:48:18)
    at getCurrentIdToken (/workspaces/matmetrics/src/lib/auth-session.ts:5:25)
    at getAuthHeaders (/workspaces/matmetrics/src/lib/auth-session.ts:16:23)
    at <anonymous> (/workspaces/matmetrics/src/lib/storage.ts:1317:29)
    at refreshSessionsFromAPI (/workspaces/matmetrics/src/lib/storage.ts:1362:3)
    at saveSession (/workspaces/matmetrics/src/lib/storage.ts:826:12)
    at async TestContext.<anonymous> (/workspaces/matmetrics/src/lib/storage.test.ts:1900:7)
    at async Test.run (node:internal/test_runner/test:1113:7)
    at async Test.processPendingSubtests (node:internal/test_runner/test:788:7)
Error refreshing sessions from API TypeError: fetch failed
    at node:internal/deps/undici/undici:15845:13
    at process.processTicksAndRejections (node:internal/process/task_queues:103:5)
    at async <anonymous> (/workspaces/matmetrics/src/lib/storage.ts:1318:19) {
  [cause]: AggregateError [ECONNREFUSED]: 
      at internalConnectMultiple (node:net:1134:18)
      at afterConnectMultiple (node:net:1715:7) {
    code: 'ECONNREFUSED',
    [errors]: [ [Error], [Error] ]
  }
}
Failed to read Firebase ID token Error: Firebase client configuration is missing
    at getFirebaseApp (/workspaces/matmetrics/src/lib/firebase-client.ts:41:11)
    at getFirebaseAuth (/workspaces/matmetrics/src/lib/firebase-client.ts:48:18)
    at getCurrentIdToken (/workspaces/matmetrics/src/lib/auth-session.ts:5:25)
    at getAuthHeaders (/workspaces/matmetrics/src/lib/auth-session.ts:16:23)
    at <anonymous> (/workspaces/matmetrics/src/lib/storage.ts:1317:29)
    at refreshSessionsFromAPI (/workspaces/matmetrics/src/lib/storage.ts:1362:3)
    at getSessions (/workspaces/matmetrics/src/lib/storage.ts:743:12)
    at TestContext.<anonymous> (/workspaces/matmetrics/src/lib/storage.test.ts:1903:24)
    at async Test.run (node:internal/test_runner/test:1113:7)
    at async Test.processPendingSubtests (node:internal/test_runner/test:788:7)
✔ clearAllData prevents stale in-flight sync from restoring queue or sessions (12.305267ms)
✔ setGitHubSyncStatus persists via preferences and remains observable after reload/init (8.225067ms)
Error refreshing sessions from API TypeError: fetch failed
    at node:internal/deps/undici/undici:15845:13
    at process.processTicksAndRejections (node:internal/process/task_queues:103:5)
    at async <anonymous> (/workspaces/matmetrics/src/lib/storage.ts:1318:19) {
  [cause]: AggregateError [ECONNREFUSED]: 
      at internalConnectMultiple (node:net:1134:18)
      at afterConnectMultiple (node:net:1715:7) {
    code: 'ECONNREFUSED',
    [errors]: [ [Error], [Error] ]
  }
}
✔ setGitHubSyncStatus warns and no-ops when no authenticated user is available (3.473008ms)
▶ sync-lease module
  ▶ randomBackoffMs
    ✔ returns a value within expected range (2.842259ms)
    ✔ maps injected random values to deterministic boundaries (0.283648ms)
  ✔ randomBackoffMs (4.107188ms)
  ▶ randomVerifyDelayMs
    ✔ returns a value within expected range (0.355307ms)
  ✔ randomVerifyDelayMs (0.669058ms)
  ▶ createSyncLeaseNonce
    ✔ creates unique nonces (1.281853ms)
    ✔ creates strings (0.360013ms)
  ✔ createSyncLeaseNonce (2.437283ms)
  ▶ getNextSyncLeaseEpoch
    ✔ returns increasing epochs (0.429307ms)
    ✔ ensures epoch is not less than current timestamp (0.242272ms)
  ✔ getNextSyncLeaseEpoch (1.373728ms)
  ▶ readSyncLease
    ✔ returns null when no lease exists (0.245474ms)
    ✔ parses a valid lease from localStorage (1.023864ms)
  ✔ readSyncLease (2.439915ms)
  ▶ releaseSyncLease
    ✔ does not remove persisted lease when local active lease is stale (0.592324ms)
  ✔ releaseSyncLease (0.817309ms)
  ▶ tryAcquireSyncLease
    ✔ forces reclaim after stable observations of a live competing lease (2.056781ms)
    ✔ backs off without reclaiming while competing lease keeps changing (0.656962ms)
  ✔ tryAcquireSyncLease (3.073597ms)
✔ sync-lease module (16.487398ms)
✔ queueOperation timestamps operations and preserves insertion order (36.102986ms)
✔ queueOperation uses persisted last queuedAt to recover from stale in-memory state (5.396771ms)
✔ queueOperation remains strictly monotonic across interleaved two-tab writes (14.195431ms)
✔ setQueue preserves a newer concurrent operation with the same identity (4.847247ms)
✔ clearQueue keeps a newer concurrent operation instead of deleting it (4.110181ms)
✔ setQueue retains concurrent operations that share queuedAt with stale base snapshots (4.700208ms)
✔ concurrent create and update with identical queuedAt coalesce deterministically (4.909421ms)
✔ setQueue deterministically keeps one equal-timestamp concurrent update for the same identity (3.869127ms)
✔ clearQueue removes the persisted storage key when there is no concurrent work (1.868307ms)
✔ clearQueue keeps concurrent operations when queuedAt matches stale base snapshot (6.386724ms)
✔ malformed JSON is quarantined and cleared on first read (2.022645ms)
✔ subsequent reads after malformed JSON return stable empty queue without repeated parse warnings (0.366525ms)
✔ storage lease heartbeat renews during long-running critical section (62.39846ms)
✔ lease expires and competing tab can re-acquire while original action is still running (52.983518ms)
✔ stale owner commit is prevented after lease expiry and competing re-acquire (1.131668ms)
✔ identity-based removal succeeds under concurrent writes where index-based removal fails (12.926684ms)
✔ coalesces create then update into create with latest payload (2.871213ms)
✔ coalesces create then delete into no-op (2.788896ms)
✔ coalesces update then delete into delete (1.883936ms)
✔ coalesces delete then create into recreate create (2.817025ms)
✔ coalesces delete then create then update into create with latest payload (2.810522ms)
✔ coalesces delete then update into create to avoid missing-record updates (4.787404ms)
✔ getQueue keeps valid operations when persisted array has corrupt entries (0.303901ms)
✔ getQueue clears storage and warns when all persisted entries are invalid (0.282945ms)
✔ concurrent queueOperation calls do not drop operations across identities (35.07736ms)
✔ concurrent mixed mutators retain union of writes under lease (33.342161ms)
✔ rename returns a case conflict when target casing already exists (22.845299ms)
✔ rename to existing tag returns a conflict instead of mutating sessions (0.661184ms)
✔ merge into same tag returns conflict and performs no updates (0.51966ms)
✔ delete nonexistent tag returns conflict and supports dry-run (0.467149ms)
✔ analysis APIs return accurate impact details for representative datasets (4.236789ms)
✔ rename stops on first failed session update and reports failed ids (4.088732ms)
✔ plugin severity tones map to semantic utility classes (3.805637ms)
✔ plugin maturity tiers map to semantic trend classes (0.241541ms)
✔ dashboard category bars resolve to chart palette token order (0.232872ms)
✔ video library defaults include technical expected category (3.20274ms)
✔ normalizeExpectedVideoCategories keeps valid categories in canonical order (0.427441ms)
✔ normalizeExpectedVideoCategories falls back to default when invalid or empty (0.212718ms)
✔ date-only helpers preserve calendar semantics without timezone drift (17.052793ms)
✔ formatLocalDateInputValue uses local calendar components (0.253902ms)
✔ formatLocalDateInputValue zero-pads single-digit month/day values (0.187622ms)
✔ formatLocalDateInputValue stays stable near midnight local boundaries (0.190407ms)
✔ formatLocalDateInputValue remains stable across timezone-offset transition days (3.121091ms)
✔ parseDateOnly returns an invalid date object for malformed input (0.166592ms)
✔ normalizeVideoDomainInput accepts bare hostnames only (4.437421ms)
✔ getAllowedVideoDomains merges starter and custom domains (1.131501ms)
✔ matchesAllowedVideoDomain supports exact and subdomain suffix matches (0.204578ms)
✔ deriveVideoLibraryEntries classifies missing, allowed, and disallowed domains (1.227438ms)
✔ deriveVideoLibraryEntries and API hostname policy classify hosts identically (3.148261ms)
✔ reconcileVideoLinkChecks drops stale entries when session URL changes or becomes invalid (0.449565ms)
✔ reconcileVideoLinkChecks invalidates disallowed-domain snapshots when custom allowlist changes (0.267124ms)
✔ deriveVideoLibraryRows merges persisted latest checks and review state (3.479208ms)
✔ resolveVideoThumbnailUrl parses youtube URLs deterministically (0.273046ms)
✔ rows keep unknown providers as valid items and use thumbnail fallback (0.341466ms)
✔ filterVideoLibraryRows respects tab, search, status, and checked filters (3.491326ms)
✔ getVideoLibraryTabCounts returns grouped counts (0.497697ms)
✔ no-video tab/count only include categories marked as expected (0.295164ms)
✔ getVideoDomainRemovalImpact counts sessions that would become disallowed (1.167631ms)
✔ mergeVideoLinkCheckResults and equality helper support persisted updates (0.344106ms)
✔ discovered dashboard tabs route is force-dynamic and no-store (31.653295ms)
✔ discovered dashboard tabs route reflects enabled overrides (15.277791ms)
✔ GET /api/plugins/list returns manifests and contract payload (43.395235ms)
✔ GET /api/plugins/list surfaces plugin contract gate violations (12.632062ms)
✔ GET /api/plugins/list treats packaged artifact-unavailable contract checks as non-blocking (14.003761ms)
✔ POST /api/plugins/toggle persists enabled override without mutating plugin.json (24.846892ms)
✔ plugin create/update routes are deprecated and return disabled responses (5.157286ms)
✔ GET /api/plugins/list returns current maturity scores for bundled plugins (100.257508ms)
✔ POST /api/plugins/validate returns contract gate violations (19.421167ms)
Error processing plugin "tags" in /api/plugins/list: Simulated plugin contract gate failure
✔ GET /api/plugins/list continues when one plugin contract gate throws (20.660835ms)
Error processing plugin "tags" in /api/plugins/validate: Simulated plugin contract gate failure
✔ POST /api/plugins/validate continues when one plugin contract gate throws (14.020132ms)
✔ deprecated create/update routes do not mutate plugin manifests (6.529828ms)
✔ GET recent releases returns the latest three releases and current version (20.302632ms)
✔ POST persists the session to local markdown storage when GitHub is not configured (47.826819ms)
✔ POST returns 500 when GitHub create fails in primary mode (8.445281ms)
✔ POST uses stored GitHub config when body omits gitHubConfig (1.903436ms)
✔ POST returns 403 when request GitHub repo does not match user preferences (3.396371ms)
✔ POST returns 409 for duplicate session ID conflicts with different content (24.872688ms)
▶ POST returns 400 when request JSON is not an object
  ✔ null (0.762896ms)
  ✔ string (1.409955ms)
  ✔ number (0.823108ms)
✔ POST returns 400 when request JSON is not an object (3.754457ms)
▶ POST returns 400 for invalid session payload fields
  ✔ id number (0.851968ms)
  ✔ id object (0.495522ms)
  ✔ id empty string (0.495862ms)
  ✔ id with invalid characters (0.441062ms)
  ✔ id exceeds max length (0.628445ms)
  ✔ techniques element type (0.654926ms)
  ✔ date string (0.478645ms)
  ✔ duration type (0.518418ms)
  ✔ effort integer (0.569459ms)
  ✔ description type (0.800169ms)
  ✔ videoUrl type (0.548091ms)
  ✔ videoUrl invalid url (0.452795ms)
  ✔ videoUrl unsupported protocol (0.796865ms)
  ✔ videoUrl private network host (0.779557ms)
  ✔ videoUrl blocks loopback alias 127.0.0.2 (0.679402ms)
  ✔ videoUrl blocks ipv6 loopback ::1 (0.823166ms)
  ✔ videoUrl blocks mapped ipv4 loopback (0.944509ms)
  ✔ videoUrl blocks ipv4 link-local range (0.616023ms)
✔ POST returns 400 for invalid session payload fields (13.516981ms)
✔ POST treats empty string videoUrl as undefined (28.632633ms)
✔ POST treats whitespace-only videoUrl as undefined (7.441646ms)
✔ POST accepts valid videoUrl and includes it in created session (21.798865ms)
✔ POST returns 401 when authorization header is missing (0.569972ms)
✔ GET returns 404 when session does not exist (38.163515ms)
✔ GET returns the local markdown session when present (40.420229ms)
✔ GET returns local session videoUrl when present (11.52275ms)
✔ PUT updates local markdown storage when GitHub is not configured (19.228855ms)
✔ PUT updates local markdown storage when body omits id (23.084604ms)
✔ PUT returns 409 when local storage has duplicate files for the same session ID (16.172899ms)
✔ PUT returns 500 when GitHub update fails in primary mode (2.57029ms)
✔ PUT uses stored GitHub config when body omits gitHubConfig (1.148614ms)
✔ DELETE removes the local markdown session when GitHub is not configured (42.208188ms)
✔ DELETE returns 409 when local storage has duplicate files for the same session ID (31.251202ms)
✔ DELETE proxies Go validation error when id is empty after trim (2.331102ms)
✔ DELETE returns 500 when GitHub delete fails in primary mode (3.141052ms)
✔ DELETE uses stored GitHub config when body omits gitHubConfig (0.801632ms)
✔ DELETE returns 400 when request body contains malformed JSON (2.897454ms)
✔ GET returns 403 when query repo does not match user preferences (0.601216ms)
✔ PUT returns 403 when body repo does not match user preferences (0.682422ms)
✔ DELETE returns 403 when body repo does not match user preferences (2.674761ms)
▶ PUT returns 400 when request body is not a JSON object
  ✔ null (0.488845ms)
  ✔ string primitive (0.421832ms)
  ✔ number primitive (2.200809ms)
  ✔ boolean primitive (3.200572ms)
  ✔ array (0.503599ms)
✔ PUT returns 400 when request body is not a JSON object (7.545195ms)
▶ PUT returns 400 for invalid session payload fields
  ✔ missing techniques field (0.647601ms)
  ✔ id mismatch (0.449249ms)
  ✔ techniques element type (4.296522ms)
  ✔ date string (3.127119ms)
  ✔ duration type (0.59129ms)
  ✔ effort integer (3.586697ms)
  ✔ notes type (0.910673ms)
  ✔ videoUrl type (5.392681ms)
  ✔ videoUrl invalid url (0.574435ms)
  ✔ videoUrl unsupported protocol (0.450148ms)
  ✔ videoUrl private network host (0.569673ms)
  ✔ videoUrl blocks loopback alias 127.0.0.2 (1.645044ms)
  ✔ videoUrl blocks ipv6 loopback ::1 (0.790032ms)
  ✔ videoUrl blocks mapped ipv4 loopback (2.461434ms)
  ✔ videoUrl blocks ipv4 link-local range (0.492258ms)
✔ PUT returns 400 for invalid session payload fields (29.806578ms)
✔ PUT treats empty string videoUrl as undefined (117.814433ms)
✔ PUT treats whitespace-only videoUrl as undefined (25.535914ms)
✔ PUT accepts valid videoUrl and includes it in updated session (19.968429ms)
✔ GET list returns local sessions when no GitHub config is requested (69.309786ms)
✔ GET list returns 403 when requested repo does not match user preferences (1.481355ms)
✔ POST requires authentication (10.641728ms)
✔ POST reports disallowed domains without making outbound requests (52.833995ms)
✔ POST falls back to GET when HEAD is rejected (12.96032ms)
✔ POST classifies remote failures as check_failed (46.937017ms)
✔ POST blocks redirect from allowed domain to private network host (10.147174ms)
✔ POST returns row-friendly per-session payloads for mixed result sets (30.737067ms)
✔ POST limits processed sessions and includes truncation metadata when sessionIds are omitted (499.503318ms)
✔ POST checks links with bounded concurrency (301.231271ms)
✔ queueOperation timestamps operations and preserves insertion order (29.4999ms)
✔ queueOperation uses persisted last queuedAt to recover from stale in-memory state (9.114699ms)
✔ queueOperation remains strictly monotonic across interleaved two-tab writes (14.382835ms)
✔ setQueue preserves a newer concurrent operation with the same identity (4.064678ms)
✔ clearQueue keeps a newer concurrent operation instead of deleting it (6.805797ms)
✔ setQueue retains concurrent operations that share queuedAt with stale base snapshots (2.989546ms)
✔ concurrent create and update with identical queuedAt coalesce deterministically (4.169027ms)
✔ setQueue deterministically keeps one equal-timestamp concurrent update for the same identity (5.48338ms)
✔ clearQueue removes the persisted storage key when there is no concurrent work (4.770268ms)
✔ clearQueue keeps concurrent operations when queuedAt matches stale base snapshot (4.966242ms)
✔ malformed JSON is quarantined and cleared on first read (0.538684ms)
✔ subsequent reads after malformed JSON return stable empty queue without repeated parse warnings (0.552005ms)
✔ storage lease heartbeat renews during long-running critical section (60.596786ms)
✔ lease expires and competing tab can re-acquire while original action is still running (55.879555ms)
✔ stale owner commit is prevented after lease expiry and competing re-acquire (2.848566ms)
✔ identity-based removal succeeds under concurrent writes where index-based removal fails (11.616797ms)
✔ coalesces create then update into create with latest payload (6.665886ms)
✔ coalesces create then delete into no-op (4.539629ms)
✔ coalesces update then delete into delete (5.951676ms)
✔ coalesces delete then create into recreate create (3.236701ms)
✔ coalesces delete then create then update into create with latest payload (2.514839ms)
✔ coalesces delete then update into create to avoid missing-record updates (7.798696ms)
✔ getQueue keeps valid operations when persisted array has corrupt entries (0.336403ms)
✔ getQueue clears storage and warns when all persisted entries are invalid (0.304174ms)
✔ concurrent queueOperation calls do not drop operations across identities (31.611744ms)
✔ concurrent mixed mutators retain union of writes under lease (21.67396ms)
ℹ tests 672
ℹ suites 14
ℹ pass 672
ℹ fail 0
ℹ cancelled 0
ℹ skipped 0
ℹ todo 0
ℹ duration_ms 85332.737568
